[0.017s] Invoking command in '/home/ale/Proyecto_CPR/rosbot_ws/build/open_manipulator_x_joy': CMAKE_PREFIX_PATH=${CMAKE_PREFIX_PATH}:/home/ale/Proyecto_CPR/rosbot_ws/install/rosbot_gazebo:/home/ale/Proyecto_CPR/rosbot_ws/install/rosbot_controller:/home/ale/Proyecto_CPR/rosbot_ws/install/rosbot_utils:/opt/ros/humble /usr/bin/cmake /home/ale/Proyecto_CPR/rosbot_ws/src/open_manipulator_x/open_manipulator_x_joy -DCMAKE_BUILD_TYPE=Release -DAMENT_CMAKE_SYMLINK_INSTALL=1 -DCMAKE_INSTALL_PREFIX=/home/ale/Proyecto_CPR/rosbot_ws/install/open_manipulator_x_joy
[0.201s] -- The C compiler identification is GNU 11.4.0
[0.201s] -- The CXX compiler identification is GNU 11.4.0
[0.202s] -- Detecting C compiler ABI info
[0.202s] -- Detecting C compiler ABI info - done
[0.202s] -- Check for working C compiler: /usr/bin/cc - skipped
[0.202s] -- Detecting C compile features
[0.202s] -- Detecting C compile features - done
[0.202s] -- Detecting CXX compiler ABI info
[0.204s] -- Detecting CXX compiler ABI info - done
[0.207s] -- Check for working CXX compiler: /usr/bin/c++ - skipped
[0.208s] -- Detecting CXX compile features
[0.208s] -- Detecting CXX compile features - done
[0.210s] -- Found ament_cmake: 1.3.12 (/opt/ros/humble/share/ament_cmake/cmake)
[0.327s] -- Found Python3: /usr/bin/python3 (found version "3.10.12") found components: Interpreter 
[0.378s] -- Override CMake install command with custom implementation using symlinks instead of copying resources
[0.405s] -- Found control_msgs: 4.8.0 (/opt/ros/humble/share/control_msgs/cmake)
[0.437s] -- Found rosidl_generator_c: 3.1.7 (/opt/ros/humble/share/rosidl_generator_c/cmake)
[0.441s] -- Found rosidl_adapter: 3.1.7 (/opt/ros/humble/share/rosidl_adapter/cmake)
[0.448s] -- Found rosidl_generator_cpp: 3.1.7 (/opt/ros/humble/share/rosidl_generator_cpp/cmake)
[0.458s] -- Using all available rosidl_typesupport_c: rosidl_typesupport_fastrtps_c;rosidl_typesupport_introspection_c
[0.471s] -- Using all available rosidl_typesupport_cpp: rosidl_typesupport_fastrtps_cpp;rosidl_typesupport_introspection_cpp
[0.569s] -- Found rclcpp: 16.0.15 (/opt/ros/humble/share/rclcpp/cmake)
[0.601s] -- Found rmw_implementation_cmake: 6.1.2 (/opt/ros/humble/share/rmw_implementation_cmake/cmake)
[0.603s] -- Found rmw_fastrtps_cpp: 6.2.9 (/opt/ros/humble/share/rmw_fastrtps_cpp/cmake)
[0.683s] -- Found OpenSSL: /usr/lib/x86_64-linux-gnu/libcrypto.so (found version "3.0.2")  
[0.708s] -- Found FastRTPS: /opt/ros/humble/include  
[0.748s] -- Using RMW implementation 'rmw_fastrtps_cpp' as default
[0.756s] -- Looking for pthread.h
[0.809s] -- Looking for pthread.h - found
[0.809s] -- Performing Test CMAKE_HAVE_LIBC_PTHREAD
[0.866s] -- Performing Test CMAKE_HAVE_LIBC_PTHREAD - Success
[0.867s] -- Found Threads: TRUE  
[0.900s] -- Found moveit_msgs: 2.2.1 (/opt/ros/humble/share/moveit_msgs/cmake)
[0.964s] -- Found moveit_ros_planning: 2.5.9 (/opt/ros/humble/share/moveit_ros_planning/cmake)
[0.988s] -- Found Boost: /usr/lib/x86_64-linux-gnu/cmake/Boost-1.74.0/BoostConfig.cmake (found version "1.74.0") found components: system filesystem date_time program_options thread chrono 
[1.099s] -- Found Boost: /usr/lib/x86_64-linux-gnu/cmake/Boost-1.74.0/BoostConfig.cmake (found version "1.74.0") found components: chrono date_time filesystem iostreams program_options regex serialization system thread 
[1.131s] -- Found parameter_traits: 0.5.0 (/opt/ros/humble/share/parameter_traits/cmake)
[1.142s] -- Found rclcpp_lifecycle: 16.0.15 (/opt/ros/humble/share/rclcpp_lifecycle/cmake)
[1.163s] -- Found Boost: /usr/lib/x86_64-linux-gnu/cmake/Boost-1.74.0/BoostConfig.cmake (found version "1.74.0") found components: filesystem 
[1.236s] -- library: /usr/lib/x86_64-linux-gnu/libcurl.so
[1.264s] -- Found Eigen3: TRUE (found version "3.4.0") 
[1.264s] -- Ensuring Eigen3 include directory is part of orocos-kdl CMake target
[1.303s] -- Found moveit_ros_planning_interface: 2.5.9 (/opt/ros/humble/share/moveit_ros_planning_interface/cmake)
[1.307s] -- Found Boost: /usr/lib/x86_64-linux-gnu/cmake/Boost-1.74.0/BoostConfig.cmake (found version "1.74.0") found components: date_time filesystem program_options system thread 
[1.320s] -- Found Boost: /usr/lib/x86_64-linux-gnu/cmake/Boost-1.74.0/BoostConfig.cmake (found version "1.74.0") found components: thread system filesystem regex date_time program_options 
[1.340s] -- Found Boost: /usr/lib/x86_64-linux-gnu/cmake/Boost-1.74.0/BoostConfig.cmake (found version "1.74.0") found components: system filesystem date_time program_options thread 
[1.364s] -- Found moveit_servo: 2.5.9 (/opt/ros/humble/share/moveit_servo/cmake)
[1.460s] -- Configuring done
[1.482s] -- Generating done
[1.488s] -- Build files have been written to: /home/ale/Proyecto_CPR/rosbot_ws/build/open_manipulator_x_joy
[1.498s] Invoked command in '/home/ale/Proyecto_CPR/rosbot_ws/build/open_manipulator_x_joy' returned '0': CMAKE_PREFIX_PATH=${CMAKE_PREFIX_PATH}:/home/ale/Proyecto_CPR/rosbot_ws/install/rosbot_gazebo:/home/ale/Proyecto_CPR/rosbot_ws/install/rosbot_controller:/home/ale/Proyecto_CPR/rosbot_ws/install/rosbot_utils:/opt/ros/humble /usr/bin/cmake /home/ale/Proyecto_CPR/rosbot_ws/src/open_manipulator_x/open_manipulator_x_joy -DCMAKE_BUILD_TYPE=Release -DAMENT_CMAKE_SYMLINK_INSTALL=1 -DCMAKE_INSTALL_PREFIX=/home/ale/Proyecto_CPR/rosbot_ws/install/open_manipulator_x_joy
[1.500s] Invoking command in '/home/ale/Proyecto_CPR/rosbot_ws/build/open_manipulator_x_joy': CMAKE_PREFIX_PATH=${CMAKE_PREFIX_PATH}:/home/ale/Proyecto_CPR/rosbot_ws/install/rosbot_gazebo:/home/ale/Proyecto_CPR/rosbot_ws/install/rosbot_controller:/home/ale/Proyecto_CPR/rosbot_ws/install/rosbot_utils:/opt/ros/humble /usr/bin/cmake --build /home/ale/Proyecto_CPR/rosbot_ws/build/open_manipulator_x_joy -- -j16 -l16
[1.548s] [ 25%] [32mBuilding CXX object CMakeFiles/joy_servo.dir/src/manipulation_controller.cpp.o[0m
[1.549s] [ 50%] [32mBuilding CXX object CMakeFiles/joy_servo.dir/src/joy_servo_node.cpp.o[0m
[1.549s] [ 75%] [32mBuilding CXX object CMakeFiles/joy_servo.dir/src/joy_control.cpp.o[0m
[13.084s] [100%] [32m[1mLinking CXX executable joy_servo[0m
[13.395s] [100%] Built target joy_servo
[13.406s] Invoked command in '/home/ale/Proyecto_CPR/rosbot_ws/build/open_manipulator_x_joy' returned '0': CMAKE_PREFIX_PATH=${CMAKE_PREFIX_PATH}:/home/ale/Proyecto_CPR/rosbot_ws/install/rosbot_gazebo:/home/ale/Proyecto_CPR/rosbot_ws/install/rosbot_controller:/home/ale/Proyecto_CPR/rosbot_ws/install/rosbot_utils:/opt/ros/humble /usr/bin/cmake --build /home/ale/Proyecto_CPR/rosbot_ws/build/open_manipulator_x_joy -- -j16 -l16
[13.408s] Invoking command in '/home/ale/Proyecto_CPR/rosbot_ws/build/open_manipulator_x_joy': CMAKE_PREFIX_PATH=${CMAKE_PREFIX_PATH}:/home/ale/Proyecto_CPR/rosbot_ws/install/rosbot_gazebo:/home/ale/Proyecto_CPR/rosbot_ws/install/rosbot_controller:/home/ale/Proyecto_CPR/rosbot_ws/install/rosbot_utils:/opt/ros/humble /usr/bin/cmake --install /home/ale/Proyecto_CPR/rosbot_ws/build/open_manipulator_x_joy
[13.415s] -- Install configuration: "Release"
[13.415s] -- Execute custom install script
[13.416s] -- Symlinking: /home/ale/Proyecto_CPR/rosbot_ws/install/open_manipulator_x_joy/share/open_manipulator_x_joy/config/joy_servo.yaml
[13.422s] -- Symlinking: /home/ale/Proyecto_CPR/rosbot_ws/install/open_manipulator_x_joy/share/open_manipulator_x_joy/config/servo.yaml
[13.430s] -- Symlinking: /home/ale/Proyecto_CPR/rosbot_ws/install/open_manipulator_x_joy/include/include/open_manipulator_x_joy/joy2servo.hpp
[13.438s] -- Symlinking: /home/ale/Proyecto_CPR/rosbot_ws/install/open_manipulator_x_joy/include/include/open_manipulator_x_joy/joy_control.hpp
[13.445s] -- Symlinking: /home/ale/Proyecto_CPR/rosbot_ws/install/open_manipulator_x_joy/include/include/open_manipulator_x_joy/joy_servo_node.hpp
[13.454s] -- Symlinking: /home/ale/Proyecto_CPR/rosbot_ws/install/open_manipulator_x_joy/include/include/open_manipulator_x_joy/manipulation_controller.hpp
[13.462s] -- Symlinking: /home/ale/Proyecto_CPR/rosbot_ws/install/open_manipulator_x_joy/lib/open_manipulator_x_joy/joy_servo
[13.470s] -- Symlinking: /home/ale/Proyecto_CPR/rosbot_ws/install/open_manipulator_x_joy/share/ament_index/resource_index/package_run_dependencies/open_manipulator_x_joy
[13.478s] -- Symlinking: /home/ale/Proyecto_CPR/rosbot_ws/install/open_manipulator_x_joy/share/ament_index/resource_index/parent_prefix_path/open_manipulator_x_joy
[13.486s] -- Symlinking: /home/ale/Proyecto_CPR/rosbot_ws/install/open_manipulator_x_joy/share/open_manipulator_x_joy/environment/ament_prefix_path.sh
[13.494s] -- Symlinking: /home/ale/Proyecto_CPR/rosbot_ws/install/open_manipulator_x_joy/share/open_manipulator_x_joy/environment/ament_prefix_path.dsv
[13.502s] -- Symlinking: /home/ale/Proyecto_CPR/rosbot_ws/install/open_manipulator_x_joy/share/open_manipulator_x_joy/environment/path.sh
[13.509s] -- Symlinking: /home/ale/Proyecto_CPR/rosbot_ws/install/open_manipulator_x_joy/share/open_manipulator_x_joy/environment/path.dsv
[13.516s] -- Symlinking: /home/ale/Proyecto_CPR/rosbot_ws/install/open_manipulator_x_joy/share/open_manipulator_x_joy/local_setup.bash
[13.522s] -- Symlinking: /home/ale/Proyecto_CPR/rosbot_ws/install/open_manipulator_x_joy/share/open_manipulator_x_joy/local_setup.sh
[13.528s] -- Symlinking: /home/ale/Proyecto_CPR/rosbot_ws/install/open_manipulator_x_joy/share/open_manipulator_x_joy/local_setup.zsh
[13.534s] -- Symlinking: /home/ale/Proyecto_CPR/rosbot_ws/install/open_manipulator_x_joy/share/open_manipulator_x_joy/local_setup.dsv
[13.541s] -- Symlinking: /home/ale/Proyecto_CPR/rosbot_ws/install/open_manipulator_x_joy/share/open_manipulator_x_joy/package.dsv
[13.548s] -- Symlinking: /home/ale/Proyecto_CPR/rosbot_ws/install/open_manipulator_x_joy/share/ament_index/resource_index/packages/open_manipulator_x_joy
[13.556s] -- Symlinking: /home/ale/Proyecto_CPR/rosbot_ws/install/open_manipulator_x_joy/share/open_manipulator_x_joy/cmake/open_manipulator_x_joyConfig.cmake
[13.562s] -- Symlinking: /home/ale/Proyecto_CPR/rosbot_ws/install/open_manipulator_x_joy/share/open_manipulator_x_joy/cmake/open_manipulator_x_joyConfig-version.cmake
[13.568s] -- Symlinking: /home/ale/Proyecto_CPR/rosbot_ws/install/open_manipulator_x_joy/share/open_manipulator_x_joy/package.xml
[13.577s] Invoked command in '/home/ale/Proyecto_CPR/rosbot_ws/build/open_manipulator_x_joy' returned '0': CMAKE_PREFIX_PATH=${CMAKE_PREFIX_PATH}:/home/ale/Proyecto_CPR/rosbot_ws/install/rosbot_gazebo:/home/ale/Proyecto_CPR/rosbot_ws/install/rosbot_controller:/home/ale/Proyecto_CPR/rosbot_ws/install/rosbot_utils:/opt/ros/humble /usr/bin/cmake --install /home/ale/Proyecto_CPR/rosbot_ws/build/open_manipulator_x_joy
