[0.226s] Invoking command in '/home/ale/Proyecto_CPR/rosbot_ws/build/rosbot_localization': CMAKE_PREFIX_PATH=${CMAKE_PREFIX_PATH}:/home/ale/Proyecto_CPR/rosbot_ws/install/rosbot_gazebo:/home/ale/Proyecto_CPR/rosbot_ws/install/rosbot_controller:/home/ale/Proyecto_CPR/rosbot_ws/install/rosbot_utils:/home/ale/Proyecto_CPR/rosbot_ws/install/rosbot_bringup:/opt/ros/humble /usr/bin/cmake --build /home/ale/Proyecto_CPR/rosbot_ws/build/rosbot_localization -- -j16 -l16
[0.434s] Invoked command in '/home/ale/Proyecto_CPR/rosbot_ws/build/rosbot_localization' returned '0': CMAKE_PREFIX_PATH=${CMAKE_PREFIX_PATH}:/home/ale/Proyecto_CPR/rosbot_ws/install/rosbot_gazebo:/home/ale/Proyecto_CPR/rosbot_ws/install/rosbot_controller:/home/ale/Proyecto_CPR/rosbot_ws/install/rosbot_utils:/home/ale/Proyecto_CPR/rosbot_ws/install/rosbot_bringup:/opt/ros/humble /usr/bin/cmake --build /home/ale/Proyecto_CPR/rosbot_ws/build/rosbot_localization -- -j16 -l16
[0.436s] Invoking command in '/home/ale/Proyecto_CPR/rosbot_ws/build/rosbot_localization': CMAKE_PREFIX_PATH=${CMAKE_PREFIX_PATH}:/home/ale/Proyecto_CPR/rosbot_ws/install/rosbot_gazebo:/home/ale/Proyecto_CPR/rosbot_ws/install/rosbot_controller:/home/ale/Proyecto_CPR/rosbot_ws/install/rosbot_utils:/home/ale/Proyecto_CPR/rosbot_ws/install/rosbot_bringup:/opt/ros/humble /usr/bin/cmake --install /home/ale/Proyecto_CPR/rosbot_ws/build/rosbot_localization
[0.485s] -- Install configuration: "Release"
[0.485s] -- Execute custom install script
[0.486s] -- Up-to-date symlink: /home/ale/Proyecto_CPR/rosbot_ws/install/rosbot_localization/share/rosbot_localization/config/ekf.yaml
[0.488s] -- Up-to-date symlink: /home/ale/Proyecto_CPR/rosbot_ws/install/rosbot_localization/share/rosbot_localization/launch/ekf.launch.py
[0.491s] -- Up-to-date symlink: /home/ale/Proyecto_CPR/rosbot_ws/install/rosbot_localization/share/ament_index/resource_index/package_run_dependencies/rosbot_localization
[0.491s] -- Up-to-date symlink: /home/ale/Proyecto_CPR/rosbot_ws/install/rosbot_localization/share/ament_index/resource_index/parent_prefix_path/rosbot_localization
[0.491s] -- Up-to-date symlink: /home/ale/Proyecto_CPR/rosbot_ws/install/rosbot_localization/share/rosbot_localization/environment/ament_prefix_path.sh
[0.491s] -- Up-to-date symlink: /home/ale/Proyecto_CPR/rosbot_ws/install/rosbot_localization/share/rosbot_localization/environment/ament_prefix_path.dsv
[0.491s] -- Up-to-date symlink: /home/ale/Proyecto_CPR/rosbot_ws/install/rosbot_localization/share/rosbot_localization/environment/path.sh
[0.491s] -- Up-to-date symlink: /home/ale/Proyecto_CPR/rosbot_ws/install/rosbot_localization/share/rosbot_localization/environment/path.dsv
[0.491s] -- Up-to-date symlink: /home/ale/Proyecto_CPR/rosbot_ws/install/rosbot_localization/share/rosbot_localization/local_setup.bash
[0.491s] -- Up-to-date symlink: /home/ale/Proyecto_CPR/rosbot_ws/install/rosbot_localization/share/rosbot_localization/local_setup.sh
[0.491s] -- Up-to-date symlink: /home/ale/Proyecto_CPR/rosbot_ws/install/rosbot_localization/share/rosbot_localization/local_setup.zsh
[0.492s] -- Up-to-date symlink: /home/ale/Proyecto_CPR/rosbot_ws/install/rosbot_localization/share/rosbot_localization/local_setup.dsv
[0.492s] -- Symlinking: /home/ale/Proyecto_CPR/rosbot_ws/install/rosbot_localization/share/rosbot_localization/package.dsv
[0.494s] -- Up-to-date symlink: /home/ale/Proyecto_CPR/rosbot_ws/install/rosbot_localization/share/ament_index/resource_index/packages/rosbot_localization
[0.494s] -- Up-to-date symlink: /home/ale/Proyecto_CPR/rosbot_ws/install/rosbot_localization/share/rosbot_localization/cmake/rosbot_localizationConfig.cmake
[0.494s] -- Up-to-date symlink: /home/ale/Proyecto_CPR/rosbot_ws/install/rosbot_localization/share/rosbot_localization/cmake/rosbot_localizationConfig-version.cmake
[0.494s] -- Up-to-date symlink: /home/ale/Proyecto_CPR/rosbot_ws/install/rosbot_localization/share/rosbot_localization/package.xml
[0.518s] Invoked command in '/home/ale/Proyecto_CPR/rosbot_ws/build/rosbot_localization' returned '0': CMAKE_PREFIX_PATH=${CMAKE_PREFIX_PATH}:/home/ale/Proyecto_CPR/rosbot_ws/install/rosbot_gazebo:/home/ale/Proyecto_CPR/rosbot_ws/install/rosbot_controller:/home/ale/Proyecto_CPR/rosbot_ws/install/rosbot_utils:/home/ale/Proyecto_CPR/rosbot_ws/install/rosbot_bringup:/opt/ros/humble /usr/bin/cmake --install /home/ale/Proyecto_CPR/rosbot_ws/build/rosbot_localization
