[0.207s] Invoking command in '/home/ale/Proyecto_CPR/rosbot_ws/build/controldesc_pkg': CMAKE_PREFIX_PATH=${CMAKE_PREFIX_PATH}:/home/ale/Proyecto_CPR/rosbot_ws/install/rosbot_gazebo:/home/ale/Proyecto_CPR/rosbot_ws/install/rosbot_controller:/home/ale/Proyecto_CPR/rosbot_ws/install/rosbot_utils:/opt/ros/humble /usr/bin/cmake /home/ale/Proyecto_CPR/rosbot_ws/src/controldesc_pkg -DCMAKE_INSTALL_PREFIX=/home/ale/Proyecto_CPR/rosbot_ws/install/controldesc_pkg
[0.418s] -- The C compiler identification is GNU 11.4.0
[0.418s] -- The CXX compiler identification is GNU 11.4.0
[0.418s] -- Detecting C compiler ABI info
[0.418s] -- Detecting C compiler ABI info - done
[0.418s] -- Check for working C compiler: /usr/bin/cc - skipped
[0.418s] -- Detecting C compile features
[0.418s] -- Detecting C compile features - done
[0.418s] -- Detecting CXX compiler ABI info
[0.474s] -- Detecting CXX compiler ABI info - done
[0.487s] -- Check for working CXX compiler: /usr/bin/c++ - skipped
[0.487s] -- Detecting CXX compile features
[0.488s] -- Detecting CXX compile features - done
[0.493s] -- Found ament_cmake: 1.3.12 (/opt/ros/humble/share/ament_cmake/cmake)
[0.655s] -- Found Python3: /usr/bin/python3 (found version "3.10.12") found components: Interpreter 
[0.738s] -- Found rclcpp: 16.0.15 (/opt/ros/humble/share/rclcpp/cmake)
[0.777s] -- Found rosidl_generator_c: 3.1.7 (/opt/ros/humble/share/rosidl_generator_c/cmake)
[0.782s] -- Found rosidl_adapter: 3.1.7 (/opt/ros/humble/share/rosidl_adapter/cmake)
[0.790s] -- Found rosidl_generator_cpp: 3.1.7 (/opt/ros/humble/share/rosidl_generator_cpp/cmake)
[0.800s] -- Using all available rosidl_typesupport_c: rosidl_typesupport_fastrtps_c;rosidl_typesupport_introspection_c
[0.814s] -- Using all available rosidl_typesupport_cpp: rosidl_typesupport_fastrtps_cpp;rosidl_typesupport_introspection_cpp
[0.855s] -- Found rmw_implementation_cmake: 6.1.2 (/opt/ros/humble/share/rmw_implementation_cmake/cmake)
[0.857s] -- Found rmw_fastrtps_cpp: 6.2.9 (/opt/ros/humble/share/rmw_fastrtps_cpp/cmake)
[0.926s] -- Found OpenSSL: /usr/lib/x86_64-linux-gnu/libcrypto.so (found version "3.0.2")  
[0.950s] -- Found FastRTPS: /opt/ros/humble/include  
[0.986s] -- Using RMW implementation 'rmw_fastrtps_cpp' as default
[0.996s] -- Looking for pthread.h
[1.057s] -- Looking for pthread.h - found
[1.057s] -- Performing Test CMAKE_HAVE_LIBC_PTHREAD
[1.115s] -- Performing Test CMAKE_HAVE_LIBC_PTHREAD - Success
[1.116s] -- Found Threads: TRUE  
[1.155s] -- Found geometry_msgs: 4.9.0 (/opt/ros/humble/share/geometry_msgs/cmake)
[1.165s] -- Found ament_lint_auto: 0.12.14 (/opt/ros/humble/share/ament_lint_auto/cmake)
[1.227s] -- Added test 'cppcheck' to perform static code analysis on C / C++ code
[1.227s] -- Configured cppcheck include dirs: 
[1.228s] -- Configured cppcheck exclude dirs and/or files: 
[1.228s] -- Added test 'flake8' to check Python code syntax and style conventions
[1.228s] -- Added test 'lint_cmake' to check CMake code style
[1.229s] -- Added test 'pep257' to check Python code against some of the docstring style conventions in PEP 257
[1.229s] -- Added test 'uncrustify' to check C / C++ code style
[1.229s] -- Configured uncrustify additional arguments: 
[1.230s] -- Added test 'xmllint' to check XML markup files
[1.231s] -- Configuring done
[1.236s] -- Generating done
[1.238s] -- Build files have been written to: /home/ale/Proyecto_CPR/rosbot_ws/build/controldesc_pkg
[1.244s] Invoked command in '/home/ale/Proyecto_CPR/rosbot_ws/build/controldesc_pkg' returned '0': CMAKE_PREFIX_PATH=${CMAKE_PREFIX_PATH}:/home/ale/Proyecto_CPR/rosbot_ws/install/rosbot_gazebo:/home/ale/Proyecto_CPR/rosbot_ws/install/rosbot_controller:/home/ale/Proyecto_CPR/rosbot_ws/install/rosbot_utils:/opt/ros/humble /usr/bin/cmake /home/ale/Proyecto_CPR/rosbot_ws/src/controldesc_pkg -DCMAKE_INSTALL_PREFIX=/home/ale/Proyecto_CPR/rosbot_ws/install/controldesc_pkg
[1.245s] Invoking command in '/home/ale/Proyecto_CPR/rosbot_ws/build/controldesc_pkg': CMAKE_PREFIX_PATH=${CMAKE_PREFIX_PATH}:/home/ale/Proyecto_CPR/rosbot_ws/install/rosbot_gazebo:/home/ale/Proyecto_CPR/rosbot_ws/install/rosbot_controller:/home/ale/Proyecto_CPR/rosbot_ws/install/rosbot_utils:/opt/ros/humble /usr/bin/cmake --build /home/ale/Proyecto_CPR/rosbot_ws/build/controldesc_pkg -- -j16 -l16
[1.293s] [ 50%] [32mBuilding CXX object CMakeFiles/controller_node.dir/src/controller_node.cpp.o[0m
[3.734s] [100%] [32m[1mLinking CXX executable controller_node[0m
[3.854s] [100%] Built target controller_node
[3.864s] Invoked command in '/home/ale/Proyecto_CPR/rosbot_ws/build/controldesc_pkg' returned '0': CMAKE_PREFIX_PATH=${CMAKE_PREFIX_PATH}:/home/ale/Proyecto_CPR/rosbot_ws/install/rosbot_gazebo:/home/ale/Proyecto_CPR/rosbot_ws/install/rosbot_controller:/home/ale/Proyecto_CPR/rosbot_ws/install/rosbot_utils:/opt/ros/humble /usr/bin/cmake --build /home/ale/Proyecto_CPR/rosbot_ws/build/controldesc_pkg -- -j16 -l16
[3.865s] Invoking command in '/home/ale/Proyecto_CPR/rosbot_ws/build/controldesc_pkg': CMAKE_PREFIX_PATH=${CMAKE_PREFIX_PATH}:/home/ale/Proyecto_CPR/rosbot_ws/install/rosbot_gazebo:/home/ale/Proyecto_CPR/rosbot_ws/install/rosbot_controller:/home/ale/Proyecto_CPR/rosbot_ws/install/rosbot_utils:/opt/ros/humble /usr/bin/cmake --install /home/ale/Proyecto_CPR/rosbot_ws/build/controldesc_pkg
[3.870s] -- Install configuration: ""
[3.870s] -- Installing: /home/ale/Proyecto_CPR/rosbot_ws/install/controldesc_pkg/lib/controldesc_pkg/controller_node
[3.871s] -- Set runtime path of "/home/ale/Proyecto_CPR/rosbot_ws/install/controldesc_pkg/lib/controldesc_pkg/controller_node" to ""
[3.871s] -- Installing: /home/ale/Proyecto_CPR/rosbot_ws/install/controldesc_pkg/share/ament_index/resource_index/package_run_dependencies/controldesc_pkg
[3.871s] -- Installing: /home/ale/Proyecto_CPR/rosbot_ws/install/controldesc_pkg/share/ament_index/resource_index/parent_prefix_path/controldesc_pkg
[3.871s] -- Installing: /home/ale/Proyecto_CPR/rosbot_ws/install/controldesc_pkg/share/controldesc_pkg/environment/ament_prefix_path.sh
[3.871s] -- Installing: /home/ale/Proyecto_CPR/rosbot_ws/install/controldesc_pkg/share/controldesc_pkg/environment/ament_prefix_path.dsv
[3.871s] -- Installing: /home/ale/Proyecto_CPR/rosbot_ws/install/controldesc_pkg/share/controldesc_pkg/environment/path.sh
[3.871s] -- Installing: /home/ale/Proyecto_CPR/rosbot_ws/install/controldesc_pkg/share/controldesc_pkg/environment/path.dsv
[3.871s] -- Installing: /home/ale/Proyecto_CPR/rosbot_ws/install/controldesc_pkg/share/controldesc_pkg/local_setup.bash
[3.871s] -- Installing: /home/ale/Proyecto_CPR/rosbot_ws/install/controldesc_pkg/share/controldesc_pkg/local_setup.sh
[3.871s] -- Installing: /home/ale/Proyecto_CPR/rosbot_ws/install/controldesc_pkg/share/controldesc_pkg/local_setup.zsh
[3.872s] -- Installing: /home/ale/Proyecto_CPR/rosbot_ws/install/controldesc_pkg/share/controldesc_pkg/local_setup.dsv
[3.872s] -- Installing: /home/ale/Proyecto_CPR/rosbot_ws/install/controldesc_pkg/share/controldesc_pkg/package.dsv
[3.872s] -- Installing: /home/ale/Proyecto_CPR/rosbot_ws/install/controldesc_pkg/share/ament_index/resource_index/packages/controldesc_pkg
[3.872s] -- Installing: /home/ale/Proyecto_CPR/rosbot_ws/install/controldesc_pkg/share/controldesc_pkg/cmake/controldesc_pkgConfig.cmake
[3.872s] -- Installing: /home/ale/Proyecto_CPR/rosbot_ws/install/controldesc_pkg/share/controldesc_pkg/cmake/controldesc_pkgConfig-version.cmake
[3.872s] -- Installing: /home/ale/Proyecto_CPR/rosbot_ws/install/controldesc_pkg/share/controldesc_pkg/package.xml
[3.873s] Invoked command in '/home/ale/Proyecto_CPR/rosbot_ws/build/controldesc_pkg' returned '0': CMAKE_PREFIX_PATH=${CMAKE_PREFIX_PATH}:/home/ale/Proyecto_CPR/rosbot_ws/install/rosbot_gazebo:/home/ale/Proyecto_CPR/rosbot_ws/install/rosbot_controller:/home/ale/Proyecto_CPR/rosbot_ws/install/rosbot_utils:/opt/ros/humble /usr/bin/cmake --install /home/ale/Proyecto_CPR/rosbot_ws/build/controldesc_pkg
