[0.104s] Invoking command in '/home/ale/Proyecto_CPR/rosbot_ws/build/open_manipulator_x_joy': CMAKE_PREFIX_PATH=${CMAKE_PREFIX_PATH}:/home/ale/Proyecto_CPR/rosbot_ws/install/rosbot_gazebo:/home/ale/Proyecto_CPR/rosbot_ws/install/rosbot_controller:/home/ale/Proyecto_CPR/rosbot_ws/install/rosbot_utils:/home/ale/Proyecto_CPR/rosbot_ws/install/rosbot_bringup:/opt/ros/humble /usr/bin/cmake --build /home/ale/Proyecto_CPR/rosbot_ws/build/open_manipulator_x_joy -- -j16 -l16
[1.067s] [100%] Built target joy_servo
[1.110s] Invoked command in '/home/ale/Proyecto_CPR/rosbot_ws/build/open_manipulator_x_joy' returned '0': CMAKE_PREFIX_PATH=${CMAKE_PREFIX_PATH}:/home/ale/Proyecto_CPR/rosbot_ws/install/rosbot_gazebo:/home/ale/Proyecto_CPR/rosbot_ws/install/rosbot_controller:/home/ale/Proyecto_CPR/rosbot_ws/install/rosbot_utils:/home/ale/Proyecto_CPR/rosbot_ws/install/rosbot_bringup:/opt/ros/humble /usr/bin/cmake --build /home/ale/Proyecto_CPR/rosbot_ws/build/open_manipulator_x_joy -- -j16 -l16
[1.114s] Invoking command in '/home/ale/Proyecto_CPR/rosbot_ws/build/open_manipulator_x_joy': CMAKE_PREFIX_PATH=${CMAKE_PREFIX_PATH}:/home/ale/Proyecto_CPR/rosbot_ws/install/rosbot_gazebo:/home/ale/Proyecto_CPR/rosbot_ws/install/rosbot_controller:/home/ale/Proyecto_CPR/rosbot_ws/install/rosbot_utils:/home/ale/Proyecto_CPR/rosbot_ws/install/rosbot_bringup:/opt/ros/humble /usr/bin/cmake --install /home/ale/Proyecto_CPR/rosbot_ws/build/open_manipulator_x_joy
[1.166s] -- Install configuration: "Release"
[1.166s] -- Execute custom install script
[1.166s] -- Up-to-date symlink: /home/ale/Proyecto_CPR/rosbot_ws/install/open_manipulator_x_joy/share/open_manipulator_x_joy/config/joy_servo.yaml
[1.166s] -- Up-to-date symlink: /home/ale/Proyecto_CPR/rosbot_ws/install/open_manipulator_x_joy/share/open_manipulator_x_joy/config/servo.yaml
[1.166s] -- Up-to-date symlink: /home/ale/Proyecto_CPR/rosbot_ws/install/open_manipulator_x_joy/include/include/open_manipulator_x_joy/joy2servo.hpp
[1.166s] -- Up-to-date symlink: /home/ale/Proyecto_CPR/rosbot_ws/install/open_manipulator_x_joy/include/include/open_manipulator_x_joy/joy_control.hpp
[1.167s] -- Up-to-date symlink: /home/ale/Proyecto_CPR/rosbot_ws/install/open_manipulator_x_joy/include/include/open_manipulator_x_joy/joy_servo_node.hpp
[1.167s] -- Up-to-date symlink: /home/ale/Proyecto_CPR/rosbot_ws/install/open_manipulator_x_joy/include/include/open_manipulator_x_joy/manipulation_controller.hpp
[1.167s] -- Up-to-date symlink: /home/ale/Proyecto_CPR/rosbot_ws/install/open_manipulator_x_joy/lib/open_manipulator_x_joy/joy_servo
[1.167s] -- Up-to-date symlink: /home/ale/Proyecto_CPR/rosbot_ws/install/open_manipulator_x_joy/share/ament_index/resource_index/package_run_dependencies/open_manipulator_x_joy
[1.167s] -- Up-to-date symlink: /home/ale/Proyecto_CPR/rosbot_ws/install/open_manipulator_x_joy/share/ament_index/resource_index/parent_prefix_path/open_manipulator_x_joy
[1.167s] -- Up-to-date symlink: /home/ale/Proyecto_CPR/rosbot_ws/install/open_manipulator_x_joy/share/open_manipulator_x_joy/environment/ament_prefix_path.sh
[1.167s] -- Up-to-date symlink: /home/ale/Proyecto_CPR/rosbot_ws/install/open_manipulator_x_joy/share/open_manipulator_x_joy/environment/ament_prefix_path.dsv
[1.183s] -- Up-to-date symlink: /home/ale/Proyecto_CPR/rosbot_ws/install/open_manipulator_x_joy/share/open_manipulator_x_joy/environment/path.sh
[1.183s] -- Up-to-date symlink: /home/ale/Proyecto_CPR/rosbot_ws/install/open_manipulator_x_joy/share/open_manipulator_x_joy/environment/path.dsv
[1.183s] -- Up-to-date symlink: /home/ale/Proyecto_CPR/rosbot_ws/install/open_manipulator_x_joy/share/open_manipulator_x_joy/local_setup.bash
[1.183s] -- Up-to-date symlink: /home/ale/Proyecto_CPR/rosbot_ws/install/open_manipulator_x_joy/share/open_manipulator_x_joy/local_setup.sh
[1.183s] -- Up-to-date symlink: /home/ale/Proyecto_CPR/rosbot_ws/install/open_manipulator_x_joy/share/open_manipulator_x_joy/local_setup.zsh
[1.183s] -- Up-to-date symlink: /home/ale/Proyecto_CPR/rosbot_ws/install/open_manipulator_x_joy/share/open_manipulator_x_joy/local_setup.dsv
[1.185s] -- Symlinking: /home/ale/Proyecto_CPR/rosbot_ws/install/open_manipulator_x_joy/share/open_manipulator_x_joy/package.dsv
[1.189s] -- Up-to-date symlink: /home/ale/Proyecto_CPR/rosbot_ws/install/open_manipulator_x_joy/share/ament_index/resource_index/packages/open_manipulator_x_joy
[1.190s] -- Up-to-date symlink: /home/ale/Proyecto_CPR/rosbot_ws/install/open_manipulator_x_joy/share/open_manipulator_x_joy/cmake/open_manipulator_x_joyConfig.cmake
[1.190s] -- Up-to-date symlink: /home/ale/Proyecto_CPR/rosbot_ws/install/open_manipulator_x_joy/share/open_manipulator_x_joy/cmake/open_manipulator_x_joyConfig-version.cmake
[1.190s] -- Up-to-date symlink: /home/ale/Proyecto_CPR/rosbot_ws/install/open_manipulator_x_joy/share/open_manipulator_x_joy/package.xml
[1.298s] Invoked command in '/home/ale/Proyecto_CPR/rosbot_ws/build/open_manipulator_x_joy' returned '0': CMAKE_PREFIX_PATH=${CMAKE_PREFIX_PATH}:/home/ale/Proyecto_CPR/rosbot_ws/install/rosbot_gazebo:/home/ale/Proyecto_CPR/rosbot_ws/install/rosbot_controller:/home/ale/Proyecto_CPR/rosbot_ws/install/rosbot_utils:/home/ale/Proyecto_CPR/rosbot_ws/install/rosbot_bringup:/opt/ros/humble /usr/bin/cmake --install /home/ale/Proyecto_CPR/rosbot_ws/build/open_manipulator_x_joy
