-- Install configuration: ""
-- Up-to-date: /home/ale/Proyecto_CPR/rosbot_ws/install/rosbot_joy/share/rosbot_joy/config
-- Up-to-date: /home/ale/Proyecto_CPR/rosbot_ws/install/rosbot_joy/share/rosbot_joy/config/joy.yaml
-- Up-to-date: /home/ale/Proyecto_CPR/rosbot_ws/install/rosbot_joy/share/rosbot_joy/launch
-- Up-to-date: /home/ale/Proyecto_CPR/rosbot_ws/install/rosbot_joy/share/rosbot_joy/launch/joy.launch.py
-- Up-to-date: /home/ale/Proyecto_CPR/rosbot_ws/install/rosbot_joy/share/ament_index/resource_index/package_run_dependencies/rosbot_joy
-- Up-to-date: /home/ale/Proyecto_CPR/rosbot_ws/install/rosbot_joy/share/ament_index/resource_index/parent_prefix_path/rosbot_joy
-- Up-to-date: /home/ale/Proyecto_CPR/rosbot_ws/install/rosbot_joy/share/rosbot_joy/environment/ament_prefix_path.sh
-- Up-to-date: /home/ale/Proyecto_CPR/rosbot_ws/install/rosbot_joy/share/rosbot_joy/environment/ament_prefix_path.dsv
-- Up-to-date: /home/ale/Proyecto_CPR/rosbot_ws/install/rosbot_joy/share/rosbot_joy/environment/path.sh
-- Up-to-date: /home/ale/Proyecto_CPR/rosbot_ws/install/rosbot_joy/share/rosbot_joy/environment/path.dsv
-- Up-to-date: /home/ale/Proyecto_CPR/rosbot_ws/install/rosbot_joy/share/rosbot_joy/local_setup.bash
-- Up-to-date: /home/ale/Proyecto_CPR/rosbot_ws/install/rosbot_joy/share/rosbot_joy/local_setup.sh
-- Up-to-date: /home/ale/Proyecto_CPR/rosbot_ws/install/rosbot_joy/share/rosbot_joy/local_setup.zsh
-- Up-to-date: /home/ale/Proyecto_CPR/rosbot_ws/install/rosbot_joy/share/rosbot_joy/local_setup.dsv
-- Installing: /home/ale/Proyecto_CPR/rosbot_ws/install/rosbot_joy/share/rosbot_joy/package.dsv
-- Up-to-date: /home/ale/Proyecto_CPR/rosbot_ws/install/rosbot_joy/share/ament_index/resource_index/packages/rosbot_joy
-- Up-to-date: /home/ale/Proyecto_CPR/rosbot_ws/install/rosbot_joy/share/rosbot_joy/cmake/rosbot_joyConfig.cmake
-- Up-to-date: /home/ale/Proyecto_CPR/rosbot_ws/install/rosbot_joy/share/rosbot_joy/cmake/rosbot_joyConfig-version.cmake
-- Up-to-date: /home/ale/Proyecto_CPR/rosbot_ws/install/rosbot_joy/share/rosbot_joy/package.xml
