[0.100s] Invoking command in '/home/ale/Proyecto_CPR/rosbot_ws/build/husarion_components_description': CMAKE_PREFIX_PATH=${CMAKE_PREFIX_PATH}:/home/ale/Proyecto_CPR/rosbot_ws/install/rosbot_gazebo:/home/ale/Proyecto_CPR/rosbot_ws/install/rosbot_controller:/home/ale/Proyecto_CPR/rosbot_ws/install/rosbot_utils:/home/ale/Proyecto_CPR/rosbot_ws/install/rosbot_bringup:/opt/ros/humble /usr/bin/cmake --build /home/ale/Proyecto_CPR/rosbot_ws/build/husarion_components_description -- -j16 -l16
[1.096s] Invoked command in '/home/ale/Proyecto_CPR/rosbot_ws/build/husarion_components_description' returned '0': CMAKE_PREFIX_PATH=${CMAKE_PREFIX_PATH}:/home/ale/Proyecto_CPR/rosbot_ws/install/rosbot_gazebo:/home/ale/Proyecto_CPR/rosbot_ws/install/rosbot_controller:/home/ale/Proyecto_CPR/rosbot_ws/install/rosbot_utils:/home/ale/Proyecto_CPR/rosbot_ws/install/rosbot_bringup:/opt/ros/humble /usr/bin/cmake --build /home/ale/Proyecto_CPR/rosbot_ws/build/husarion_components_description -- -j16 -l16
[1.114s] Invoking command in '/home/ale/Proyecto_CPR/rosbot_ws/build/husarion_components_description': CMAKE_PREFIX_PATH=${CMAKE_PREFIX_PATH}:/home/ale/Proyecto_CPR/rosbot_ws/install/rosbot_gazebo:/home/ale/Proyecto_CPR/rosbot_ws/install/rosbot_controller:/home/ale/Proyecto_CPR/rosbot_ws/install/rosbot_utils:/home/ale/Proyecto_CPR/rosbot_ws/install/rosbot_bringup:/opt/ros/humble /usr/bin/cmake --install /home/ale/Proyecto_CPR/rosbot_ws/build/husarion_components_description
[1.146s] -- Install configuration: "Release"
[1.147s] -- Execute custom install script
[1.147s] -- Up-to-date symlink: /home/ale/Proyecto_CPR/rosbot_ws/install/husarion_components_description/share/husarion_components_description/meshes/devs/dev01.dae
[1.147s] -- Up-to-date symlink: /home/ale/Proyecto_CPR/rosbot_ws/install/husarion_components_description/share/husarion_components_description/meshes/devs/dev02.dae
[1.147s] -- Up-to-date symlink: /home/ale/Proyecto_CPR/rosbot_ws/install/husarion_components_description/share/husarion_components_description/meshes/devs/dev03.dae
[1.147s] -- Up-to-date symlink: /home/ale/Proyecto_CPR/rosbot_ws/install/husarion_components_description/share/husarion_components_description/meshes/devs/dev04h.dae
[1.147s] -- Up-to-date symlink: /home/ale/Proyecto_CPR/rosbot_ws/install/husarion_components_description/share/husarion_components_description/meshes/devs/dev04l.dae
[1.148s] -- Up-to-date symlink: /home/ale/Proyecto_CPR/rosbot_ws/install/husarion_components_description/share/husarion_components_description/meshes/devs/dev05.dae
[1.150s] -- Up-to-date symlink: /home/ale/Proyecto_CPR/rosbot_ws/install/husarion_components_description/share/husarion_components_description/meshes/devs/dev06.dae
[1.150s] -- Up-to-date symlink: /home/ale/Proyecto_CPR/rosbot_ws/install/husarion_components_description/share/husarion_components_description/meshes/devs/dev07.dae
[1.150s] -- Up-to-date symlink: /home/ale/Proyecto_CPR/rosbot_ws/install/husarion_components_description/share/husarion_components_description/meshes/devs/dev07t.dae
[1.151s] -- Up-to-date symlink: /home/ale/Proyecto_CPR/rosbot_ws/install/husarion_components_description/share/husarion_components_description/meshes/devs/dev09.dae
[1.151s] -- Up-to-date symlink: /home/ale/Proyecto_CPR/rosbot_ws/install/husarion_components_description/share/husarion_components_description/meshes/teltonika_003R-00253.dae
[1.151s] -- Up-to-date symlink: /home/ale/Proyecto_CPR/rosbot_ws/install/husarion_components_description/share/husarion_components_description/meshes/teltonika_003R-00253_collision.stl
[1.153s] -- Up-to-date symlink: /home/ale/Proyecto_CPR/rosbot_ws/install/husarion_components_description/share/husarion_components_description/urdf/components.urdf.xacro
[1.153s] -- Up-to-date symlink: /home/ale/Proyecto_CPR/rosbot_ws/install/husarion_components_description/share/husarion_components_description/urdf/dev.urdf.xacro
[1.153s] -- Up-to-date symlink: /home/ale/Proyecto_CPR/rosbot_ws/install/husarion_components_description/share/husarion_components_description/urdf/gz_sensor.urdf.xacro
[1.153s] -- Up-to-date symlink: /home/ale/Proyecto_CPR/rosbot_ws/install/husarion_components_description/share/husarion_components_description/urdf/intel_realsense_d435.urdf.xacro
[1.156s] -- Up-to-date symlink: /home/ale/Proyecto_CPR/rosbot_ws/install/husarion_components_description/share/husarion_components_description/urdf/kinova.urdf.xacro
[1.156s] -- Up-to-date symlink: /home/ale/Proyecto_CPR/rosbot_ws/install/husarion_components_description/share/husarion_components_description/urdf/luxonis_depthai.urdf.xacro
[1.156s] -- Up-to-date symlink: /home/ale/Proyecto_CPR/rosbot_ws/install/husarion_components_description/share/husarion_components_description/urdf/orbbec_astra.urdf.xacro
[1.156s] -- Up-to-date symlink: /home/ale/Proyecto_CPR/rosbot_ws/install/husarion_components_description/share/husarion_components_description/urdf/ouster.urdf.xacro
[1.156s] -- Up-to-date symlink: /home/ale/Proyecto_CPR/rosbot_ws/install/husarion_components_description/share/husarion_components_description/urdf/robotiq.urdf.xacro
[1.157s] -- Up-to-date symlink: /home/ale/Proyecto_CPR/rosbot_ws/install/husarion_components_description/share/husarion_components_description/urdf/slamtec_rplidar.urdf.xacro
[1.157s] -- Up-to-date symlink: /home/ale/Proyecto_CPR/rosbot_ws/install/husarion_components_description/share/husarion_components_description/urdf/stereolabs_zed.urdf.xacro
[1.157s] -- Up-to-date symlink: /home/ale/Proyecto_CPR/rosbot_ws/install/husarion_components_description/share/husarion_components_description/urdf/teltonika_003R-00253.urdf.xacro
[1.157s] -- Up-to-date symlink: /home/ale/Proyecto_CPR/rosbot_ws/install/husarion_components_description/share/husarion_components_description/urdf/ur.urdf.xacro
[1.158s] -- Up-to-date symlink: /home/ale/Proyecto_CPR/rosbot_ws/install/husarion_components_description/share/husarion_components_description/urdf/velodyne_puck.urdf.xacro
[1.158s] -- Up-to-date symlink: /home/ale/Proyecto_CPR/rosbot_ws/install/husarion_components_description/share/husarion_components_description/urdf/wibotic_receiver.urdf.xacro
[1.158s] -- Up-to-date symlink: /home/ale/Proyecto_CPR/rosbot_ws/install/husarion_components_description/share/husarion_components_description/urdf/wibotic_station.urdf.xacro
[1.158s] -- Up-to-date symlink: /home/ale/Proyecto_CPR/rosbot_ws/install/husarion_components_description/share/husarion_components_description/launch/gz_components.launch.py
[1.158s] -- Up-to-date symlink: /home/ale/Proyecto_CPR/rosbot_ws/install/husarion_components_description/share/husarion_components_description/launch/gz_intel_realsense_d435.launch.py
[1.158s] -- Up-to-date symlink: /home/ale/Proyecto_CPR/rosbot_ws/install/husarion_components_description/share/husarion_components_description/launch/gz_kinova_6dof.launch.py
[1.158s] -- Up-to-date symlink: /home/ale/Proyecto_CPR/rosbot_ws/install/husarion_components_description/share/husarion_components_description/launch/gz_kinova_7dof.launch.py
[1.158s] -- Up-to-date symlink: /home/ale/Proyecto_CPR/rosbot_ws/install/husarion_components_description/share/husarion_components_description/launch/gz_luxonis_depthai.launch.py
[1.158s] -- Up-to-date symlink: /home/ale/Proyecto_CPR/rosbot_ws/install/husarion_components_description/share/husarion_components_description/launch/gz_orbbec_astra.launch.py
[1.159s] -- Up-to-date symlink: /home/ale/Proyecto_CPR/rosbot_ws/install/husarion_components_description/share/husarion_components_description/launch/gz_ouster_os.launch.py
[1.159s] -- Up-to-date symlink: /home/ale/Proyecto_CPR/rosbot_ws/install/husarion_components_description/share/husarion_components_description/launch/gz_robotiq.launch.py
[1.159s] -- Up-to-date symlink: /home/ale/Proyecto_CPR/rosbot_ws/install/husarion_components_description/share/husarion_components_description/launch/gz_slamtec_rplidar.launch.py
[1.159s] -- Up-to-date symlink: /home/ale/Proyecto_CPR/rosbot_ws/install/husarion_components_description/share/husarion_components_description/launch/gz_stereolabs_zed.launch.py
[1.159s] -- Up-to-date symlink: /home/ale/Proyecto_CPR/rosbot_ws/install/husarion_components_description/share/husarion_components_description/launch/gz_teltonika.launch.py
[1.160s] -- Up-to-date symlink: /home/ale/Proyecto_CPR/rosbot_ws/install/husarion_components_description/share/husarion_components_description/launch/gz_ur.launch.py
[1.160s] -- Up-to-date symlink: /home/ale/Proyecto_CPR/rosbot_ws/install/husarion_components_description/share/husarion_components_description/launch/gz_velodyne.launch.py
[1.160s] -- Up-to-date symlink: /home/ale/Proyecto_CPR/rosbot_ws/install/husarion_components_description/share/husarion_components_description/launch/gz_wibotic_station.launch.py
[1.160s] -- Up-to-date symlink: /home/ale/Proyecto_CPR/rosbot_ws/install/husarion_components_description/share/husarion_components_description/config/gz_intel_realsense_d435_remappings.yaml
[1.161s] -- Up-to-date symlink: /home/ale/Proyecto_CPR/rosbot_ws/install/husarion_components_description/share/husarion_components_description/config/gz_kinova_remappings.yaml
[1.161s] -- Up-to-date symlink: /home/ale/Proyecto_CPR/rosbot_ws/install/husarion_components_description/share/husarion_components_description/config/gz_luxonis_depthai_remappings.yaml
[1.161s] -- Up-to-date symlink: /home/ale/Proyecto_CPR/rosbot_ws/install/husarion_components_description/share/husarion_components_description/config/gz_orbbec_astra_remappings.yaml
[1.161s] -- Up-to-date symlink: /home/ale/Proyecto_CPR/rosbot_ws/install/husarion_components_description/share/husarion_components_description/config/gz_ouster_os_remappings.yaml
[1.161s] -- Up-to-date symlink: /home/ale/Proyecto_CPR/rosbot_ws/install/husarion_components_description/share/husarion_components_description/config/gz_slamtec_rplidar_remappings.yaml
[1.161s] -- Up-to-date symlink: /home/ale/Proyecto_CPR/rosbot_ws/install/husarion_components_description/share/husarion_components_description/config/gz_stereolabs_zed_remappings.yaml
[1.161s] -- Up-to-date symlink: /home/ale/Proyecto_CPR/rosbot_ws/install/husarion_components_description/share/husarion_components_description/config/gz_teltonika_remappings.yaml
[1.162s] -- Up-to-date symlink: /home/ale/Proyecto_CPR/rosbot_ws/install/husarion_components_description/share/husarion_components_description/config/gz_velodyne_remappings.yaml
[1.162s] -- Up-to-date symlink: /home/ale/Proyecto_CPR/rosbot_ws/install/husarion_components_description/share/husarion_components_description/config/kinova_6dof_controllers.yaml
[1.162s] -- Up-to-date symlink: /home/ale/Proyecto_CPR/rosbot_ws/install/husarion_components_description/share/husarion_components_description/config/kinova_7dof_controllers.yaml
[1.162s] -- Up-to-date symlink: /home/ale/Proyecto_CPR/rosbot_ws/install/husarion_components_description/share/husarion_components_description/config/robotiq_controllers.yaml
[1.162s] -- Up-to-date symlink: /home/ale/Proyecto_CPR/rosbot_ws/install/husarion_components_description/share/husarion_components_description/config/ur_controllers.yaml
[1.180s] -- Up-to-date symlink: /home/ale/Proyecto_CPR/rosbot_ws/install/husarion_components_description/share/husarion_components_description/test/component.urdf.xacro
[1.180s] -- Up-to-date symlink: /home/ale/Proyecto_CPR/rosbot_ws/install/husarion_components_description/share/husarion_components_description/test/test_components_xacro.py
[1.180s] -- Up-to-date symlink: /home/ale/Proyecto_CPR/rosbot_ws/install/husarion_components_description/share/husarion_components_description/environment/husarion_components_description.sh
[1.181s] -- Up-to-date symlink: /home/ale/Proyecto_CPR/rosbot_ws/install/husarion_components_description/share/ament_index/resource_index/package_run_dependencies/husarion_components_description
[1.181s] -- Up-to-date symlink: /home/ale/Proyecto_CPR/rosbot_ws/install/husarion_components_description/share/ament_index/resource_index/parent_prefix_path/husarion_components_description
[1.181s] -- Up-to-date symlink: /home/ale/Proyecto_CPR/rosbot_ws/install/husarion_components_description/share/husarion_components_description/environment/ament_prefix_path.sh
[1.181s] -- Up-to-date symlink: /home/ale/Proyecto_CPR/rosbot_ws/install/husarion_components_description/share/husarion_components_description/environment/ament_prefix_path.dsv
[1.186s] -- Up-to-date symlink: /home/ale/Proyecto_CPR/rosbot_ws/install/husarion_components_description/share/husarion_components_description/environment/path.sh
[1.186s] -- Up-to-date symlink: /home/ale/Proyecto_CPR/rosbot_ws/install/husarion_components_description/share/husarion_components_description/environment/path.dsv
[1.186s] -- Up-to-date symlink: /home/ale/Proyecto_CPR/rosbot_ws/install/husarion_components_description/share/husarion_components_description/local_setup.bash
[1.186s] -- Up-to-date symlink: /home/ale/Proyecto_CPR/rosbot_ws/install/husarion_components_description/share/husarion_components_description/local_setup.sh
[1.186s] -- Up-to-date symlink: /home/ale/Proyecto_CPR/rosbot_ws/install/husarion_components_description/share/husarion_components_description/local_setup.zsh
[1.186s] -- Up-to-date symlink: /home/ale/Proyecto_CPR/rosbot_ws/install/husarion_components_description/share/husarion_components_description/local_setup.dsv
[1.186s] -- Symlinking: /home/ale/Proyecto_CPR/rosbot_ws/install/husarion_components_description/share/husarion_components_description/package.dsv
[1.210s] -- Up-to-date symlink: /home/ale/Proyecto_CPR/rosbot_ws/install/husarion_components_description/share/ament_index/resource_index/packages/husarion_components_description
[1.210s] -- Up-to-date symlink: /home/ale/Proyecto_CPR/rosbot_ws/install/husarion_components_description/share/husarion_components_description/cmake/husarion_components_descriptionConfig.cmake
[1.210s] -- Up-to-date symlink: /home/ale/Proyecto_CPR/rosbot_ws/install/husarion_components_description/share/husarion_components_description/cmake/husarion_components_descriptionConfig-version.cmake
[1.211s] -- Up-to-date symlink: /home/ale/Proyecto_CPR/rosbot_ws/install/husarion_components_description/share/husarion_components_description/package.xml
[1.307s] Invoked command in '/home/ale/Proyecto_CPR/rosbot_ws/build/husarion_components_description' returned '0': CMAKE_PREFIX_PATH=${CMAKE_PREFIX_PATH}:/home/ale/Proyecto_CPR/rosbot_ws/install/rosbot_gazebo:/home/ale/Proyecto_CPR/rosbot_ws/install/rosbot_controller:/home/ale/Proyecto_CPR/rosbot_ws/install/rosbot_utils:/home/ale/Proyecto_CPR/rosbot_ws/install/rosbot_bringup:/opt/ros/humble /usr/bin/cmake --install /home/ale/Proyecto_CPR/rosbot_ws/build/husarion_components_description
