-- The C compiler identification is GNU 11.4.0
-- The CXX compiler identification is GNU 11.4.0
-- Detecting C compiler ABI info
-- Detecting C compiler ABI info - done
-- Check for working C compiler: /usr/bin/cc - skipped
-- Detecting C compile features
-- Detecting C compile features - done
-- Detecting CXX compiler ABI info
-- Detecting CXX compiler ABI info - done
-- Check for working CXX compiler: /usr/bin/c++ - skipped
-- Detecting CXX compile features
-- Detecting CXX compile features - done
-- Found ament_cmake: 1.3.12 (/opt/ros/humble/share/ament_cmake/cmake)
-- Found Python3: /usr/bin/python3 (found version "3.10.12") found components: Interpreter 
-- Override CMake install command with custom implementation using symlinks instead of copying resources
-- Found controller_interface: 2.52.0 (/opt/ros/humble/share/controller_interface/cmake)
-- Found rosidl_generator_c: 3.1.7 (/opt/ros/humble/share/rosidl_generator_c/cmake)
-- Found rosidl_adapter: 3.1.7 (/opt/ros/humble/share/rosidl_adapter/cmake)
-- Found rosidl_generator_cpp: 3.1.7 (/opt/ros/humble/share/rosidl_generator_cpp/cmake)
-- Using all available rosidl_typesupport_c: rosidl_typesupport_fastrtps_c;rosidl_typesupport_introspection_c
-- Using all available rosidl_typesupport_cpp: rosidl_typesupport_fastrtps_cpp;rosidl_typesupport_introspection_cpp
-- Found rmw_implementation_cmake: 6.1.2 (/opt/ros/humble/share/rmw_implementation_cmake/cmake)
-- Found rmw_fastrtps_cpp: 6.2.9 (/opt/ros/humble/share/rmw_fastrtps_cpp/cmake)
-- Found TinyXML2 via Config file: TinyXML2_DIR-NOTFOUND
-- Found OpenSSL: /usr/lib/x86_64-linux-gnu/libcrypto.so (found version "3.0.2")  
-- Found TinyXML2 via Config file: TinyXML2_DIR-NOTFOUND
-- Found FastRTPS: /opt/ros/humble/include  
-- Found TinyXML2 via Config file: TinyXML2_DIR-NOTFOUND
-- Found TinyXML2 via Config file: TinyXML2_DIR-NOTFOUND
-- Using RMW implementation 'rmw_fastrtps_cpp' as default
-- Looking for pthread.h
-- Looking for pthread.h - found
-- Performing Test CMAKE_HAVE_LIBC_PTHREAD
-- Performing Test CMAKE_HAVE_LIBC_PTHREAD - Success
-- Found Threads: TRUE  
-- Found generate_parameter_library: 0.5.0 (/opt/ros/humble/share/generate_parameter_library/cmake)
-- Found parameter_traits: 0.5.0 (/opt/ros/humble/share/parameter_traits/cmake)
-- Found nav_msgs: 4.9.0 (/opt/ros/humble/share/nav_msgs/cmake)
-- Found realtime_tools: 2.14.1 (/opt/ros/humble/share/realtime_tools/cmake)
-- Found tf2: 0.25.16 (/opt/ros/humble/share/tf2/cmake)
-- Found tf2_msgs: 0.25.16 (/opt/ros/humble/share/tf2_msgs/cmake)
-- Configuring done
-- Generating done
-- Build files have been written to: /home/ale/Proyecto_CPR/rosbot_ws/build/mecanum_drive_controller
[ 16%] [34m[1mRunning `/opt/ros/humble/bin/generate_parameter_library_cpp /home/ale/Proyecto_CPR/rosbot_ws/build/mecanum_drive_controller/include/mecanum_drive_controller/mecanum_drive_controller_parameters.hpp /home/ale/Proyecto_CPR/rosbot_ws/src/husarion_controllers/mecanum_drive_controller/src/mecanum_drive_controller_parameter.yaml `[0m
[ 33%] [34m[1mCreating deprecated header file /home/ale/Proyecto_CPR/rosbot_ws/build/mecanum_drive_controller/include/mecanum_drive_controller_parameters.hpp[0m
[ 33%] Built target mecanum_drive_controller_parameters
[ 50%] [32mBuilding CXX object CMakeFiles/mecanum_drive_controller.dir/src/mecanum_drive_controller.cpp.o[0m
[ 66%] [32mBuilding CXX object CMakeFiles/mecanum_drive_controller.dir/src/odometry.cpp.o[0m
[ 83%] [32mBuilding CXX object CMakeFiles/mecanum_drive_controller.dir/src/speed_limiter.cpp.o[0m
In file included from [01m[K/home/ale/Proyecto_CPR/rosbot_ws/src/husarion_controllers/mecanum_drive_controller/include/mecanum_drive_controller/mecanum_drive_controller.hpp:50[m[K,
                 from [01m[K/home/ale/Proyecto_CPR/rosbot_ws/src/husarion_controllers/mecanum_drive_controller/src/mecanum_drive_controller.cpp:30[m[K:
[01m[K/home/ale/Proyecto_CPR/rosbot_ws/build/mecanum_drive_controller/include/mecanum_drive_controller_parameters.hpp:1:175:[m[K [01;36m[Knote: [m[K‘[01m[K#pragma message: #include "mecanum_drive_controller_parameters.hpp" is deprecated. Use #include <mecanum_drive_controller/mecanum_drive_controller_parameters.hpp> instead.[m[K’
    1 | um_drive_controller/mecanum_drive_controller_parameters.hpp> instead."[01;36m[K)[m[K
      |                                                                       [01;36m[K^[m[K

[100%] [32m[1mLinking CXX shared library libmecanum_drive_controller.so[0m
[100%] Built target mecanum_drive_controller
-- Install configuration: "Release"
-- Execute custom install script
-- Symlinking: /home/ale/Proyecto_CPR/rosbot_ws/install/mecanum_drive_controller/include/mecanum_drive_controller/mecanum_drive_controller_parameters.hpp
-- Symlinking: /home/ale/Proyecto_CPR/rosbot_ws/install/mecanum_drive_controller/share/mecanum_drive_controller//mecanum_drive_plugin.xml
-- Symlinking: /home/ale/Proyecto_CPR/rosbot_ws/install/mecanum_drive_controller/include/mecanum_drive_controller/mecanum_drive_controller/mecanum_drive_controller.hpp
-- Symlinking: /home/ale/Proyecto_CPR/rosbot_ws/install/mecanum_drive_controller/include/mecanum_drive_controller/mecanum_drive_controller/odometry.hpp
-- Symlinking: /home/ale/Proyecto_CPR/rosbot_ws/install/mecanum_drive_controller/include/mecanum_drive_controller/mecanum_drive_controller/speed_limiter.hpp
-- Symlinking: /home/ale/Proyecto_CPR/rosbot_ws/install/mecanum_drive_controller/include/mecanum_drive_controller/mecanum_drive_controller/visibility_control.h
-- Symlinking: /home/ale/Proyecto_CPR/rosbot_ws/install/mecanum_drive_controller/share/mecanum_drive_controller/environment/library_path.sh
-- Symlinking: /home/ale/Proyecto_CPR/rosbot_ws/install/mecanum_drive_controller/share/mecanum_drive_controller/environment/library_path.dsv
-- Symlinking: /home/ale/Proyecto_CPR/rosbot_ws/install/mecanum_drive_controller/share/ament_index/resource_index/package_run_dependencies/mecanum_drive_controller
-- Symlinking: /home/ale/Proyecto_CPR/rosbot_ws/install/mecanum_drive_controller/share/ament_index/resource_index/parent_prefix_path/mecanum_drive_controller
-- Symlinking: /home/ale/Proyecto_CPR/rosbot_ws/install/mecanum_drive_controller/share/mecanum_drive_controller/environment/ament_prefix_path.sh
-- Symlinking: /home/ale/Proyecto_CPR/rosbot_ws/install/mecanum_drive_controller/share/mecanum_drive_controller/environment/ament_prefix_path.dsv
-- Symlinking: /home/ale/Proyecto_CPR/rosbot_ws/install/mecanum_drive_controller/share/mecanum_drive_controller/environment/path.sh
-- Symlinking: /home/ale/Proyecto_CPR/rosbot_ws/install/mecanum_drive_controller/share/mecanum_drive_controller/environment/path.dsv
-- Symlinking: /home/ale/Proyecto_CPR/rosbot_ws/install/mecanum_drive_controller/share/mecanum_drive_controller/local_setup.bash
-- Symlinking: /home/ale/Proyecto_CPR/rosbot_ws/install/mecanum_drive_controller/share/mecanum_drive_controller/local_setup.sh
-- Symlinking: /home/ale/Proyecto_CPR/rosbot_ws/install/mecanum_drive_controller/share/mecanum_drive_controller/local_setup.zsh
-- Symlinking: /home/ale/Proyecto_CPR/rosbot_ws/install/mecanum_drive_controller/share/mecanum_drive_controller/local_setup.dsv
-- Symlinking: /home/ale/Proyecto_CPR/rosbot_ws/install/mecanum_drive_controller/share/mecanum_drive_controller/package.dsv
-- Symlinking: /home/ale/Proyecto_CPR/rosbot_ws/install/mecanum_drive_controller/share/ament_index/resource_index/packages/mecanum_drive_controller
-- Symlinking: /home/ale/Proyecto_CPR/rosbot_ws/install/mecanum_drive_controller/share/ament_index/resource_index/controller_interface__pluginlib__plugin/mecanum_drive_controller
-- Symlinking: /home/ale/Proyecto_CPR/rosbot_ws/install/mecanum_drive_controller/share/mecanum_drive_controller/cmake/ament_cmake_export_dependencies-extras.cmake
-- Symlinking: /home/ale/Proyecto_CPR/rosbot_ws/install/mecanum_drive_controller/share/mecanum_drive_controller/cmake/ament_cmake_export_targets-extras.cmake
-- Symlinking: /home/ale/Proyecto_CPR/rosbot_ws/install/mecanum_drive_controller/share/mecanum_drive_controller/cmake/mecanum_drive_controllerConfig.cmake
-- Symlinking: /home/ale/Proyecto_CPR/rosbot_ws/install/mecanum_drive_controller/share/mecanum_drive_controller/cmake/mecanum_drive_controllerConfig-version.cmake
-- Symlinking: /home/ale/Proyecto_CPR/rosbot_ws/install/mecanum_drive_controller/share/mecanum_drive_controller/package.xml
-- Installing: /home/ale/Proyecto_CPR/rosbot_ws/install/mecanum_drive_controller/lib/libmecanum_drive_controller.so
-- Set runtime path of "/home/ale/Proyecto_CPR/rosbot_ws/install/mecanum_drive_controller/lib/libmecanum_drive_controller.so" to ""
-- Installing: /home/ale/Proyecto_CPR/rosbot_ws/install/mecanum_drive_controller/share/mecanum_drive_controller/cmake/export_mecanum_drive_controllerExport.cmake
-- Installing: /home/ale/Proyecto_CPR/rosbot_ws/install/mecanum_drive_controller/share/mecanum_drive_controller/cmake/export_mecanum_drive_controllerExport-release.cmake
