[0.017s] Invoking command in '/home/ale/Proyecto_CPR/rosbot_ws/build/mecanum_drive_controller': CMAKE_PREFIX_PATH=${CMAKE_PREFIX_PATH}:/home/ale/Proyecto_CPR/rosbot_ws/install/rosbot_gazebo:/home/ale/Proyecto_CPR/rosbot_ws/install/rosbot_controller:/home/ale/Proyecto_CPR/rosbot_ws/install/rosbot_utils:/opt/ros/humble /usr/bin/cmake /home/ale/Proyecto_CPR/rosbot_ws/src/husarion_controllers/mecanum_drive_controller -DCMAKE_BUILD_TYPE=Release -DAMENT_CMAKE_SYMLINK_INSTALL=1 -DCMAKE_INSTALL_PREFIX=/home/ale/Proyecto_CPR/rosbot_ws/install/mecanum_drive_controller
[0.200s] -- The C compiler identification is GNU 11.4.0
[0.200s] -- The CXX compiler identification is GNU 11.4.0
[0.201s] -- Detecting C compiler ABI info
[0.201s] -- Detecting C compiler ABI info - done
[0.201s] -- Check for working C compiler: /usr/bin/cc - skipped
[0.201s] -- Detecting C compile features
[0.201s] -- Detecting C compile features - done
[0.201s] -- Detecting CXX compiler ABI info
[0.212s] -- Detecting CXX compiler ABI info - done
[0.221s] -- Check for working CXX compiler: /usr/bin/c++ - skipped
[0.222s] -- Detecting CXX compile features
[0.222s] -- Detecting CXX compile features - done
[0.225s] -- Found ament_cmake: 1.3.12 (/opt/ros/humble/share/ament_cmake/cmake)
[0.361s] -- Found Python3: /usr/bin/python3 (found version "3.10.12") found components: Interpreter 
[0.412s] -- Override CMake install command with custom implementation using symlinks instead of copying resources
[0.438s] -- Found controller_interface: 2.52.0 (/opt/ros/humble/share/controller_interface/cmake)
[0.473s] -- Found rosidl_generator_c: 3.1.7 (/opt/ros/humble/share/rosidl_generator_c/cmake)
[0.478s] -- Found rosidl_adapter: 3.1.7 (/opt/ros/humble/share/rosidl_adapter/cmake)
[0.484s] -- Found rosidl_generator_cpp: 3.1.7 (/opt/ros/humble/share/rosidl_generator_cpp/cmake)
[0.495s] -- Using all available rosidl_typesupport_c: rosidl_typesupport_fastrtps_c;rosidl_typesupport_introspection_c
[0.508s] -- Using all available rosidl_typesupport_cpp: rosidl_typesupport_fastrtps_cpp;rosidl_typesupport_introspection_cpp
[0.673s] -- Found rmw_implementation_cmake: 6.1.2 (/opt/ros/humble/share/rmw_implementation_cmake/cmake)
[0.676s] -- Found rmw_fastrtps_cpp: 6.2.9 (/opt/ros/humble/share/rmw_fastrtps_cpp/cmake)
[0.697s] -- Found TinyXML2 via Config file: TinyXML2_DIR-NOTFOUND
[0.746s] -- Found OpenSSL: /usr/lib/x86_64-linux-gnu/libcrypto.so (found version "3.0.2")  
[0.749s] -- Found TinyXML2 via Config file: TinyXML2_DIR-NOTFOUND
[0.762s] -- Found FastRTPS: /opt/ros/humble/include  
[0.765s] -- Found TinyXML2 via Config file: TinyXML2_DIR-NOTFOUND
[0.772s] -- Found TinyXML2 via Config file: TinyXML2_DIR-NOTFOUND
[0.783s] -- Using RMW implementation 'rmw_fastrtps_cpp' as default
[0.789s] -- Looking for pthread.h
[0.852s] -- Looking for pthread.h - found
[0.852s] -- Performing Test CMAKE_HAVE_LIBC_PTHREAD
[0.915s] -- Performing Test CMAKE_HAVE_LIBC_PTHREAD - Success
[0.915s] -- Found Threads: TRUE  
[0.952s] -- Found generate_parameter_library: 0.5.0 (/opt/ros/humble/share/generate_parameter_library/cmake)
[0.954s] -- Found parameter_traits: 0.5.0 (/opt/ros/humble/share/parameter_traits/cmake)
[0.970s] -- Found nav_msgs: 4.9.0 (/opt/ros/humble/share/nav_msgs/cmake)
[0.985s] -- Found realtime_tools: 2.14.1 (/opt/ros/humble/share/realtime_tools/cmake)
[0.997s] -- Found tf2: 0.25.16 (/opt/ros/humble/share/tf2/cmake)
[1.001s] -- Found tf2_msgs: 0.25.16 (/opt/ros/humble/share/tf2_msgs/cmake)
[1.070s] -- Configuring done
[1.080s] -- Generating done
[1.084s] -- Build files have been written to: /home/ale/Proyecto_CPR/rosbot_ws/build/mecanum_drive_controller
[1.093s] Invoked command in '/home/ale/Proyecto_CPR/rosbot_ws/build/mecanum_drive_controller' returned '0': CMAKE_PREFIX_PATH=${CMAKE_PREFIX_PATH}:/home/ale/Proyecto_CPR/rosbot_ws/install/rosbot_gazebo:/home/ale/Proyecto_CPR/rosbot_ws/install/rosbot_controller:/home/ale/Proyecto_CPR/rosbot_ws/install/rosbot_utils:/opt/ros/humble /usr/bin/cmake /home/ale/Proyecto_CPR/rosbot_ws/src/husarion_controllers/mecanum_drive_controller -DCMAKE_BUILD_TYPE=Release -DAMENT_CMAKE_SYMLINK_INSTALL=1 -DCMAKE_INSTALL_PREFIX=/home/ale/Proyecto_CPR/rosbot_ws/install/mecanum_drive_controller
[1.094s] Invoking command in '/home/ale/Proyecto_CPR/rosbot_ws/build/mecanum_drive_controller': CMAKE_PREFIX_PATH=${CMAKE_PREFIX_PATH}:/home/ale/Proyecto_CPR/rosbot_ws/install/rosbot_gazebo:/home/ale/Proyecto_CPR/rosbot_ws/install/rosbot_controller:/home/ale/Proyecto_CPR/rosbot_ws/install/rosbot_utils:/opt/ros/humble /usr/bin/cmake --build /home/ale/Proyecto_CPR/rosbot_ws/build/mecanum_drive_controller -- -j16 -l16
[1.134s] [ 16%] [34m[1mRunning `/opt/ros/humble/bin/generate_parameter_library_cpp /home/ale/Proyecto_CPR/rosbot_ws/build/mecanum_drive_controller/include/mecanum_drive_controller/mecanum_drive_controller_parameters.hpp /home/ale/Proyecto_CPR/rosbot_ws/src/husarion_controllers/mecanum_drive_controller/src/mecanum_drive_controller_parameter.yaml `[0m
[1.962s] [ 33%] [34m[1mCreating deprecated header file /home/ale/Proyecto_CPR/rosbot_ws/build/mecanum_drive_controller/include/mecanum_drive_controller_parameters.hpp[0m
[1.981s] [ 33%] Built target mecanum_drive_controller_parameters
[1.999s] [ 50%] [32mBuilding CXX object CMakeFiles/mecanum_drive_controller.dir/src/mecanum_drive_controller.cpp.o[0m
[2.001s] [ 66%] [32mBuilding CXX object CMakeFiles/mecanum_drive_controller.dir/src/odometry.cpp.o[0m
[2.001s] [ 83%] [32mBuilding CXX object CMakeFiles/mecanum_drive_controller.dir/src/speed_limiter.cpp.o[0m
[3.846s] In file included from [01m[K/home/ale/Proyecto_CPR/rosbot_ws/src/husarion_controllers/mecanum_drive_controller/include/mecanum_drive_controller/mecanum_drive_controller.hpp:50[m[K,
[3.846s]                  from [01m[K/home/ale/Proyecto_CPR/rosbot_ws/src/husarion_controllers/mecanum_drive_controller/src/mecanum_drive_controller.cpp:30[m[K:
[3.846s] [01m[K/home/ale/Proyecto_CPR/rosbot_ws/build/mecanum_drive_controller/include/mecanum_drive_controller_parameters.hpp:1:175:[m[K [01;36m[Knote: [m[K‘[01m[K#pragma message: #include "mecanum_drive_controller_parameters.hpp" is deprecated. Use #include <mecanum_drive_controller/mecanum_drive_controller_parameters.hpp> instead.[m[K’
[3.846s]     1 | um_drive_controller/mecanum_drive_controller_parameters.hpp> instead."[01;36m[K)[m[K
[3.846s]       |                                                                       [01;36m[K^[m[K
[3.846s] 
[16.620s] [100%] [32m[1mLinking CXX shared library libmecanum_drive_controller.so[0m
[16.774s] [100%] Built target mecanum_drive_controller
[16.785s] Invoked command in '/home/ale/Proyecto_CPR/rosbot_ws/build/mecanum_drive_controller' returned '0': CMAKE_PREFIX_PATH=${CMAKE_PREFIX_PATH}:/home/ale/Proyecto_CPR/rosbot_ws/install/rosbot_gazebo:/home/ale/Proyecto_CPR/rosbot_ws/install/rosbot_controller:/home/ale/Proyecto_CPR/rosbot_ws/install/rosbot_utils:/opt/ros/humble /usr/bin/cmake --build /home/ale/Proyecto_CPR/rosbot_ws/build/mecanum_drive_controller -- -j16 -l16
[16.787s] Invoking command in '/home/ale/Proyecto_CPR/rosbot_ws/build/mecanum_drive_controller': CMAKE_PREFIX_PATH=${CMAKE_PREFIX_PATH}:/home/ale/Proyecto_CPR/rosbot_ws/install/rosbot_gazebo:/home/ale/Proyecto_CPR/rosbot_ws/install/rosbot_controller:/home/ale/Proyecto_CPR/rosbot_ws/install/rosbot_utils:/opt/ros/humble /usr/bin/cmake --install /home/ale/Proyecto_CPR/rosbot_ws/build/mecanum_drive_controller
[16.792s] -- Install configuration: "Release"
[16.792s] -- Execute custom install script
[16.792s] -- Symlinking: /home/ale/Proyecto_CPR/rosbot_ws/install/mecanum_drive_controller/include/mecanum_drive_controller/mecanum_drive_controller_parameters.hpp
[16.801s] -- Symlinking: /home/ale/Proyecto_CPR/rosbot_ws/install/mecanum_drive_controller/share/mecanum_drive_controller//mecanum_drive_plugin.xml
[16.808s] -- Symlinking: /home/ale/Proyecto_CPR/rosbot_ws/install/mecanum_drive_controller/include/mecanum_drive_controller/mecanum_drive_controller/mecanum_drive_controller.hpp
[16.816s] -- Symlinking: /home/ale/Proyecto_CPR/rosbot_ws/install/mecanum_drive_controller/include/mecanum_drive_controller/mecanum_drive_controller/odometry.hpp
[16.823s] -- Symlinking: /home/ale/Proyecto_CPR/rosbot_ws/install/mecanum_drive_controller/include/mecanum_drive_controller/mecanum_drive_controller/speed_limiter.hpp
[16.830s] -- Symlinking: /home/ale/Proyecto_CPR/rosbot_ws/install/mecanum_drive_controller/include/mecanum_drive_controller/mecanum_drive_controller/visibility_control.h
[16.836s] -- Symlinking: /home/ale/Proyecto_CPR/rosbot_ws/install/mecanum_drive_controller/share/mecanum_drive_controller/environment/library_path.sh
[16.843s] -- Symlinking: /home/ale/Proyecto_CPR/rosbot_ws/install/mecanum_drive_controller/share/mecanum_drive_controller/environment/library_path.dsv
[16.850s] -- Symlinking: /home/ale/Proyecto_CPR/rosbot_ws/install/mecanum_drive_controller/share/ament_index/resource_index/package_run_dependencies/mecanum_drive_controller
[16.858s] -- Symlinking: /home/ale/Proyecto_CPR/rosbot_ws/install/mecanum_drive_controller/share/ament_index/resource_index/parent_prefix_path/mecanum_drive_controller
[16.865s] -- Symlinking: /home/ale/Proyecto_CPR/rosbot_ws/install/mecanum_drive_controller/share/mecanum_drive_controller/environment/ament_prefix_path.sh
[16.872s] -- Symlinking: /home/ale/Proyecto_CPR/rosbot_ws/install/mecanum_drive_controller/share/mecanum_drive_controller/environment/ament_prefix_path.dsv
[16.880s] -- Symlinking: /home/ale/Proyecto_CPR/rosbot_ws/install/mecanum_drive_controller/share/mecanum_drive_controller/environment/path.sh
[16.886s] -- Symlinking: /home/ale/Proyecto_CPR/rosbot_ws/install/mecanum_drive_controller/share/mecanum_drive_controller/environment/path.dsv
[16.892s] -- Symlinking: /home/ale/Proyecto_CPR/rosbot_ws/install/mecanum_drive_controller/share/mecanum_drive_controller/local_setup.bash
[16.901s] -- Symlinking: /home/ale/Proyecto_CPR/rosbot_ws/install/mecanum_drive_controller/share/mecanum_drive_controller/local_setup.sh
[16.907s] -- Symlinking: /home/ale/Proyecto_CPR/rosbot_ws/install/mecanum_drive_controller/share/mecanum_drive_controller/local_setup.zsh
[16.916s] -- Symlinking: /home/ale/Proyecto_CPR/rosbot_ws/install/mecanum_drive_controller/share/mecanum_drive_controller/local_setup.dsv
[16.923s] -- Symlinking: /home/ale/Proyecto_CPR/rosbot_ws/install/mecanum_drive_controller/share/mecanum_drive_controller/package.dsv
[16.931s] -- Symlinking: /home/ale/Proyecto_CPR/rosbot_ws/install/mecanum_drive_controller/share/ament_index/resource_index/packages/mecanum_drive_controller
[16.937s] -- Symlinking: /home/ale/Proyecto_CPR/rosbot_ws/install/mecanum_drive_controller/share/ament_index/resource_index/controller_interface__pluginlib__plugin/mecanum_drive_controller
[16.945s] -- Symlinking: /home/ale/Proyecto_CPR/rosbot_ws/install/mecanum_drive_controller/share/mecanum_drive_controller/cmake/ament_cmake_export_dependencies-extras.cmake
[16.952s] -- Symlinking: /home/ale/Proyecto_CPR/rosbot_ws/install/mecanum_drive_controller/share/mecanum_drive_controller/cmake/ament_cmake_export_targets-extras.cmake
[16.960s] -- Symlinking: /home/ale/Proyecto_CPR/rosbot_ws/install/mecanum_drive_controller/share/mecanum_drive_controller/cmake/mecanum_drive_controllerConfig.cmake
[16.967s] -- Symlinking: /home/ale/Proyecto_CPR/rosbot_ws/install/mecanum_drive_controller/share/mecanum_drive_controller/cmake/mecanum_drive_controllerConfig-version.cmake
[16.976s] -- Symlinking: /home/ale/Proyecto_CPR/rosbot_ws/install/mecanum_drive_controller/share/mecanum_drive_controller/package.xml
[16.983s] -- Installing: /home/ale/Proyecto_CPR/rosbot_ws/install/mecanum_drive_controller/lib/libmecanum_drive_controller.so
[16.984s] -- Set runtime path of "/home/ale/Proyecto_CPR/rosbot_ws/install/mecanum_drive_controller/lib/libmecanum_drive_controller.so" to ""
[16.984s] -- Installing: /home/ale/Proyecto_CPR/rosbot_ws/install/mecanum_drive_controller/share/mecanum_drive_controller/cmake/export_mecanum_drive_controllerExport.cmake
[16.984s] -- Installing: /home/ale/Proyecto_CPR/rosbot_ws/install/mecanum_drive_controller/share/mecanum_drive_controller/cmake/export_mecanum_drive_controllerExport-release.cmake
[16.986s] Invoked command in '/home/ale/Proyecto_CPR/rosbot_ws/build/mecanum_drive_controller' returned '0': CMAKE_PREFIX_PATH=${CMAKE_PREFIX_PATH}:/home/ale/Proyecto_CPR/rosbot_ws/install/rosbot_gazebo:/home/ale/Proyecto_CPR/rosbot_ws/install/rosbot_controller:/home/ale/Proyecto_CPR/rosbot_ws/install/rosbot_utils:/opt/ros/humble /usr/bin/cmake --install /home/ale/Proyecto_CPR/rosbot_ws/build/mecanum_drive_controller
