[0.735s] Invoking command in '/home/ale/Proyecto_CPR/rosbot_ws/build/rosbot_utils': PYTHONPATH=/home/ale/Proyecto_CPR/rosbot_ws/build/rosbot_utils/prefix_override:/usr/lib/python3/dist-packages/colcon_core/task/python/colcon_distutils_commands:/home/ale/Proyecto_CPR/rosbot_ws/install/rosbot_utils/lib/python3.10/site-packages:${PYTHONPATH} /usr/bin/python3 -W ignore:setup.py install is deprecated -W ignore:easy_install command is deprecated setup.py develop --uninstall --editable --build-directory /home/ale/Proyecto_CPR/rosbot_ws/build/rosbot_utils/build
[0.931s] running develop
[1.071s] Removing /home/ale/Proyecto_CPR/rosbot_ws/install/rosbot_utils/lib/python3.10/site-packages/rosbot-utils.egg-link (link to .)
[1.090s] Invoked command in '/home/ale/Proyecto_CPR/rosbot_ws/build/rosbot_utils' returned '0': PYTHONPATH=/home/ale/Proyecto_CPR/rosbot_ws/build/rosbot_utils/prefix_override:/usr/lib/python3/dist-packages/colcon_core/task/python/colcon_distutils_commands:/home/ale/Proyecto_CPR/rosbot_ws/install/rosbot_utils/lib/python3.10/site-packages:${PYTHONPATH} /usr/bin/python3 -W ignore:setup.py install is deprecated -W ignore:easy_install command is deprecated setup.py develop --uninstall --editable --build-directory /home/ale/Proyecto_CPR/rosbot_ws/build/rosbot_utils/build
[1.091s] Invoking command in '/home/ale/Proyecto_CPR/rosbot_ws/src/rosbot_ros/rosbot_utils': PYTHONPATH=/home/ale/Proyecto_CPR/rosbot_ws/build/rosbot_utils/prefix_override:/usr/lib/python3/dist-packages/colcon_core/task/python/colcon_distutils_commands:/home/ale/Proyecto_CPR/rosbot_ws/install/rosbot_utils/lib/python3.10/site-packages:${PYTHONPATH} /usr/bin/python3 -W ignore:setup.py install is deprecated -W ignore:easy_install command is deprecated setup.py egg_info --egg-base ../../../build/rosbot_utils build --build-base /home/ale/Proyecto_CPR/rosbot_ws/build/rosbot_utils/build install --record /home/ale/Proyecto_CPR/rosbot_ws/build/rosbot_utils/install.log --single-version-externally-managed install_data --force
[1.267s] running egg_info
[1.267s] writing ../../../build/rosbot_utils/rosbot_utils.egg-info/PKG-INFO
[1.267s] writing dependency_links to ../../../build/rosbot_utils/rosbot_utils.egg-info/dependency_links.txt
[1.267s] writing entry points to ../../../build/rosbot_utils/rosbot_utils.egg-info/entry_points.txt
[1.267s] writing requirements to ../../../build/rosbot_utils/rosbot_utils.egg-info/requires.txt
[1.267s] writing top-level names to ../../../build/rosbot_utils/rosbot_utils.egg-info/top_level.txt
[1.269s] reading manifest file '../../../build/rosbot_utils/rosbot_utils.egg-info/SOURCES.txt'
[1.269s] writing manifest file '../../../build/rosbot_utils/rosbot_utils.egg-info/SOURCES.txt'
[1.269s] running build
[1.269s] running build_py
[1.269s] creating /home/ale/Proyecto_CPR/rosbot_ws/build/rosbot_utils/build
[1.269s] creating /home/ale/Proyecto_CPR/rosbot_ws/build/rosbot_utils/build/lib
[1.269s] creating /home/ale/Proyecto_CPR/rosbot_ws/build/rosbot_utils/build/lib/rosbot_utils
[1.270s] copying rosbot_utils/flash_firmware_uart.py -> /home/ale/Proyecto_CPR/rosbot_ws/build/rosbot_utils/build/lib/rosbot_utils
[1.270s] copying rosbot_utils/__init__.py -> /home/ale/Proyecto_CPR/rosbot_ws/build/rosbot_utils/build/lib/rosbot_utils
[1.270s] copying rosbot_utils/flash_firmware_usb.py -> /home/ale/Proyecto_CPR/rosbot_ws/build/rosbot_utils/build/lib/rosbot_utils
[1.270s] copying rosbot_utils/utils.py -> /home/ale/Proyecto_CPR/rosbot_ws/build/rosbot_utils/build/lib/rosbot_utils
[1.270s] copying rosbot_utils/flash_firmware.py -> /home/ale/Proyecto_CPR/rosbot_ws/build/rosbot_utils/build/lib/rosbot_utils
[1.271s] running install
[1.271s] running install_lib
[1.271s] creating /home/ale/Proyecto_CPR/rosbot_ws/install/rosbot_utils/lib/python3.10/site-packages/rosbot_utils
[1.271s] copying /home/ale/Proyecto_CPR/rosbot_ws/build/rosbot_utils/build/lib/rosbot_utils/flash_firmware_uart.py -> /home/ale/Proyecto_CPR/rosbot_ws/install/rosbot_utils/lib/python3.10/site-packages/rosbot_utils
[1.271s] copying /home/ale/Proyecto_CPR/rosbot_ws/build/rosbot_utils/build/lib/rosbot_utils/__init__.py -> /home/ale/Proyecto_CPR/rosbot_ws/install/rosbot_utils/lib/python3.10/site-packages/rosbot_utils
[1.271s] copying /home/ale/Proyecto_CPR/rosbot_ws/build/rosbot_utils/build/lib/rosbot_utils/flash_firmware_usb.py -> /home/ale/Proyecto_CPR/rosbot_ws/install/rosbot_utils/lib/python3.10/site-packages/rosbot_utils
[1.271s] copying /home/ale/Proyecto_CPR/rosbot_ws/build/rosbot_utils/build/lib/rosbot_utils/utils.py -> /home/ale/Proyecto_CPR/rosbot_ws/install/rosbot_utils/lib/python3.10/site-packages/rosbot_utils
[1.272s] copying /home/ale/Proyecto_CPR/rosbot_ws/build/rosbot_utils/build/lib/rosbot_utils/flash_firmware.py -> /home/ale/Proyecto_CPR/rosbot_ws/install/rosbot_utils/lib/python3.10/site-packages/rosbot_utils
[1.272s] byte-compiling /home/ale/Proyecto_CPR/rosbot_ws/install/rosbot_utils/lib/python3.10/site-packages/rosbot_utils/flash_firmware_uart.py to flash_firmware_uart.cpython-310.pyc
[1.272s] byte-compiling /home/ale/Proyecto_CPR/rosbot_ws/install/rosbot_utils/lib/python3.10/site-packages/rosbot_utils/__init__.py to __init__.cpython-310.pyc
[1.273s] byte-compiling /home/ale/Proyecto_CPR/rosbot_ws/install/rosbot_utils/lib/python3.10/site-packages/rosbot_utils/flash_firmware_usb.py to flash_firmware_usb.cpython-310.pyc
[1.273s] byte-compiling /home/ale/Proyecto_CPR/rosbot_ws/install/rosbot_utils/lib/python3.10/site-packages/rosbot_utils/utils.py to utils.cpython-310.pyc
[1.273s] byte-compiling /home/ale/Proyecto_CPR/rosbot_ws/install/rosbot_utils/lib/python3.10/site-packages/rosbot_utils/flash_firmware.py to flash_firmware.cpython-310.pyc
[1.274s] running install_data
[1.274s] copying resource/rosbot_utils -> /home/ale/Proyecto_CPR/rosbot_ws/install/rosbot_utils/share/ament_index/resource_index/packages
[1.274s] copying package.xml -> /home/ale/Proyecto_CPR/rosbot_ws/install/rosbot_utils/share/rosbot_utils
[1.274s] copying config/rosbot/laser_filter.yaml -> /home/ale/Proyecto_CPR/rosbot_ws/install/rosbot_utils/share/rosbot_utils/config/rosbot
[1.274s] copying config/rosbot_xl/laser_filter.yaml -> /home/ale/Proyecto_CPR/rosbot_ws/install/rosbot_utils/share/rosbot_utils/config/rosbot_xl
[1.274s] copying firmware/rosbot/v0.11.0.bin -> /home/ale/Proyecto_CPR/rosbot_ws/install/rosbot_utils/share/rosbot_utils/firmware/rosbot
[1.275s] copying firmware/rosbot_xl/v1.4.0.bin -> /home/ale/Proyecto_CPR/rosbot_ws/install/rosbot_utils/share/rosbot_utils/firmware/rosbot_xl
[1.275s] copying launch/laser_filter.launch.py -> /home/ale/Proyecto_CPR/rosbot_ws/install/rosbot_utils/share/rosbot_utils/launch
[1.275s] running install_egg_info
[1.276s] Copying ../../../build/rosbot_utils/rosbot_utils.egg-info to /home/ale/Proyecto_CPR/rosbot_ws/install/rosbot_utils/lib/python3.10/site-packages/rosbot_utils-0.15.2-py3.10.egg-info
[1.277s] running install_scripts
[1.291s] Installing flash_firmware script to /home/ale/Proyecto_CPR/rosbot_ws/install/rosbot_utils/lib/rosbot_utils
[1.291s] writing list of installed files to '/home/ale/Proyecto_CPR/rosbot_ws/build/rosbot_utils/install.log'
[1.307s] Invoked command in '/home/ale/Proyecto_CPR/rosbot_ws/src/rosbot_ros/rosbot_utils' returned '0': PYTHONPATH=/home/ale/Proyecto_CPR/rosbot_ws/build/rosbot_utils/prefix_override:/usr/lib/python3/dist-packages/colcon_core/task/python/colcon_distutils_commands:/home/ale/Proyecto_CPR/rosbot_ws/install/rosbot_utils/lib/python3.10/site-packages:${PYTHONPATH} /usr/bin/python3 -W ignore:setup.py install is deprecated -W ignore:easy_install command is deprecated setup.py egg_info --egg-base ../../../build/rosbot_utils build --build-base /home/ale/Proyecto_CPR/rosbot_ws/build/rosbot_utils/build install --record /home/ale/Proyecto_CPR/rosbot_ws/build/rosbot_utils/install.log --single-version-externally-managed install_data --force
