[0.010s] Invoking command in '/home/ale/Proyecto_CPR/rosbot_ws/build/open_manipulator_x_moveit': CMAKE_PREFIX_PATH=/home/ale/Proyecto_CPR/rosbot_ws/install/rosbot_description:/home/ale/Proyecto_CPR/rosbot_ws/install/open_manipulator_x_description:/home/ale/Proyecto_CPR/rosbot_ws/install/open_manipulator_x_joy:/home/ale/Proyecto_CPR/rosbot_ws/install/husarion_components_description:/home/ale/Proyecto_CPR/rosbot_ws/install/dynamixel_hardware_interface:/home/ale/Proyecto_CPR/rosbot_ws/install/rosbot_localization:/home/ale/Proyecto_CPR/rosbot_ws/install/open_manipulator_x_moveit:/home/ale/Proyecto_CPR/rosbot_ws/install/rosbot:/home/ale/Proyecto_CPR/rosbot_ws/install/mecanum_drive_controller:/home/ale/Proyecto_CPR/rosbot_ws/install/husarion_gz_worlds:/home/ale/Proyecto_CPR/rosbot_ws/install/controldesc_pkg:/home/ale/Proyecto_CPR/rosbot_ws/install/rosbot_gazebo:/home/ale/Proyecto_CPR/rosbot_ws/install/rosbot_controller:/home/ale/Proyecto_CPR/rosbot_ws/install/rosbot_utils:/opt/ros/humble LD_LIBRARY_PATH=/home/ale/Proyecto_CPR/rosbot_ws/install/dynamixel_hardware_interface/lib:/home/ale/Proyecto_CPR/rosbot_ws/install/mecanum_drive_controller/lib:/usr/lib/x86_64-linux-gnu/gazebo-11/plugins:/opt/ros/humble/opt/rviz_ogre_vendor/lib:/opt/ros/humble/lib/x86_64-linux-gnu:/opt/ros/humble/opt/libphidget22/lib:/opt/ros/humble/lib:/usr/lib/x86_64-linux-gnu/gazebo-11/plugins /usr/bin/cmake /home/ale/Proyecto_CPR/rosbot_ws/src/open_manipulator_x/open_manipulator_x_moveit -DCMAKE_BUILD_TYPE=Release -DAMENT_CMAKE_SYMLINK_INSTALL=1 -DCMAKE_INSTALL_PREFIX=/home/ale/Proyecto_CPR/rosbot_ws/install/open_manipulator_x_moveit
[0.052s] -- The C compiler identification is GNU 11.4.0
[0.093s] -- The CXX compiler identification is GNU 11.4.0
[0.098s] -- Detecting C compiler ABI info
[0.153s] -- Detecting C compiler ABI info - done
[0.160s] -- Check for working C compiler: /usr/bin/cc - skipped
[0.160s] -- Detecting C compile features
[0.160s] -- Detecting C compile features - done
[0.162s] -- Detecting CXX compiler ABI info
[0.227s] -- Detecting CXX compiler ABI info - done
[0.233s] -- Check for working CXX compiler: /usr/bin/c++ - skipped
[0.233s] -- Detecting CXX compile features
[0.234s] -- Detecting CXX compile features - done
[0.237s] -- Found ament_cmake: 1.3.12 (/opt/ros/humble/share/ament_cmake/cmake)
[0.361s] -- Found Python3: /usr/bin/python3 (found version "3.10.12") found components: Interpreter 
[0.409s] -- Override CMake install command with custom implementation using symlinks instead of copying resources
[0.434s] -- Found moveit_core: 2.5.9 (/opt/ros/humble/share/moveit_core/cmake)
[0.585s] -- Found Boost: /usr/lib/x86_64-linux-gnu/cmake/Boost-1.74.0/BoostConfig.cmake (found version "1.74.0") found components: chrono date_time filesystem iostreams program_options regex serialization system thread 
[0.630s] -- Found parameter_traits: 0.5.0 (/opt/ros/humble/share/parameter_traits/cmake)
[0.661s] -- Found rosidl_generator_c: 3.1.7 (/opt/ros/humble/share/rosidl_generator_c/cmake)
[0.666s] -- Found rosidl_adapter: 3.1.7 (/opt/ros/humble/share/rosidl_adapter/cmake)
[0.673s] -- Found rosidl_generator_cpp: 3.1.7 (/opt/ros/humble/share/rosidl_generator_cpp/cmake)
[0.682s] -- Using all available rosidl_typesupport_c: rosidl_typesupport_fastrtps_c;rosidl_typesupport_introspection_c
[0.695s] -- Using all available rosidl_typesupport_cpp: rosidl_typesupport_fastrtps_cpp;rosidl_typesupport_introspection_cpp
[0.731s] -- Found rmw_implementation_cmake: 6.1.2 (/opt/ros/humble/share/rmw_implementation_cmake/cmake)
[0.733s] -- Found rmw_fastrtps_cpp: 6.2.9 (/opt/ros/humble/share/rmw_fastrtps_cpp/cmake)
[0.804s] -- Found OpenSSL: /usr/lib/x86_64-linux-gnu/libcrypto.so (found version "3.0.2")  
[0.826s] -- Found FastRTPS: /opt/ros/humble/include  
[0.862s] -- Using RMW implementation 'rmw_fastrtps_cpp' as default
[0.869s] -- Found Threads: TRUE  
[0.912s] -- Found rclcpp_lifecycle: 16.0.15 (/opt/ros/humble/share/rclcpp_lifecycle/cmake)
[0.930s] -- Found Boost: /usr/lib/x86_64-linux-gnu/cmake/Boost-1.74.0/BoostConfig.cmake (found version "1.74.0") found components: filesystem 
[1.015s] -- library: /usr/lib/x86_64-linux-gnu/libcurl.so
[1.063s] -- Found Eigen3: TRUE (found version "3.4.0") 
[1.063s] -- Ensuring Eigen3 include directory is part of orocos-kdl CMake target
[1.245s] -- Found moveit_ros_planning: 2.5.9 (/opt/ros/humble/share/moveit_ros_planning/cmake)
[1.249s] -- Found Boost: /usr/lib/x86_64-linux-gnu/cmake/Boost-1.74.0/BoostConfig.cmake (found version "1.74.0") found components: system filesystem date_time program_options thread chrono 
[1.267s] -- Found moveit_ros_planning_interface: 2.5.9 (/opt/ros/humble/share/moveit_ros_planning_interface/cmake)
[1.271s] -- Found Boost: /usr/lib/x86_64-linux-gnu/cmake/Boost-1.74.0/BoostConfig.cmake (found version "1.74.0") found components: date_time filesystem program_options system thread 
[1.282s] -- Found Boost: /usr/lib/x86_64-linux-gnu/cmake/Boost-1.74.0/BoostConfig.cmake (found version "1.74.0") found components: thread system filesystem regex date_time program_options 
[1.299s] -- Found Boost: /usr/lib/x86_64-linux-gnu/cmake/Boost-1.74.0/BoostConfig.cmake (found version "1.74.0") found components: system filesystem date_time program_options thread 
[1.373s] -- Configuring done
[1.395s] -- Generating done
[1.403s] -- Build files have been written to: /home/ale/Proyecto_CPR/rosbot_ws/build/open_manipulator_x_moveit
[1.413s] Invoked command in '/home/ale/Proyecto_CPR/rosbot_ws/build/open_manipulator_x_moveit' returned '0': CMAKE_PREFIX_PATH=/home/ale/Proyecto_CPR/rosbot_ws/install/rosbot_description:/home/ale/Proyecto_CPR/rosbot_ws/install/open_manipulator_x_description:/home/ale/Proyecto_CPR/rosbot_ws/install/open_manipulator_x_joy:/home/ale/Proyecto_CPR/rosbot_ws/install/husarion_components_description:/home/ale/Proyecto_CPR/rosbot_ws/install/dynamixel_hardware_interface:/home/ale/Proyecto_CPR/rosbot_ws/install/rosbot_localization:/home/ale/Proyecto_CPR/rosbot_ws/install/open_manipulator_x_moveit:/home/ale/Proyecto_CPR/rosbot_ws/install/rosbot:/home/ale/Proyecto_CPR/rosbot_ws/install/mecanum_drive_controller:/home/ale/Proyecto_CPR/rosbot_ws/install/husarion_gz_worlds:/home/ale/Proyecto_CPR/rosbot_ws/install/controldesc_pkg:/home/ale/Proyecto_CPR/rosbot_ws/install/rosbot_gazebo:/home/ale/Proyecto_CPR/rosbot_ws/install/rosbot_controller:/home/ale/Proyecto_CPR/rosbot_ws/install/rosbot_utils:/opt/ros/humble LD_LIBRARY_PATH=/home/ale/Proyecto_CPR/rosbot_ws/install/dynamixel_hardware_interface/lib:/home/ale/Proyecto_CPR/rosbot_ws/install/mecanum_drive_controller/lib:/usr/lib/x86_64-linux-gnu/gazebo-11/plugins:/opt/ros/humble/opt/rviz_ogre_vendor/lib:/opt/ros/humble/lib/x86_64-linux-gnu:/opt/ros/humble/opt/libphidget22/lib:/opt/ros/humble/lib:/usr/lib/x86_64-linux-gnu/gazebo-11/plugins /usr/bin/cmake /home/ale/Proyecto_CPR/rosbot_ws/src/open_manipulator_x/open_manipulator_x_moveit -DCMAKE_BUILD_TYPE=Release -DAMENT_CMAKE_SYMLINK_INSTALL=1 -DCMAKE_INSTALL_PREFIX=/home/ale/Proyecto_CPR/rosbot_ws/install/open_manipulator_x_moveit
[1.414s] Invoking command in '/home/ale/Proyecto_CPR/rosbot_ws/build/open_manipulator_x_moveit': CMAKE_PREFIX_PATH=/home/ale/Proyecto_CPR/rosbot_ws/install/rosbot_description:/home/ale/Proyecto_CPR/rosbot_ws/install/open_manipulator_x_description:/home/ale/Proyecto_CPR/rosbot_ws/install/open_manipulator_x_joy:/home/ale/Proyecto_CPR/rosbot_ws/install/husarion_components_description:/home/ale/Proyecto_CPR/rosbot_ws/install/dynamixel_hardware_interface:/home/ale/Proyecto_CPR/rosbot_ws/install/rosbot_localization:/home/ale/Proyecto_CPR/rosbot_ws/install/open_manipulator_x_moveit:/home/ale/Proyecto_CPR/rosbot_ws/install/rosbot:/home/ale/Proyecto_CPR/rosbot_ws/install/mecanum_drive_controller:/home/ale/Proyecto_CPR/rosbot_ws/install/husarion_gz_worlds:/home/ale/Proyecto_CPR/rosbot_ws/install/controldesc_pkg:/home/ale/Proyecto_CPR/rosbot_ws/install/rosbot_gazebo:/home/ale/Proyecto_CPR/rosbot_ws/install/rosbot_controller:/home/ale/Proyecto_CPR/rosbot_ws/install/rosbot_utils:/opt/ros/humble LD_LIBRARY_PATH=/home/ale/Proyecto_CPR/rosbot_ws/install/dynamixel_hardware_interface/lib:/home/ale/Proyecto_CPR/rosbot_ws/install/mecanum_drive_controller/lib:/usr/lib/x86_64-linux-gnu/gazebo-11/plugins:/opt/ros/humble/opt/rviz_ogre_vendor/lib:/opt/ros/humble/lib/x86_64-linux-gnu:/opt/ros/humble/opt/libphidget22/lib:/opt/ros/humble/lib:/usr/lib/x86_64-linux-gnu/gazebo-11/plugins /usr/bin/cmake --build /home/ale/Proyecto_CPR/rosbot_ws/build/open_manipulator_x_moveit -- -j16 -l16
[1.460s] [ 50%] [32mBuilding CXX object CMakeFiles/dock.dir/src/dock.cpp.o[0m
[1.460s] [ 50%] [32mBuilding CXX object CMakeFiles/home.dir/src/home.cpp.o[0m
[6.624s] [100%] [32m[1mLinking CXX executable dock[0m
[6.624s] [100%] [32m[1mLinking CXX executable home[0m
[6.806s] [100%] Built target dock
[6.806s] [100%] Built target home
[6.813s] Invoked command in '/home/ale/Proyecto_CPR/rosbot_ws/build/open_manipulator_x_moveit' returned '0': CMAKE_PREFIX_PATH=/home/ale/Proyecto_CPR/rosbot_ws/install/rosbot_description:/home/ale/Proyecto_CPR/rosbot_ws/install/open_manipulator_x_description:/home/ale/Proyecto_CPR/rosbot_ws/install/open_manipulator_x_joy:/home/ale/Proyecto_CPR/rosbot_ws/install/husarion_components_description:/home/ale/Proyecto_CPR/rosbot_ws/install/dynamixel_hardware_interface:/home/ale/Proyecto_CPR/rosbot_ws/install/rosbot_localization:/home/ale/Proyecto_CPR/rosbot_ws/install/open_manipulator_x_moveit:/home/ale/Proyecto_CPR/rosbot_ws/install/rosbot:/home/ale/Proyecto_CPR/rosbot_ws/install/mecanum_drive_controller:/home/ale/Proyecto_CPR/rosbot_ws/install/husarion_gz_worlds:/home/ale/Proyecto_CPR/rosbot_ws/install/controldesc_pkg:/home/ale/Proyecto_CPR/rosbot_ws/install/rosbot_gazebo:/home/ale/Proyecto_CPR/rosbot_ws/install/rosbot_controller:/home/ale/Proyecto_CPR/rosbot_ws/install/rosbot_utils:/opt/ros/humble LD_LIBRARY_PATH=/home/ale/Proyecto_CPR/rosbot_ws/install/dynamixel_hardware_interface/lib:/home/ale/Proyecto_CPR/rosbot_ws/install/mecanum_drive_controller/lib:/usr/lib/x86_64-linux-gnu/gazebo-11/plugins:/opt/ros/humble/opt/rviz_ogre_vendor/lib:/opt/ros/humble/lib/x86_64-linux-gnu:/opt/ros/humble/opt/libphidget22/lib:/opt/ros/humble/lib:/usr/lib/x86_64-linux-gnu/gazebo-11/plugins /usr/bin/cmake --build /home/ale/Proyecto_CPR/rosbot_ws/build/open_manipulator_x_moveit -- -j16 -l16
[6.814s] Invoking command in '/home/ale/Proyecto_CPR/rosbot_ws/build/open_manipulator_x_moveit': CMAKE_PREFIX_PATH=/home/ale/Proyecto_CPR/rosbot_ws/install/rosbot_description:/home/ale/Proyecto_CPR/rosbot_ws/install/open_manipulator_x_description:/home/ale/Proyecto_CPR/rosbot_ws/install/open_manipulator_x_joy:/home/ale/Proyecto_CPR/rosbot_ws/install/husarion_components_description:/home/ale/Proyecto_CPR/rosbot_ws/install/dynamixel_hardware_interface:/home/ale/Proyecto_CPR/rosbot_ws/install/rosbot_localization:/home/ale/Proyecto_CPR/rosbot_ws/install/open_manipulator_x_moveit:/home/ale/Proyecto_CPR/rosbot_ws/install/rosbot:/home/ale/Proyecto_CPR/rosbot_ws/install/mecanum_drive_controller:/home/ale/Proyecto_CPR/rosbot_ws/install/husarion_gz_worlds:/home/ale/Proyecto_CPR/rosbot_ws/install/controldesc_pkg:/home/ale/Proyecto_CPR/rosbot_ws/install/rosbot_gazebo:/home/ale/Proyecto_CPR/rosbot_ws/install/rosbot_controller:/home/ale/Proyecto_CPR/rosbot_ws/install/rosbot_utils:/opt/ros/humble LD_LIBRARY_PATH=/home/ale/Proyecto_CPR/rosbot_ws/install/dynamixel_hardware_interface/lib:/home/ale/Proyecto_CPR/rosbot_ws/install/mecanum_drive_controller/lib:/usr/lib/x86_64-linux-gnu/gazebo-11/plugins:/opt/ros/humble/opt/rviz_ogre_vendor/lib:/opt/ros/humble/lib/x86_64-linux-gnu:/opt/ros/humble/opt/libphidget22/lib:/opt/ros/humble/lib:/usr/lib/x86_64-linux-gnu/gazebo-11/plugins /usr/bin/cmake --install /home/ale/Proyecto_CPR/rosbot_ws/build/open_manipulator_x_moveit
[6.819s] -- Install configuration: "Release"
[6.819s] -- Execute custom install script
[6.820s] -- Symlinking: /home/ale/Proyecto_CPR/rosbot_ws/install/open_manipulator_x_moveit/lib/open_manipulator_x_moveit/dock
[6.825s] -- Symlinking: /home/ale/Proyecto_CPR/rosbot_ws/install/open_manipulator_x_moveit/lib/open_manipulator_x_moveit/home
[6.833s] -- Symlinking: /home/ale/Proyecto_CPR/rosbot_ws/install/open_manipulator_x_moveit/share/open_manipulator_x_moveit/config/joint_limits.yaml
[6.840s] -- Symlinking: /home/ale/Proyecto_CPR/rosbot_ws/install/open_manipulator_x_moveit/share/open_manipulator_x_moveit/config/kinematics.yaml
[6.847s] -- Symlinking: /home/ale/Proyecto_CPR/rosbot_ws/install/open_manipulator_x_moveit/share/open_manipulator_x_moveit/config/moveit.rviz
[6.852s] -- Symlinking: /home/ale/Proyecto_CPR/rosbot_ws/install/open_manipulator_x_moveit/share/open_manipulator_x_moveit/config/moveit_controllers.yaml
[6.857s] -- Symlinking: /home/ale/Proyecto_CPR/rosbot_ws/install/open_manipulator_x_moveit/share/open_manipulator_x_moveit/config/ompl_planning.yaml
[6.862s] -- Symlinking: /home/ale/Proyecto_CPR/rosbot_ws/install/open_manipulator_x_moveit/share/open_manipulator_x_moveit/config/pilz_cartesian_limits.yaml
[6.868s] -- Symlinking: /home/ale/Proyecto_CPR/rosbot_ws/install/open_manipulator_x_moveit/share/open_manipulator_x_moveit/config/rosbot_xl.srdf
[6.873s] -- Symlinking: /home/ale/Proyecto_CPR/rosbot_ws/install/open_manipulator_x_moveit/share/open_manipulator_x_moveit/launch/move_group.launch.py
[6.878s] -- Symlinking: /home/ale/Proyecto_CPR/rosbot_ws/install/open_manipulator_x_moveit/share/open_manipulator_x_moveit/launch/rviz.launch.py
[6.882s] -- Symlinking: /home/ale/Proyecto_CPR/rosbot_ws/install/open_manipulator_x_moveit/share/open_manipulator_x_moveit/launch/servo.launch.py
[6.889s] -- Symlinking: /home/ale/Proyecto_CPR/rosbot_ws/install/open_manipulator_x_moveit/share/open_manipulator_x_moveit/launch/setup_assistant.launch.py
[6.894s] -- Symlinking: /home/ale/Proyecto_CPR/rosbot_ws/install/open_manipulator_x_moveit/share/open_manipulator_x_moveit/.setup_assistant
[6.899s] -- Symlinking: /home/ale/Proyecto_CPR/rosbot_ws/install/open_manipulator_x_moveit/share/ament_index/resource_index/package_run_dependencies/open_manipulator_x_moveit
[6.904s] -- Symlinking: /home/ale/Proyecto_CPR/rosbot_ws/install/open_manipulator_x_moveit/share/ament_index/resource_index/parent_prefix_path/open_manipulator_x_moveit
[6.909s] -- Symlinking: /home/ale/Proyecto_CPR/rosbot_ws/install/open_manipulator_x_moveit/share/open_manipulator_x_moveit/environment/ament_prefix_path.sh
[6.915s] -- Symlinking: /home/ale/Proyecto_CPR/rosbot_ws/install/open_manipulator_x_moveit/share/open_manipulator_x_moveit/environment/ament_prefix_path.dsv
[6.920s] -- Symlinking: /home/ale/Proyecto_CPR/rosbot_ws/install/open_manipulator_x_moveit/share/open_manipulator_x_moveit/environment/path.sh
[6.924s] -- Symlinking: /home/ale/Proyecto_CPR/rosbot_ws/install/open_manipulator_x_moveit/share/open_manipulator_x_moveit/environment/path.dsv
[6.929s] -- Symlinking: /home/ale/Proyecto_CPR/rosbot_ws/install/open_manipulator_x_moveit/share/open_manipulator_x_moveit/local_setup.bash
[6.934s] -- Symlinking: /home/ale/Proyecto_CPR/rosbot_ws/install/open_manipulator_x_moveit/share/open_manipulator_x_moveit/local_setup.sh
[6.940s] -- Symlinking: /home/ale/Proyecto_CPR/rosbot_ws/install/open_manipulator_x_moveit/share/open_manipulator_x_moveit/local_setup.zsh
[6.947s] -- Symlinking: /home/ale/Proyecto_CPR/rosbot_ws/install/open_manipulator_x_moveit/share/open_manipulator_x_moveit/local_setup.dsv
[6.952s] -- Symlinking: /home/ale/Proyecto_CPR/rosbot_ws/install/open_manipulator_x_moveit/share/open_manipulator_x_moveit/package.dsv
[6.957s] -- Symlinking: /home/ale/Proyecto_CPR/rosbot_ws/install/open_manipulator_x_moveit/share/ament_index/resource_index/packages/open_manipulator_x_moveit
[6.961s] -- Symlinking: /home/ale/Proyecto_CPR/rosbot_ws/install/open_manipulator_x_moveit/share/open_manipulator_x_moveit/cmake/open_manipulator_x_moveitConfig.cmake
[6.966s] -- Symlinking: /home/ale/Proyecto_CPR/rosbot_ws/install/open_manipulator_x_moveit/share/open_manipulator_x_moveit/cmake/open_manipulator_x_moveitConfig-version.cmake
[6.971s] -- Symlinking: /home/ale/Proyecto_CPR/rosbot_ws/install/open_manipulator_x_moveit/share/open_manipulator_x_moveit/package.xml
[6.979s] Invoked command in '/home/ale/Proyecto_CPR/rosbot_ws/build/open_manipulator_x_moveit' returned '0': CMAKE_PREFIX_PATH=/home/ale/Proyecto_CPR/rosbot_ws/install/rosbot_description:/home/ale/Proyecto_CPR/rosbot_ws/install/open_manipulator_x_description:/home/ale/Proyecto_CPR/rosbot_ws/install/open_manipulator_x_joy:/home/ale/Proyecto_CPR/rosbot_ws/install/husarion_components_description:/home/ale/Proyecto_CPR/rosbot_ws/install/dynamixel_hardware_interface:/home/ale/Proyecto_CPR/rosbot_ws/install/rosbot_localization:/home/ale/Proyecto_CPR/rosbot_ws/install/open_manipulator_x_moveit:/home/ale/Proyecto_CPR/rosbot_ws/install/rosbot:/home/ale/Proyecto_CPR/rosbot_ws/install/mecanum_drive_controller:/home/ale/Proyecto_CPR/rosbot_ws/install/husarion_gz_worlds:/home/ale/Proyecto_CPR/rosbot_ws/install/controldesc_pkg:/home/ale/Proyecto_CPR/rosbot_ws/install/rosbot_gazebo:/home/ale/Proyecto_CPR/rosbot_ws/install/rosbot_controller:/home/ale/Proyecto_CPR/rosbot_ws/install/rosbot_utils:/opt/ros/humble LD_LIBRARY_PATH=/home/ale/Proyecto_CPR/rosbot_ws/install/dynamixel_hardware_interface/lib:/home/ale/Proyecto_CPR/rosbot_ws/install/mecanum_drive_controller/lib:/usr/lib/x86_64-linux-gnu/gazebo-11/plugins:/opt/ros/humble/opt/rviz_ogre_vendor/lib:/opt/ros/humble/lib/x86_64-linux-gnu:/opt/ros/humble/opt/libphidget22/lib:/opt/ros/humble/lib:/usr/lib/x86_64-linux-gnu/gazebo-11/plugins /usr/bin/cmake --install /home/ale/Proyecto_CPR/rosbot_ws/build/open_manipulator_x_moveit
