running develop
running egg_info
creating rosbot_controller.egg-info
writing rosbot_controller.egg-info/PKG-INFO
writing dependency_links to rosbot_controller.egg-info/dependency_links.txt
writing entry points to rosbot_controller.egg-info/entry_points.txt
writing requirements to rosbot_controller.egg-info/requires.txt
writing top-level names to rosbot_controller.egg-info/top_level.txt
writing manifest file 'rosbot_controller.egg-info/SOURCES.txt'
reading manifest file 'rosbot_controller.egg-info/SOURCES.txt'
writing manifest file 'rosbot_controller.egg-info/SOURCES.txt'
running build_ext
Creating /home/ale/Proyecto_CPR/rosbot_ws/install/rosbot_controller/lib/python3.10/site-packages/rosbot-controller.egg-link (link to .)

Installed /home/ale/Proyecto_CPR/rosbot_ws/build/rosbot_controller
running symlink_data
creating /home/ale/Proyecto_CPR/rosbot_ws/install/rosbot_controller/share/ament_index
creating /home/ale/Proyecto_CPR/rosbot_ws/install/rosbot_controller/share/ament_index/resource_index
creating /home/ale/Proyecto_CPR/rosbot_ws/install/rosbot_controller/share/ament_index/resource_index/packages
symbolically linking /home/ale/Proyecto_CPR/rosbot_ws/build/rosbot_controller/resource/rosbot_controller -> /home/ale/Proyecto_CPR/rosbot_ws/install/rosbot_controller/share/ament_index/resource_index/packages
symbolically linking /home/ale/Proyecto_CPR/rosbot_ws/build/rosbot_controller/package.xml -> /home/ale/Proyecto_CPR/rosbot_ws/install/rosbot_controller/share/rosbot_controller
creating /home/ale/Proyecto_CPR/rosbot_ws/install/rosbot_controller/share/rosbot_controller/config
creating /home/ale/Proyecto_CPR/rosbot_ws/install/rosbot_controller/share/rosbot_controller/config/rosbot
symbolically linking /home/ale/Proyecto_CPR/rosbot_ws/build/rosbot_controller/config/rosbot/mecanum_drive_controller.yaml -> /home/ale/Proyecto_CPR/rosbot_ws/install/rosbot_controller/share/rosbot_controller/config/rosbot
symbolically linking /home/ale/Proyecto_CPR/rosbot_ws/build/rosbot_controller/config/rosbot/diff_drive_controller.yaml -> /home/ale/Proyecto_CPR/rosbot_ws/install/rosbot_controller/share/rosbot_controller/config/rosbot
creating /home/ale/Proyecto_CPR/rosbot_ws/install/rosbot_controller/share/rosbot_controller/config/rosbot_xl
symbolically linking /home/ale/Proyecto_CPR/rosbot_ws/build/rosbot_controller/config/rosbot_xl/mecanum_drive_manipulator_controller.yaml -> /home/ale/Proyecto_CPR/rosbot_ws/install/rosbot_controller/share/rosbot_controller/config/rosbot_xl
symbolically linking /home/ale/Proyecto_CPR/rosbot_ws/build/rosbot_controller/config/rosbot_xl/diff_drive_manipulator_controller.yaml -> /home/ale/Proyecto_CPR/rosbot_ws/install/rosbot_controller/share/rosbot_controller/config/rosbot_xl
symbolically linking /home/ale/Proyecto_CPR/rosbot_ws/build/rosbot_controller/config/rosbot_xl/mecanum_drive_controller.yaml -> /home/ale/Proyecto_CPR/rosbot_ws/install/rosbot_controller/share/rosbot_controller/config/rosbot_xl
symbolically linking /home/ale/Proyecto_CPR/rosbot_ws/build/rosbot_controller/config/rosbot_xl/diff_drive_controller.yaml -> /home/ale/Proyecto_CPR/rosbot_ws/install/rosbot_controller/share/rosbot_controller/config/rosbot_xl
creating /home/ale/Proyecto_CPR/rosbot_ws/install/rosbot_controller/share/rosbot_controller/launch
symbolically linking /home/ale/Proyecto_CPR/rosbot_ws/build/rosbot_controller/launch/manipulator.launch.py -> /home/ale/Proyecto_CPR/rosbot_ws/install/rosbot_controller/share/rosbot_controller/launch
symbolically linking /home/ale/Proyecto_CPR/rosbot_ws/build/rosbot_controller/launch/controller.launch.py -> /home/ale/Proyecto_CPR/rosbot_ws/install/rosbot_controller/share/rosbot_controller/launch
