[0.436s] Invoking command in '/home/ale/Proyecto_CPR/rosbot_ws/build/rosbot_controller': AMENT_PREFIX_PATH=/home/ale/Proyecto_CPR/rosbot_ws/install/rosbot_utils:/home/ale/Proyecto_CPR/rosbot_ws/install/rosbot:/home/ale/Proyecto_CPR/rosbot_ws/install/rosbot_localization:/home/ale/Proyecto_CPR/rosbot_ws/install/open_manipulator_x_moveit:/home/ale/Proyecto_CPR/rosbot_ws/install/rosbot_description:/home/ale/Proyecto_CPR/rosbot_ws/install/open_manipulator_x_joy:/home/ale/Proyecto_CPR/rosbot_ws/install/open_manipulator_x_description:/home/ale/Proyecto_CPR/rosbot_ws/install/mecanum_drive_controller:/home/ale/Proyecto_CPR/rosbot_ws/install/husarion_gz_worlds:/home/ale/Proyecto_CPR/rosbot_ws/install/husarion_components_description:/home/ale/Proyecto_CPR/rosbot_ws/install/dynamixel_hardware_interface:/home/ale/Proyecto_CPR/rosbot_ws/install/rosbot_gazebo:/home/ale/Proyecto_CPR/rosbot_ws/install/rosbot_controller:/home/ale/Proyecto_CPR/rosbot_ws/install/controldesc_pkg:/opt/ros/humble CMAKE_PREFIX_PATH=/home/ale/Proyecto_CPR/rosbot_ws/install/open_manipulator_x_moveit:/home/ale/Proyecto_CPR/rosbot_ws/install/rosbot_description:/home/ale/Proyecto_CPR/rosbot_ws/install/open_manipulator_x_description:/home/ale/Proyecto_CPR/rosbot_ws/install/open_manipulator_x_joy:/home/ale/Proyecto_CPR/rosbot_ws/install/mecanum_drive_controller:/home/ale/Proyecto_CPR/rosbot_ws/install/husarion_components_description:/home/ale/Proyecto_CPR/rosbot_ws/install/dynamixel_hardware_interface:/home/ale/Proyecto_CPR/rosbot_ws/install/rosbot_localization:/home/ale/Proyecto_CPR/rosbot_ws/install/rosbot:/home/ale/Proyecto_CPR/rosbot_ws/install/husarion_gz_worlds:/home/ale/Proyecto_CPR/rosbot_ws/install/controldesc_pkg LD_LIBRARY_PATH=/home/ale/Proyecto_CPR/rosbot_ws/install/mecanum_drive_controller/lib:/home/ale/Proyecto_CPR/rosbot_ws/install/dynamixel_hardware_interface/lib:/usr/lib/x86_64-linux-gnu/gazebo-11/plugins:/opt/ros/humble/opt/rviz_ogre_vendor/lib:/opt/ros/humble/lib/x86_64-linux-gnu:/opt/ros/humble/opt/libphidget22/lib:/opt/ros/humble/lib:/usr/lib/x86_64-linux-gnu/gazebo-11/plugins PYTHONPATH=/home/ale/Proyecto_CPR/rosbot_ws/build/rosbot_controller/prefix_override:/usr/lib/python3/dist-packages/colcon_core/task/python/colcon_distutils_commands:/home/ale/Proyecto_CPR/rosbot_ws/install/rosbot_controller/lib/python3.10/site-packages:/home/ale/Proyecto_CPR/rosbot_ws/build/rosbot_utils:/home/ale/Proyecto_CPR/rosbot_ws/install/rosbot_utils/lib/python3.10/site-packages:/home/ale/Proyecto_CPR/rosbot_ws/build/rosbot_gazebo:/home/ale/Proyecto_CPR/rosbot_ws/build/rosbot_controller:/home/ana/rosbot_ws/build/rosbot_gazebo:/home/ale/Proyecto_CPR/rosbot_ws/install/rosbot_gazebo/lib/python3.10/site-packages:/home/ana/rosbot_ws/build/rosbot_controller:/home/ale/Proyecto_CPR/rosbot_ws/install/rosbot_controller/lib/python3.10/site-packages:/home/ana/rosbot_ws/build/rosbot_utils:/opt/ros/humble/lib/python3.10/site-packages:/opt/ros/humble/local/lib/python3.10/dist-packages /usr/bin/python3 -W ignore:setup.py install is deprecated -W ignore:easy_install command is deprecated setup.py develop --editable --build-directory /home/ale/Proyecto_CPR/rosbot_ws/build/rosbot_controller/build --no-deps symlink_data
[0.622s] running develop
[0.750s] running egg_info
[0.750s] creating rosbot_controller.egg-info
[0.750s] writing rosbot_controller.egg-info/PKG-INFO
[0.750s] writing dependency_links to rosbot_controller.egg-info/dependency_links.txt
[0.750s] writing entry points to rosbot_controller.egg-info/entry_points.txt
[0.750s] writing requirements to rosbot_controller.egg-info/requires.txt
[0.750s] writing top-level names to rosbot_controller.egg-info/top_level.txt
[0.750s] writing manifest file 'rosbot_controller.egg-info/SOURCES.txt'
[0.751s] reading manifest file 'rosbot_controller.egg-info/SOURCES.txt'
[0.751s] writing manifest file 'rosbot_controller.egg-info/SOURCES.txt'
[0.752s] running build_ext
[0.753s] Creating /home/ale/Proyecto_CPR/rosbot_ws/install/rosbot_controller/lib/python3.10/site-packages/rosbot-controller.egg-link (link to .)
[0.753s] 
[0.753s] Installed /home/ale/Proyecto_CPR/rosbot_ws/build/rosbot_controller
[0.753s] running symlink_data
[0.753s] creating /home/ale/Proyecto_CPR/rosbot_ws/install/rosbot_controller/share/ament_index
[0.753s] creating /home/ale/Proyecto_CPR/rosbot_ws/install/rosbot_controller/share/ament_index/resource_index
[0.753s] creating /home/ale/Proyecto_CPR/rosbot_ws/install/rosbot_controller/share/ament_index/resource_index/packages
[0.754s] symbolically linking /home/ale/Proyecto_CPR/rosbot_ws/build/rosbot_controller/resource/rosbot_controller -> /home/ale/Proyecto_CPR/rosbot_ws/install/rosbot_controller/share/ament_index/resource_index/packages
[0.754s] symbolically linking /home/ale/Proyecto_CPR/rosbot_ws/build/rosbot_controller/package.xml -> /home/ale/Proyecto_CPR/rosbot_ws/install/rosbot_controller/share/rosbot_controller
[0.754s] creating /home/ale/Proyecto_CPR/rosbot_ws/install/rosbot_controller/share/rosbot_controller/config
[0.754s] creating /home/ale/Proyecto_CPR/rosbot_ws/install/rosbot_controller/share/rosbot_controller/config/rosbot
[0.754s] symbolically linking /home/ale/Proyecto_CPR/rosbot_ws/build/rosbot_controller/config/rosbot/mecanum_drive_controller.yaml -> /home/ale/Proyecto_CPR/rosbot_ws/install/rosbot_controller/share/rosbot_controller/config/rosbot
[0.754s] symbolically linking /home/ale/Proyecto_CPR/rosbot_ws/build/rosbot_controller/config/rosbot/diff_drive_controller.yaml -> /home/ale/Proyecto_CPR/rosbot_ws/install/rosbot_controller/share/rosbot_controller/config/rosbot
[0.754s] creating /home/ale/Proyecto_CPR/rosbot_ws/install/rosbot_controller/share/rosbot_controller/config/rosbot_xl
[0.754s] symbolically linking /home/ale/Proyecto_CPR/rosbot_ws/build/rosbot_controller/config/rosbot_xl/mecanum_drive_manipulator_controller.yaml -> /home/ale/Proyecto_CPR/rosbot_ws/install/rosbot_controller/share/rosbot_controller/config/rosbot_xl
[0.754s] symbolically linking /home/ale/Proyecto_CPR/rosbot_ws/build/rosbot_controller/config/rosbot_xl/diff_drive_manipulator_controller.yaml -> /home/ale/Proyecto_CPR/rosbot_ws/install/rosbot_controller/share/rosbot_controller/config/rosbot_xl
[0.754s] symbolically linking /home/ale/Proyecto_CPR/rosbot_ws/build/rosbot_controller/config/rosbot_xl/mecanum_drive_controller.yaml -> /home/ale/Proyecto_CPR/rosbot_ws/install/rosbot_controller/share/rosbot_controller/config/rosbot_xl
[0.754s] symbolically linking /home/ale/Proyecto_CPR/rosbot_ws/build/rosbot_controller/config/rosbot_xl/diff_drive_controller.yaml -> /home/ale/Proyecto_CPR/rosbot_ws/install/rosbot_controller/share/rosbot_controller/config/rosbot_xl
[0.754s] creating /home/ale/Proyecto_CPR/rosbot_ws/install/rosbot_controller/share/rosbot_controller/launch
[0.754s] symbolically linking /home/ale/Proyecto_CPR/rosbot_ws/build/rosbot_controller/launch/manipulator.launch.py -> /home/ale/Proyecto_CPR/rosbot_ws/install/rosbot_controller/share/rosbot_controller/launch
[0.754s] symbolically linking /home/ale/Proyecto_CPR/rosbot_ws/build/rosbot_controller/launch/controller.launch.py -> /home/ale/Proyecto_CPR/rosbot_ws/install/rosbot_controller/share/rosbot_controller/launch
[0.770s] Invoked command in '/home/ale/Proyecto_CPR/rosbot_ws/build/rosbot_controller' returned '0': AMENT_PREFIX_PATH=/home/ale/Proyecto_CPR/rosbot_ws/install/rosbot_utils:/home/ale/Proyecto_CPR/rosbot_ws/install/rosbot:/home/ale/Proyecto_CPR/rosbot_ws/install/rosbot_localization:/home/ale/Proyecto_CPR/rosbot_ws/install/open_manipulator_x_moveit:/home/ale/Proyecto_CPR/rosbot_ws/install/rosbot_description:/home/ale/Proyecto_CPR/rosbot_ws/install/open_manipulator_x_joy:/home/ale/Proyecto_CPR/rosbot_ws/install/open_manipulator_x_description:/home/ale/Proyecto_CPR/rosbot_ws/install/mecanum_drive_controller:/home/ale/Proyecto_CPR/rosbot_ws/install/husarion_gz_worlds:/home/ale/Proyecto_CPR/rosbot_ws/install/husarion_components_description:/home/ale/Proyecto_CPR/rosbot_ws/install/dynamixel_hardware_interface:/home/ale/Proyecto_CPR/rosbot_ws/install/rosbot_gazebo:/home/ale/Proyecto_CPR/rosbot_ws/install/rosbot_controller:/home/ale/Proyecto_CPR/rosbot_ws/install/controldesc_pkg:/opt/ros/humble CMAKE_PREFIX_PATH=/home/ale/Proyecto_CPR/rosbot_ws/install/open_manipulator_x_moveit:/home/ale/Proyecto_CPR/rosbot_ws/install/rosbot_description:/home/ale/Proyecto_CPR/rosbot_ws/install/open_manipulator_x_description:/home/ale/Proyecto_CPR/rosbot_ws/install/open_manipulator_x_joy:/home/ale/Proyecto_CPR/rosbot_ws/install/mecanum_drive_controller:/home/ale/Proyecto_CPR/rosbot_ws/install/husarion_components_description:/home/ale/Proyecto_CPR/rosbot_ws/install/dynamixel_hardware_interface:/home/ale/Proyecto_CPR/rosbot_ws/install/rosbot_localization:/home/ale/Proyecto_CPR/rosbot_ws/install/rosbot:/home/ale/Proyecto_CPR/rosbot_ws/install/husarion_gz_worlds:/home/ale/Proyecto_CPR/rosbot_ws/install/controldesc_pkg LD_LIBRARY_PATH=/home/ale/Proyecto_CPR/rosbot_ws/install/mecanum_drive_controller/lib:/home/ale/Proyecto_CPR/rosbot_ws/install/dynamixel_hardware_interface/lib:/usr/lib/x86_64-linux-gnu/gazebo-11/plugins:/opt/ros/humble/opt/rviz_ogre_vendor/lib:/opt/ros/humble/lib/x86_64-linux-gnu:/opt/ros/humble/opt/libphidget22/lib:/opt/ros/humble/lib:/usr/lib/x86_64-linux-gnu/gazebo-11/plugins PYTHONPATH=/home/ale/Proyecto_CPR/rosbot_ws/build/rosbot_controller/prefix_override:/usr/lib/python3/dist-packages/colcon_core/task/python/colcon_distutils_commands:/home/ale/Proyecto_CPR/rosbot_ws/install/rosbot_controller/lib/python3.10/site-packages:/home/ale/Proyecto_CPR/rosbot_ws/build/rosbot_utils:/home/ale/Proyecto_CPR/rosbot_ws/install/rosbot_utils/lib/python3.10/site-packages:/home/ale/Proyecto_CPR/rosbot_ws/build/rosbot_gazebo:/home/ale/Proyecto_CPR/rosbot_ws/build/rosbot_controller:/home/ana/rosbot_ws/build/rosbot_gazebo:/home/ale/Proyecto_CPR/rosbot_ws/install/rosbot_gazebo/lib/python3.10/site-packages:/home/ana/rosbot_ws/build/rosbot_controller:/home/ale/Proyecto_CPR/rosbot_ws/install/rosbot_controller/lib/python3.10/site-packages:/home/ana/rosbot_ws/build/rosbot_utils:/opt/ros/humble/lib/python3.10/site-packages:/opt/ros/humble/local/lib/python3.10/dist-packages /usr/bin/python3 -W ignore:setup.py install is deprecated -W ignore:easy_install command is deprecated setup.py develop --editable --build-directory /home/ale/Proyecto_CPR/rosbot_ws/build/rosbot_controller/build --no-deps symlink_data
