[0.724s] Invoking command in '/home/ale/Proyecto_CPR/rosbot_ws/src/rosbot_ros/rosbot_bringup': PYTHONPATH=/home/ale/Proyecto_CPR/rosbot_ws/build/rosbot_bringup/prefix_override:/usr/lib/python3/dist-packages/colcon_core/task/python/colcon_distutils_commands:/home/ale/Proyecto_CPR/rosbot_ws/install/rosbot_bringup/lib/python3.10/site-packages:${PYTHONPATH} /usr/bin/python3 -W ignore:setup.py install is deprecated -W ignore:easy_install command is deprecated setup.py egg_info --egg-base ../../../build/rosbot_bringup build --build-base /home/ale/Proyecto_CPR/rosbot_ws/build/rosbot_bringup/build install --record /home/ale/Proyecto_CPR/rosbot_ws/build/rosbot_bringup/install.log --single-version-externally-managed install_data
[0.939s] running egg_info
[0.939s] creating ../../../build/rosbot_bringup/rosbot_bringup.egg-info
[0.939s] writing ../../../build/rosbot_bringup/rosbot_bringup.egg-info/PKG-INFO
[0.940s] writing dependency_links to ../../../build/rosbot_bringup/rosbot_bringup.egg-info/dependency_links.txt
[0.940s] writing entry points to ../../../build/rosbot_bringup/rosbot_bringup.egg-info/entry_points.txt
[0.940s] writing requirements to ../../../build/rosbot_bringup/rosbot_bringup.egg-info/requires.txt
[0.940s] writing top-level names to ../../../build/rosbot_bringup/rosbot_bringup.egg-info/top_level.txt
[0.940s] writing manifest file '../../../build/rosbot_bringup/rosbot_bringup.egg-info/SOURCES.txt'
[0.941s] reading manifest file '../../../build/rosbot_bringup/rosbot_bringup.egg-info/SOURCES.txt'
[0.942s] writing manifest file '../../../build/rosbot_bringup/rosbot_bringup.egg-info/SOURCES.txt'
[0.942s] running build
[0.942s] running install
[0.943s] running install_data
[0.943s] creating /home/ale/Proyecto_CPR/rosbot_ws/install/rosbot_bringup/share/ament_index
[0.943s] creating /home/ale/Proyecto_CPR/rosbot_ws/install/rosbot_bringup/share/ament_index/resource_index
[0.943s] creating /home/ale/Proyecto_CPR/rosbot_ws/install/rosbot_bringup/share/ament_index/resource_index/packages
[0.943s] copying resource/rosbot_bringup -> /home/ale/Proyecto_CPR/rosbot_ws/install/rosbot_bringup/share/ament_index/resource_index/packages
[0.943s] copying package.xml -> /home/ale/Proyecto_CPR/rosbot_ws/install/rosbot_bringup/share/rosbot_bringup
[0.943s] creating /home/ale/Proyecto_CPR/rosbot_ws/install/rosbot_bringup/share/rosbot_bringup/config
[0.943s] copying config/microros_localhost_only.xml -> /home/ale/Proyecto_CPR/rosbot_ws/install/rosbot_bringup/share/rosbot_bringup/config
[0.943s] creating /home/ale/Proyecto_CPR/rosbot_ws/install/rosbot_bringup/share/rosbot_bringup/launch
[0.944s] copying launch/microros.launch.py -> /home/ale/Proyecto_CPR/rosbot_ws/install/rosbot_bringup/share/rosbot_bringup/launch
[0.944s] copying launch/bringup.launch.py -> /home/ale/Proyecto_CPR/rosbot_ws/install/rosbot_bringup/share/rosbot_bringup/launch
[0.944s] running install_egg_info
[0.947s] Copying ../../../build/rosbot_bringup/rosbot_bringup.egg-info to /home/ale/Proyecto_CPR/rosbot_ws/install/rosbot_bringup/lib/python3.10/site-packages/rosbot_bringup-0.15.2-py3.10.egg-info
[0.948s] running install_scripts
[0.973s] writing list of installed files to '/home/ale/Proyecto_CPR/rosbot_ws/build/rosbot_bringup/install.log'
[0.999s] Invoked command in '/home/ale/Proyecto_CPR/rosbot_ws/src/rosbot_ros/rosbot_bringup' returned '0': PYTHONPATH=/home/ale/Proyecto_CPR/rosbot_ws/build/rosbot_bringup/prefix_override:/usr/lib/python3/dist-packages/colcon_core/task/python/colcon_distutils_commands:/home/ale/Proyecto_CPR/rosbot_ws/install/rosbot_bringup/lib/python3.10/site-packages:${PYTHONPATH} /usr/bin/python3 -W ignore:setup.py install is deprecated -W ignore:easy_install command is deprecated setup.py egg_info --egg-base ../../../build/rosbot_bringup build --build-base /home/ale/Proyecto_CPR/rosbot_ws/build/rosbot_bringup/build install --record /home/ale/Proyecto_CPR/rosbot_ws/build/rosbot_bringup/install.log --single-version-externally-managed install_data
