running develop
Removing /home/ale/Proyecto_CPR/rosbot_ws/install/rosbot_gazebo/lib/python3.10/site-packages/rosbot-gazebo.egg-link (link to .)
running egg_info
writing ../../../build/rosbot_gazebo/rosbot_gazebo.egg-info/PKG-INFO
writing dependency_links to ../../../build/rosbot_gazebo/rosbot_gazebo.egg-info/dependency_links.txt
writing entry points to ../../../build/rosbot_gazebo/rosbot_gazebo.egg-info/entry_points.txt
writing requirements to ../../../build/rosbot_gazebo/rosbot_gazebo.egg-info/requires.txt
writing top-level names to ../../../build/rosbot_gazebo/rosbot_gazebo.egg-info/top_level.txt
reading manifest file '../../../build/rosbot_gazebo/rosbot_gazebo.egg-info/SOURCES.txt'
writing manifest file '../../../build/rosbot_gazebo/rosbot_gazebo.egg-info/SOURCES.txt'
running build
running install
running install_data
copying resource/rosbot_gazebo -> /home/ale/Proyecto_CPR/rosbot_ws/install/rosbot_gazebo/share/ament_index/resource_index/packages
copying package.xml -> /home/ale/Proyecto_CPR/rosbot_ws/install/rosbot_gazebo/share/rosbot_gazebo
copying launch/spawn_robot.launch.py -> /home/ale/Proyecto_CPR/rosbot_ws/install/rosbot_gazebo/share/rosbot_gazebo/launch
copying launch/simulation.launch.py -> /home/ale/Proyecto_CPR/rosbot_ws/install/rosbot_gazebo/share/rosbot_gazebo/launch
copying config/gz_bridge.yaml -> /home/ale/Proyecto_CPR/rosbot_ws/install/rosbot_gazebo/share/rosbot_gazebo/config
copying config/rosbot_bridge.yaml -> /home/ale/Proyecto_CPR/rosbot_ws/install/rosbot_gazebo/share/rosbot_gazebo/config
running install_egg_info
Copying ../../../build/rosbot_gazebo/rosbot_gazebo.egg-info to /home/ale/Proyecto_CPR/rosbot_ws/install/rosbot_gazebo/lib/python3.10/site-packages/rosbot_gazebo-0.15.2-py3.10.egg-info
running install_scripts
writing list of installed files to '/home/ale/Proyecto_CPR/rosbot_ws/build/rosbot_gazebo/install.log'
