running develop
running egg_info
creating rosbot_utils.egg-info
writing rosbot_utils.egg-info/PKG-INFO
writing dependency_links to rosbot_utils.egg-info/dependency_links.txt
writing entry points to rosbot_utils.egg-info/entry_points.txt
writing requirements to rosbot_utils.egg-info/requires.txt
writing top-level names to rosbot_utils.egg-info/top_level.txt
writing manifest file 'rosbot_utils.egg-info/SOURCES.txt'
reading manifest file 'rosbot_utils.egg-info/SOURCES.txt'
writing manifest file 'rosbot_utils.egg-info/SOURCES.txt'
running build_ext
Creating /home/ale/Proyecto_CPR/rosbot_ws/install/rosbot_utils/lib/python3.10/site-packages/rosbot-utils.egg-link (link to .)
Installing flash_firmware script to /home/ale/Proyecto_CPR/rosbot_ws/install/rosbot_utils/lib/rosbot_utils

Installed /home/ale/Proyecto_CPR/rosbot_ws/build/rosbot_utils
running symlink_data
creating /home/ale/Proyecto_CPR/rosbot_ws/install/rosbot_utils/share/ament_index
creating /home/ale/Proyecto_CPR/rosbot_ws/install/rosbot_utils/share/ament_index/resource_index
creating /home/ale/Proyecto_CPR/rosbot_ws/install/rosbot_utils/share/ament_index/resource_index/packages
symbolically linking /home/ale/Proyecto_CPR/rosbot_ws/build/rosbot_utils/resource/rosbot_utils -> /home/ale/Proyecto_CPR/rosbot_ws/install/rosbot_utils/share/ament_index/resource_index/packages
symbolically linking /home/ale/Proyecto_CPR/rosbot_ws/build/rosbot_utils/package.xml -> /home/ale/Proyecto_CPR/rosbot_ws/install/rosbot_utils/share/rosbot_utils
creating /home/ale/Proyecto_CPR/rosbot_ws/install/rosbot_utils/share/rosbot_utils/config
creating /home/ale/Proyecto_CPR/rosbot_ws/install/rosbot_utils/share/rosbot_utils/config/rosbot
symbolically linking /home/ale/Proyecto_CPR/rosbot_ws/build/rosbot_utils/config/rosbot/laser_filter.yaml -> /home/ale/Proyecto_CPR/rosbot_ws/install/rosbot_utils/share/rosbot_utils/config/rosbot
creating /home/ale/Proyecto_CPR/rosbot_ws/install/rosbot_utils/share/rosbot_utils/config/rosbot_xl
symbolically linking /home/ale/Proyecto_CPR/rosbot_ws/build/rosbot_utils/config/rosbot_xl/laser_filter.yaml -> /home/ale/Proyecto_CPR/rosbot_ws/install/rosbot_utils/share/rosbot_utils/config/rosbot_xl
creating /home/ale/Proyecto_CPR/rosbot_ws/install/rosbot_utils/share/rosbot_utils/firmware
creating /home/ale/Proyecto_CPR/rosbot_ws/install/rosbot_utils/share/rosbot_utils/firmware/rosbot
symbolically linking /home/ale/Proyecto_CPR/rosbot_ws/build/rosbot_utils/firmware/rosbot/v0.11.0.bin -> /home/ale/Proyecto_CPR/rosbot_ws/install/rosbot_utils/share/rosbot_utils/firmware/rosbot
creating /home/ale/Proyecto_CPR/rosbot_ws/install/rosbot_utils/share/rosbot_utils/firmware/rosbot_xl
symbolically linking /home/ale/Proyecto_CPR/rosbot_ws/build/rosbot_utils/firmware/rosbot_xl/v1.4.0.bin -> /home/ale/Proyecto_CPR/rosbot_ws/install/rosbot_utils/share/rosbot_utils/firmware/rosbot_xl
creating /home/ale/Proyecto_CPR/rosbot_ws/install/rosbot_utils/share/rosbot_utils/launch
symbolically linking /home/ale/Proyecto_CPR/rosbot_ws/build/rosbot_utils/launch/laser_filter.launch.py -> /home/ale/Proyecto_CPR/rosbot_ws/install/rosbot_utils/share/rosbot_utils/launch
