[0.475s] Invoking command in '/home/ale/Proyecto_CPR/rosbot_ws/build/rosbot_utils': PYTHONPATH=/home/ale/Proyecto_CPR/rosbot_ws/build/rosbot_utils/prefix_override:/usr/lib/python3/dist-packages/colcon_core/task/python/colcon_distutils_commands:/home/ale/Proyecto_CPR/rosbot_ws/install/rosbot_utils/lib/python3.10/site-packages:${PYTHONPATH} /usr/bin/python3 -W ignore:setup.py install is deprecated -W ignore:easy_install command is deprecated setup.py develop --editable --build-directory /home/ale/Proyecto_CPR/rosbot_ws/build/rosbot_utils/build --no-deps symlink_data
[0.694s] running develop
[0.841s] running egg_info
[0.841s] creating rosbot_utils.egg-info
[0.841s] writing rosbot_utils.egg-info/PKG-INFO
[0.841s] writing dependency_links to rosbot_utils.egg-info/dependency_links.txt
[0.841s] writing entry points to rosbot_utils.egg-info/entry_points.txt
[0.841s] writing requirements to rosbot_utils.egg-info/requires.txt
[0.841s] writing top-level names to rosbot_utils.egg-info/top_level.txt
[0.841s] writing manifest file 'rosbot_utils.egg-info/SOURCES.txt'
[0.843s] reading manifest file 'rosbot_utils.egg-info/SOURCES.txt'
[0.843s] writing manifest file 'rosbot_utils.egg-info/SOURCES.txt'
[0.844s] running build_ext
[0.844s] Creating /home/ale/Proyecto_CPR/rosbot_ws/install/rosbot_utils/lib/python3.10/site-packages/rosbot-utils.egg-link (link to .)
[0.845s] Installing flash_firmware script to /home/ale/Proyecto_CPR/rosbot_ws/install/rosbot_utils/lib/rosbot_utils
[0.845s] 
[0.845s] Installed /home/ale/Proyecto_CPR/rosbot_ws/build/rosbot_utils
[0.845s] running symlink_data
[0.845s] creating /home/ale/Proyecto_CPR/rosbot_ws/install/rosbot_utils/share/ament_index
[0.845s] creating /home/ale/Proyecto_CPR/rosbot_ws/install/rosbot_utils/share/ament_index/resource_index
[0.846s] creating /home/ale/Proyecto_CPR/rosbot_ws/install/rosbot_utils/share/ament_index/resource_index/packages
[0.846s] symbolically linking /home/ale/Proyecto_CPR/rosbot_ws/build/rosbot_utils/resource/rosbot_utils -> /home/ale/Proyecto_CPR/rosbot_ws/install/rosbot_utils/share/ament_index/resource_index/packages
[0.846s] symbolically linking /home/ale/Proyecto_CPR/rosbot_ws/build/rosbot_utils/package.xml -> /home/ale/Proyecto_CPR/rosbot_ws/install/rosbot_utils/share/rosbot_utils
[0.846s] creating /home/ale/Proyecto_CPR/rosbot_ws/install/rosbot_utils/share/rosbot_utils/config
[0.846s] creating /home/ale/Proyecto_CPR/rosbot_ws/install/rosbot_utils/share/rosbot_utils/config/rosbot
[0.846s] symbolically linking /home/ale/Proyecto_CPR/rosbot_ws/build/rosbot_utils/config/rosbot/laser_filter.yaml -> /home/ale/Proyecto_CPR/rosbot_ws/install/rosbot_utils/share/rosbot_utils/config/rosbot
[0.846s] creating /home/ale/Proyecto_CPR/rosbot_ws/install/rosbot_utils/share/rosbot_utils/config/rosbot_xl
[0.846s] symbolically linking /home/ale/Proyecto_CPR/rosbot_ws/build/rosbot_utils/config/rosbot_xl/laser_filter.yaml -> /home/ale/Proyecto_CPR/rosbot_ws/install/rosbot_utils/share/rosbot_utils/config/rosbot_xl
[0.846s] creating /home/ale/Proyecto_CPR/rosbot_ws/install/rosbot_utils/share/rosbot_utils/firmware
[0.846s] creating /home/ale/Proyecto_CPR/rosbot_ws/install/rosbot_utils/share/rosbot_utils/firmware/rosbot
[0.846s] symbolically linking /home/ale/Proyecto_CPR/rosbot_ws/build/rosbot_utils/firmware/rosbot/v0.11.0.bin -> /home/ale/Proyecto_CPR/rosbot_ws/install/rosbot_utils/share/rosbot_utils/firmware/rosbot
[0.847s] creating /home/ale/Proyecto_CPR/rosbot_ws/install/rosbot_utils/share/rosbot_utils/firmware/rosbot_xl
[0.847s] symbolically linking /home/ale/Proyecto_CPR/rosbot_ws/build/rosbot_utils/firmware/rosbot_xl/v1.4.0.bin -> /home/ale/Proyecto_CPR/rosbot_ws/install/rosbot_utils/share/rosbot_utils/firmware/rosbot_xl
[0.847s] creating /home/ale/Proyecto_CPR/rosbot_ws/install/rosbot_utils/share/rosbot_utils/launch
[0.847s] symbolically linking /home/ale/Proyecto_CPR/rosbot_ws/build/rosbot_utils/launch/laser_filter.launch.py -> /home/ale/Proyecto_CPR/rosbot_ws/install/rosbot_utils/share/rosbot_utils/launch
[0.871s] Invoked command in '/home/ale/Proyecto_CPR/rosbot_ws/build/rosbot_utils' returned '0': PYTHONPATH=/home/ale/Proyecto_CPR/rosbot_ws/build/rosbot_utils/prefix_override:/usr/lib/python3/dist-packages/colcon_core/task/python/colcon_distutils_commands:/home/ale/Proyecto_CPR/rosbot_ws/install/rosbot_utils/lib/python3.10/site-packages:${PYTHONPATH} /usr/bin/python3 -W ignore:setup.py install is deprecated -W ignore:easy_install command is deprecated setup.py develop --editable --build-directory /home/ale/Proyecto_CPR/rosbot_ws/build/rosbot_utils/build --no-deps symlink_data
