[0.413s] Invoking command in '/home/ale/Proyecto_CPR/rosbot_ws/build/rosbot_xl_control': CMAKE_PREFIX_PATH=${CMAKE_PREFIX_PATH}:/home/ale/Proyecto_CPR/rosbot_ws/install/rosbot_gazebo:/home/ale/Proyecto_CPR/rosbot_ws/install/rosbot_controller:/home/ale/Proyecto_CPR/rosbot_ws/install/rosbot_utils:/opt/ros/humble /usr/bin/cmake /home/ale/Proyecto_CPR/rosbot_ws/src/rosbot_xl_control -DCMAKE_INSTALL_PREFIX=/home/ale/Proyecto_CPR/rosbot_ws/install/rosbot_xl_control
[0.454s] -- The C compiler identification is GNU 11.4.0
[0.496s] -- The CXX compiler identification is GNU 11.4.0
[0.503s] -- Detecting C compiler ABI info
[0.564s] -- Detecting C compiler ABI info - done
[0.571s] -- Check for working C compiler: /usr/bin/cc - skipped
[0.572s] -- Detecting C compile features
[0.572s] -- Detecting C compile features - done
[0.574s] -- Detecting CXX compiler ABI info
[0.635s] -- Detecting CXX compiler ABI info - done
[0.640s] -- Check for working CXX compiler: /usr/bin/c++ - skipped
[0.640s] -- Detecting CXX compile features
[0.640s] -- Detecting CXX compile features - done
[0.643s] -- Found ament_cmake: 1.3.12 (/opt/ros/humble/share/ament_cmake/cmake)
[0.780s] -- Found Python3: /usr/bin/python3 (found version "3.10.12") found components: Interpreter 
[0.892s] -- Found rclcpp: 16.0.15 (/opt/ros/humble/share/rclcpp/cmake)
[0.934s] -- Found rosidl_generator_c: 3.1.7 (/opt/ros/humble/share/rosidl_generator_c/cmake)
[0.939s] -- Found rosidl_adapter: 3.1.7 (/opt/ros/humble/share/rosidl_adapter/cmake)
[0.946s] -- Found rosidl_generator_cpp: 3.1.7 (/opt/ros/humble/share/rosidl_generator_cpp/cmake)
[0.957s] -- Using all available rosidl_typesupport_c: rosidl_typesupport_fastrtps_c;rosidl_typesupport_introspection_c
[0.971s] -- Using all available rosidl_typesupport_cpp: rosidl_typesupport_fastrtps_cpp;rosidl_typesupport_introspection_cpp
[1.012s] -- Found rmw_implementation_cmake: 6.1.2 (/opt/ros/humble/share/rmw_implementation_cmake/cmake)
[1.014s] -- Found rmw_fastrtps_cpp: 6.2.9 (/opt/ros/humble/share/rmw_fastrtps_cpp/cmake)
[1.089s] -- Found OpenSSL: /usr/lib/x86_64-linux-gnu/libcrypto.so (found version "3.0.2")  
[1.111s] -- Found FastRTPS: /opt/ros/humble/include  
[1.144s] -- Using RMW implementation 'rmw_fastrtps_cpp' as default
[1.152s] -- Looking for pthread.h
[1.212s] -- Looking for pthread.h - found
[1.212s] -- Performing Test CMAKE_HAVE_LIBC_PTHREAD
[1.275s] -- Performing Test CMAKE_HAVE_LIBC_PTHREAD - Success
[1.276s] -- Found Threads: TRUE  
[1.315s] -- Found geometry_msgs: 4.9.0 (/opt/ros/humble/share/geometry_msgs/cmake)
[1.324s] -- Found ament_lint_auto: 0.12.14 (/opt/ros/humble/share/ament_lint_auto/cmake)
[1.383s] -- Added test 'lint_cmake' to check CMake code style
[1.383s] -- Added test 'xmllint' to check XML markup files
[1.384s] -- Configuring done
[1.387s] -- Generating done
[1.388s] -- Build files have been written to: /home/ale/Proyecto_CPR/rosbot_ws/build/rosbot_xl_control
[1.396s] Invoked command in '/home/ale/Proyecto_CPR/rosbot_ws/build/rosbot_xl_control' returned '0': CMAKE_PREFIX_PATH=${CMAKE_PREFIX_PATH}:/home/ale/Proyecto_CPR/rosbot_ws/install/rosbot_gazebo:/home/ale/Proyecto_CPR/rosbot_ws/install/rosbot_controller:/home/ale/Proyecto_CPR/rosbot_ws/install/rosbot_utils:/opt/ros/humble /usr/bin/cmake /home/ale/Proyecto_CPR/rosbot_ws/src/rosbot_xl_control -DCMAKE_INSTALL_PREFIX=/home/ale/Proyecto_CPR/rosbot_ws/install/rosbot_xl_control
[1.397s] Invoking command in '/home/ale/Proyecto_CPR/rosbot_ws/build/rosbot_xl_control': CMAKE_PREFIX_PATH=${CMAKE_PREFIX_PATH}:/home/ale/Proyecto_CPR/rosbot_ws/install/rosbot_gazebo:/home/ale/Proyecto_CPR/rosbot_ws/install/rosbot_controller:/home/ale/Proyecto_CPR/rosbot_ws/install/rosbot_utils:/opt/ros/humble /usr/bin/cmake --build /home/ale/Proyecto_CPR/rosbot_ws/build/rosbot_xl_control -- -j16 -l16
[1.431s] Invoked command in '/home/ale/Proyecto_CPR/rosbot_ws/build/rosbot_xl_control' returned '0': CMAKE_PREFIX_PATH=${CMAKE_PREFIX_PATH}:/home/ale/Proyecto_CPR/rosbot_ws/install/rosbot_gazebo:/home/ale/Proyecto_CPR/rosbot_ws/install/rosbot_controller:/home/ale/Proyecto_CPR/rosbot_ws/install/rosbot_utils:/opt/ros/humble /usr/bin/cmake --build /home/ale/Proyecto_CPR/rosbot_ws/build/rosbot_xl_control -- -j16 -l16
[1.433s] Invoking command in '/home/ale/Proyecto_CPR/rosbot_ws/build/rosbot_xl_control': CMAKE_PREFIX_PATH=${CMAKE_PREFIX_PATH}:/home/ale/Proyecto_CPR/rosbot_ws/install/rosbot_gazebo:/home/ale/Proyecto_CPR/rosbot_ws/install/rosbot_controller:/home/ale/Proyecto_CPR/rosbot_ws/install/rosbot_utils:/opt/ros/humble /usr/bin/cmake --install /home/ale/Proyecto_CPR/rosbot_ws/build/rosbot_xl_control
[1.438s] -- Install configuration: ""
[1.438s] -- Installing: /home/ale/Proyecto_CPR/rosbot_ws/install/rosbot_xl_control/share/ament_index/resource_index/package_run_dependencies/rosbot_xl_control
[1.438s] -- Installing: /home/ale/Proyecto_CPR/rosbot_ws/install/rosbot_xl_control/share/ament_index/resource_index/parent_prefix_path/rosbot_xl_control
[1.438s] -- Installing: /home/ale/Proyecto_CPR/rosbot_ws/install/rosbot_xl_control/share/rosbot_xl_control/environment/ament_prefix_path.sh
[1.438s] -- Installing: /home/ale/Proyecto_CPR/rosbot_ws/install/rosbot_xl_control/share/rosbot_xl_control/environment/ament_prefix_path.dsv
[1.438s] -- Installing: /home/ale/Proyecto_CPR/rosbot_ws/install/rosbot_xl_control/share/rosbot_xl_control/environment/path.sh
[1.438s] -- Installing: /home/ale/Proyecto_CPR/rosbot_ws/install/rosbot_xl_control/share/rosbot_xl_control/environment/path.dsv
[1.439s] -- Installing: /home/ale/Proyecto_CPR/rosbot_ws/install/rosbot_xl_control/share/rosbot_xl_control/local_setup.bash
[1.439s] -- Installing: /home/ale/Proyecto_CPR/rosbot_ws/install/rosbot_xl_control/share/rosbot_xl_control/local_setup.sh
[1.439s] -- Installing: /home/ale/Proyecto_CPR/rosbot_ws/install/rosbot_xl_control/share/rosbot_xl_control/local_setup.zsh
[1.439s] -- Installing: /home/ale/Proyecto_CPR/rosbot_ws/install/rosbot_xl_control/share/rosbot_xl_control/local_setup.dsv
[1.439s] -- Installing: /home/ale/Proyecto_CPR/rosbot_ws/install/rosbot_xl_control/share/rosbot_xl_control/package.dsv
[1.439s] -- Installing: /home/ale/Proyecto_CPR/rosbot_ws/install/rosbot_xl_control/share/ament_index/resource_index/packages/rosbot_xl_control
[1.439s] -- Installing: /home/ale/Proyecto_CPR/rosbot_ws/install/rosbot_xl_control/share/rosbot_xl_control/cmake/rosbot_xl_controlConfig.cmake
[1.439s] -- Installing: /home/ale/Proyecto_CPR/rosbot_ws/install/rosbot_xl_control/share/rosbot_xl_control/cmake/rosbot_xl_controlConfig-version.cmake
[1.439s] -- Installing: /home/ale/Proyecto_CPR/rosbot_ws/install/rosbot_xl_control/share/rosbot_xl_control/package.xml
[1.440s] Invoked command in '/home/ale/Proyecto_CPR/rosbot_ws/build/rosbot_xl_control' returned '0': CMAKE_PREFIX_PATH=${CMAKE_PREFIX_PATH}:/home/ale/Proyecto_CPR/rosbot_ws/install/rosbot_gazebo:/home/ale/Proyecto_CPR/rosbot_ws/install/rosbot_controller:/home/ale/Proyecto_CPR/rosbot_ws/install/rosbot_utils:/opt/ros/humble /usr/bin/cmake --install /home/ale/Proyecto_CPR/rosbot_ws/build/rosbot_xl_control
