[0.192s] Invoking command in '/home/ale/Proyecto_CPR/rosbot_ws/build/husarion_gz_worlds': CMAKE_PREFIX_PATH=${CMAKE_PREFIX_PATH}:/home/ale/Proyecto_CPR/rosbot_ws/install/rosbot_gazebo:/home/ale/Proyecto_CPR/rosbot_ws/install/rosbot_controller:/home/ale/Proyecto_CPR/rosbot_ws/install/rosbot_utils:/opt/ros/humble /usr/bin/cmake /home/ale/Proyecto_CPR/rosbot_ws/src/husarion_gz_worlds -DCMAKE_BUILD_TYPE=Release -DAMENT_CMAKE_SYMLINK_INSTALL=1 -DCMAKE_INSTALL_PREFIX=/home/ale/Proyecto_CPR/rosbot_ws/install/husarion_gz_worlds
[0.229s] -- The C compiler identification is GNU 11.4.0
[0.268s] -- The CXX compiler identification is GNU 11.4.0
[0.273s] -- Detecting C compiler ABI info
[0.340s] -- Detecting C compiler ABI info - done
[0.350s] -- Check for working C compiler: /usr/bin/cc - skipped
[0.350s] -- Detecting C compile features
[0.351s] -- Detecting C compile features - done
[0.354s] -- Detecting CXX compiler ABI info
[0.424s] -- Detecting CXX compiler ABI info - done
[0.434s] -- Check for working CXX compiler: /usr/bin/c++ - skipped
[0.434s] -- Detecting CXX compile features
[0.435s] -- Detecting CXX compile features - done
[0.437s] -- Found ament_cmake: 1.3.12 (/opt/ros/humble/share/ament_cmake/cmake)
[0.613s] -- Found Python3: /usr/bin/python3 (found version "3.10.12") found components: Interpreter 
[0.669s] -- Override CMake install command with custom implementation using symlinks instead of copying resources
[0.752s] -- Configuring done
[0.755s] -- Generating done
[0.757s] -- Build files have been written to: /home/ale/Proyecto_CPR/rosbot_ws/build/husarion_gz_worlds
[0.761s] Invoked command in '/home/ale/Proyecto_CPR/rosbot_ws/build/husarion_gz_worlds' returned '0': CMAKE_PREFIX_PATH=${CMAKE_PREFIX_PATH}:/home/ale/Proyecto_CPR/rosbot_ws/install/rosbot_gazebo:/home/ale/Proyecto_CPR/rosbot_ws/install/rosbot_controller:/home/ale/Proyecto_CPR/rosbot_ws/install/rosbot_utils:/opt/ros/humble /usr/bin/cmake /home/ale/Proyecto_CPR/rosbot_ws/src/husarion_gz_worlds -DCMAKE_BUILD_TYPE=Release -DAMENT_CMAKE_SYMLINK_INSTALL=1 -DCMAKE_INSTALL_PREFIX=/home/ale/Proyecto_CPR/rosbot_ws/install/husarion_gz_worlds
[0.762s] Invoking command in '/home/ale/Proyecto_CPR/rosbot_ws/build/husarion_gz_worlds': CMAKE_PREFIX_PATH=${CMAKE_PREFIX_PATH}:/home/ale/Proyecto_CPR/rosbot_ws/install/rosbot_gazebo:/home/ale/Proyecto_CPR/rosbot_ws/install/rosbot_controller:/home/ale/Proyecto_CPR/rosbot_ws/install/rosbot_utils:/opt/ros/humble /usr/bin/cmake --build /home/ale/Proyecto_CPR/rosbot_ws/build/husarion_gz_worlds -- -j16 -l16
[0.793s] Invoked command in '/home/ale/Proyecto_CPR/rosbot_ws/build/husarion_gz_worlds' returned '0': CMAKE_PREFIX_PATH=${CMAKE_PREFIX_PATH}:/home/ale/Proyecto_CPR/rosbot_ws/install/rosbot_gazebo:/home/ale/Proyecto_CPR/rosbot_ws/install/rosbot_controller:/home/ale/Proyecto_CPR/rosbot_ws/install/rosbot_utils:/opt/ros/humble /usr/bin/cmake --build /home/ale/Proyecto_CPR/rosbot_ws/build/husarion_gz_worlds -- -j16 -l16
[0.796s] Invoking command in '/home/ale/Proyecto_CPR/rosbot_ws/build/husarion_gz_worlds': CMAKE_PREFIX_PATH=${CMAKE_PREFIX_PATH}:/home/ale/Proyecto_CPR/rosbot_ws/install/rosbot_gazebo:/home/ale/Proyecto_CPR/rosbot_ws/install/rosbot_controller:/home/ale/Proyecto_CPR/rosbot_ws/install/rosbot_utils:/opt/ros/humble /usr/bin/cmake --install /home/ale/Proyecto_CPR/rosbot_ws/build/husarion_gz_worlds
[0.802s] -- Install configuration: "Release"
[0.802s] -- Execute custom install script
[0.803s] -- Symlinking: /home/ale/Proyecto_CPR/rosbot_ws/install/husarion_gz_worlds/share/husarion_gz_worlds/config/teleop.config
[0.809s] -- Symlinking: /home/ale/Proyecto_CPR/rosbot_ws/install/husarion_gz_worlds/share/husarion_gz_worlds/launch/gz_sim.launch.py
[0.820s] -- Symlinking: /home/ale/Proyecto_CPR/rosbot_ws/install/husarion_gz_worlds/share/husarion_gz_worlds/models/ConferenceTable/meshes/conference_table.stl
[0.829s] -- Symlinking: /home/ale/Proyecto_CPR/rosbot_ws/install/husarion_gz_worlds/share/husarion_gz_worlds/models/ConferenceTable/model.config
[0.836s] -- Symlinking: /home/ale/Proyecto_CPR/rosbot_ws/install/husarion_gz_worlds/share/husarion_gz_worlds/models/ConferenceTable/model.sdf
[0.843s] -- Symlinking: /home/ale/Proyecto_CPR/rosbot_ws/install/husarion_gz_worlds/share/husarion_gz_worlds/models/Door/meshes/door.stl
[0.849s] -- Symlinking: /home/ale/Proyecto_CPR/rosbot_ws/install/husarion_gz_worlds/share/husarion_gz_worlds/models/Door/model.config
[0.855s] -- Symlinking: /home/ale/Proyecto_CPR/rosbot_ws/install/husarion_gz_worlds/share/husarion_gz_worlds/models/Door/model.sdf
[0.860s] -- Symlinking: /home/ale/Proyecto_CPR/rosbot_ws/install/husarion_gz_worlds/share/husarion_gz_worlds/models/HusarionLogo/meshes/husarion_logo.dae
[0.870s] -- Symlinking: /home/ale/Proyecto_CPR/rosbot_ws/install/husarion_gz_worlds/share/husarion_gz_worlds/models/Kitchen/meshes/kitchen.stl
[0.875s] -- Symlinking: /home/ale/Proyecto_CPR/rosbot_ws/install/husarion_gz_worlds/share/husarion_gz_worlds/models/Kitchen/model.config
[0.884s] -- Symlinking: /home/ale/Proyecto_CPR/rosbot_ws/install/husarion_gz_worlds/share/husarion_gz_worlds/models/Kitchen/model.sdf
[0.889s] -- Symlinking: /home/ale/Proyecto_CPR/rosbot_ws/install/husarion_gz_worlds/share/husarion_gz_worlds/models/Laptop/meshes/laptop.stl
[0.896s] -- Symlinking: /home/ale/Proyecto_CPR/rosbot_ws/install/husarion_gz_worlds/share/husarion_gz_worlds/models/Laptop/model.config
[0.905s] -- Symlinking: /home/ale/Proyecto_CPR/rosbot_ws/install/husarion_gz_worlds/share/husarion_gz_worlds/models/Laptop/model.sdf
[0.911s] -- Symlinking: /home/ale/Proyecto_CPR/rosbot_ws/install/husarion_gz_worlds/share/husarion_gz_worlds/models/Rosbot/meshes/astra.dae
[0.918s] -- Symlinking: /home/ale/Proyecto_CPR/rosbot_ws/install/husarion_gz_worlds/share/husarion_gz_worlds/models/Rosbot/meshes/box.dae
[0.925s] -- Symlinking: /home/ale/Proyecto_CPR/rosbot_ws/install/husarion_gz_worlds/share/husarion_gz_worlds/models/Rosbot/meshes/rplidar.dae
[0.931s] -- Symlinking: /home/ale/Proyecto_CPR/rosbot_ws/install/husarion_gz_worlds/share/husarion_gz_worlds/models/Rosbot/meshes/upper.dae
[0.939s] -- Symlinking: /home/ale/Proyecto_CPR/rosbot_ws/install/husarion_gz_worlds/share/husarion_gz_worlds/models/Rosbot/meshes/wheel.dae
[0.945s] -- Symlinking: /home/ale/Proyecto_CPR/rosbot_ws/install/husarion_gz_worlds/share/husarion_gz_worlds/models/Rosbot/model.config
[0.955s] -- Symlinking: /home/ale/Proyecto_CPR/rosbot_ws/install/husarion_gz_worlds/share/husarion_gz_worlds/models/Rosbot/model.sdf
[0.963s] -- Symlinking: /home/ale/Proyecto_CPR/rosbot_ws/install/husarion_gz_worlds/share/husarion_gz_worlds/models/Surfaces/meshes/black_concrete.png
[0.970s] -- Symlinking: /home/ale/Proyecto_CPR/rosbot_ws/install/husarion_gz_worlds/share/husarion_gz_worlds/models/Surfaces/meshes/floor_1.mtl
[0.976s] -- Symlinking: /home/ale/Proyecto_CPR/rosbot_ws/install/husarion_gz_worlds/share/husarion_gz_worlds/models/Surfaces/meshes/floor_1.obj
[0.984s] -- Symlinking: /home/ale/Proyecto_CPR/rosbot_ws/install/husarion_gz_worlds/share/husarion_gz_worlds/models/Surfaces/meshes/floor_10.mtl
[0.992s] -- Symlinking: /home/ale/Proyecto_CPR/rosbot_ws/install/husarion_gz_worlds/share/husarion_gz_worlds/models/Surfaces/meshes/floor_10.obj
[0.999s] -- Symlinking: /home/ale/Proyecto_CPR/rosbot_ws/install/husarion_gz_worlds/share/husarion_gz_worlds/models/Surfaces/meshes/floor_11.mtl
[1.007s] -- Symlinking: /home/ale/Proyecto_CPR/rosbot_ws/install/husarion_gz_worlds/share/husarion_gz_worlds/models/Surfaces/meshes/floor_11.obj
[1.013s] -- Symlinking: /home/ale/Proyecto_CPR/rosbot_ws/install/husarion_gz_worlds/share/husarion_gz_worlds/models/Surfaces/meshes/floor_12.mtl
[1.022s] -- Symlinking: /home/ale/Proyecto_CPR/rosbot_ws/install/husarion_gz_worlds/share/husarion_gz_worlds/models/Surfaces/meshes/floor_12.obj
[1.031s] -- Symlinking: /home/ale/Proyecto_CPR/rosbot_ws/install/husarion_gz_worlds/share/husarion_gz_worlds/models/Surfaces/meshes/floor_13.mtl
[1.039s] -- Symlinking: /home/ale/Proyecto_CPR/rosbot_ws/install/husarion_gz_worlds/share/husarion_gz_worlds/models/Surfaces/meshes/floor_13.obj
[1.047s] -- Symlinking: /home/ale/Proyecto_CPR/rosbot_ws/install/husarion_gz_worlds/share/husarion_gz_worlds/models/Surfaces/meshes/floor_14.mtl
[1.052s] -- Symlinking: /home/ale/Proyecto_CPR/rosbot_ws/install/husarion_gz_worlds/share/husarion_gz_worlds/models/Surfaces/meshes/floor_14.obj
[1.058s] -- Symlinking: /home/ale/Proyecto_CPR/rosbot_ws/install/husarion_gz_worlds/share/husarion_gz_worlds/models/Surfaces/meshes/floor_2.mtl
[1.063s] -- Symlinking: /home/ale/Proyecto_CPR/rosbot_ws/install/husarion_gz_worlds/share/husarion_gz_worlds/models/Surfaces/meshes/floor_2.obj
[1.069s] -- Symlinking: /home/ale/Proyecto_CPR/rosbot_ws/install/husarion_gz_worlds/share/husarion_gz_worlds/models/Surfaces/meshes/floor_3.mtl
[1.075s] -- Symlinking: /home/ale/Proyecto_CPR/rosbot_ws/install/husarion_gz_worlds/share/husarion_gz_worlds/models/Surfaces/meshes/floor_3.obj
[1.081s] -- Symlinking: /home/ale/Proyecto_CPR/rosbot_ws/install/husarion_gz_worlds/share/husarion_gz_worlds/models/Surfaces/meshes/floor_4.mtl
[1.089s] -- Symlinking: /home/ale/Proyecto_CPR/rosbot_ws/install/husarion_gz_worlds/share/husarion_gz_worlds/models/Surfaces/meshes/floor_4.obj
[1.096s] -- Symlinking: /home/ale/Proyecto_CPR/rosbot_ws/install/husarion_gz_worlds/share/husarion_gz_worlds/models/Surfaces/meshes/floor_5.mtl
[1.105s] -- Symlinking: /home/ale/Proyecto_CPR/rosbot_ws/install/husarion_gz_worlds/share/husarion_gz_worlds/models/Surfaces/meshes/floor_5.obj
[1.111s] -- Symlinking: /home/ale/Proyecto_CPR/rosbot_ws/install/husarion_gz_worlds/share/husarion_gz_worlds/models/Surfaces/meshes/floor_6.mtl
[1.117s] -- Symlinking: /home/ale/Proyecto_CPR/rosbot_ws/install/husarion_gz_worlds/share/husarion_gz_worlds/models/Surfaces/meshes/floor_6.obj
[1.126s] -- Symlinking: /home/ale/Proyecto_CPR/rosbot_ws/install/husarion_gz_worlds/share/husarion_gz_worlds/models/Surfaces/meshes/floor_7.mtl
[1.135s] -- Symlinking: /home/ale/Proyecto_CPR/rosbot_ws/install/husarion_gz_worlds/share/husarion_gz_worlds/models/Surfaces/meshes/floor_7.obj
[1.143s] -- Symlinking: /home/ale/Proyecto_CPR/rosbot_ws/install/husarion_gz_worlds/share/husarion_gz_worlds/models/Surfaces/meshes/floor_8.mtl
[1.153s] -- Symlinking: /home/ale/Proyecto_CPR/rosbot_ws/install/husarion_gz_worlds/share/husarion_gz_worlds/models/Surfaces/meshes/floor_8.obj
[1.161s] -- Symlinking: /home/ale/Proyecto_CPR/rosbot_ws/install/husarion_gz_worlds/share/husarion_gz_worlds/models/Surfaces/meshes/floor_9.mtl
[1.168s] -- Symlinking: /home/ale/Proyecto_CPR/rosbot_ws/install/husarion_gz_worlds/share/husarion_gz_worlds/models/Surfaces/meshes/floor_9.obj
[1.176s] -- Symlinking: /home/ale/Proyecto_CPR/rosbot_ws/install/husarion_gz_worlds/share/husarion_gz_worlds/models/Surfaces/meshes/model.material
[1.183s] -- Symlinking: /home/ale/Proyecto_CPR/rosbot_ws/install/husarion_gz_worlds/share/husarion_gz_worlds/models/Surfaces/meshes/wall_1.mtl
[1.192s] -- Symlinking: /home/ale/Proyecto_CPR/rosbot_ws/install/husarion_gz_worlds/share/husarion_gz_worlds/models/Surfaces/meshes/wall_1.obj
[1.199s] -- Symlinking: /home/ale/Proyecto_CPR/rosbot_ws/install/husarion_gz_worlds/share/husarion_gz_worlds/models/Surfaces/meshes/wall_2.mtl
[1.208s] -- Symlinking: /home/ale/Proyecto_CPR/rosbot_ws/install/husarion_gz_worlds/share/husarion_gz_worlds/models/Surfaces/meshes/wall_2.obj
[1.217s] -- Symlinking: /home/ale/Proyecto_CPR/rosbot_ws/install/husarion_gz_worlds/share/husarion_gz_worlds/models/Surfaces/meshes/white_carpet.png
[1.227s] -- Symlinking: /home/ale/Proyecto_CPR/rosbot_ws/install/husarion_gz_worlds/share/husarion_gz_worlds/models/Surfaces/meshes/white_tiles.png
[1.236s] -- Symlinking: /home/ale/Proyecto_CPR/rosbot_ws/install/husarion_gz_worlds/share/husarion_gz_worlds/models/Surfaces/meshes/white_wall.png
[1.244s] -- Symlinking: /home/ale/Proyecto_CPR/rosbot_ws/install/husarion_gz_worlds/share/husarion_gz_worlds/models/Surfaces/meshes/wood1.png
[1.252s] -- Symlinking: /home/ale/Proyecto_CPR/rosbot_ws/install/husarion_gz_worlds/share/husarion_gz_worlds/models/Surfaces/meshes/wood2.png
[1.261s] -- Symlinking: /home/ale/Proyecto_CPR/rosbot_ws/install/husarion_gz_worlds/share/husarion_gz_worlds/models/Surfaces/model.config
[1.270s] -- Symlinking: /home/ale/Proyecto_CPR/rosbot_ws/install/husarion_gz_worlds/share/husarion_gz_worlds/models/Surfaces/model.sdf
[1.279s] -- Symlinking: /home/ale/Proyecto_CPR/rosbot_ws/install/husarion_gz_worlds/share/husarion_gz_worlds/models/Tv/meshes/tv.stl
[1.287s] -- Symlinking: /home/ale/Proyecto_CPR/rosbot_ws/install/husarion_gz_worlds/share/husarion_gz_worlds/models/Tv/model.config
[1.297s] -- Symlinking: /home/ale/Proyecto_CPR/rosbot_ws/install/husarion_gz_worlds/share/husarion_gz_worlds/models/Tv/model.sdf
[1.306s] -- Symlinking: /home/ale/Proyecto_CPR/rosbot_ws/install/husarion_gz_worlds/share/husarion_gz_worlds/models/WaterDispenser/meshes/water_dispenser.dae
[1.315s] -- Symlinking: /home/ale/Proyecto_CPR/rosbot_ws/install/husarion_gz_worlds/share/husarion_gz_worlds/models/WaterDispenser/model.config
[1.325s] -- Symlinking: /home/ale/Proyecto_CPR/rosbot_ws/install/husarion_gz_worlds/share/husarion_gz_worlds/models/WaterDispenser/model.sdf
[1.333s] -- Symlinking: /home/ale/Proyecto_CPR/rosbot_ws/install/husarion_gz_worlds/share/husarion_gz_worlds/worlds/empty_with_plugins.sdf
[1.342s] -- Symlinking: /home/ale/Proyecto_CPR/rosbot_ws/install/husarion_gz_worlds/share/husarion_gz_worlds/worlds/husarion_office.sdf
[1.350s] -- Symlinking: /home/ale/Proyecto_CPR/rosbot_ws/install/husarion_gz_worlds/share/husarion_gz_worlds/worlds/husarion_world.sdf
[1.359s] -- Symlinking: /home/ale/Proyecto_CPR/rosbot_ws/install/husarion_gz_worlds/share/husarion_gz_worlds/worlds/sonoma_raceway.sdf
[1.366s] -- Symlinking: /home/ale/Proyecto_CPR/rosbot_ws/install/husarion_gz_worlds/share/husarion_gz_worlds/maps/husarion_world.pgm
[1.376s] -- Symlinking: /home/ale/Proyecto_CPR/rosbot_ws/install/husarion_gz_worlds/share/husarion_gz_worlds/maps/husarion_world.yaml
[1.383s] -- Symlinking: /home/ale/Proyecto_CPR/rosbot_ws/install/husarion_gz_worlds/share/husarion_gz_worlds/environment/husarion_gz_worlds.sh
[1.392s] -- Symlinking: /home/ale/Proyecto_CPR/rosbot_ws/install/husarion_gz_worlds/share/ament_index/resource_index/package_run_dependencies/husarion_gz_worlds
[1.399s] -- Symlinking: /home/ale/Proyecto_CPR/rosbot_ws/install/husarion_gz_worlds/share/ament_index/resource_index/parent_prefix_path/husarion_gz_worlds
[1.405s] -- Symlinking: /home/ale/Proyecto_CPR/rosbot_ws/install/husarion_gz_worlds/share/husarion_gz_worlds/environment/ament_prefix_path.sh
[1.414s] -- Symlinking: /home/ale/Proyecto_CPR/rosbot_ws/install/husarion_gz_worlds/share/husarion_gz_worlds/environment/ament_prefix_path.dsv
[1.421s] -- Symlinking: /home/ale/Proyecto_CPR/rosbot_ws/install/husarion_gz_worlds/share/husarion_gz_worlds/environment/path.sh
[1.427s] -- Symlinking: /home/ale/Proyecto_CPR/rosbot_ws/install/husarion_gz_worlds/share/husarion_gz_worlds/environment/path.dsv
[1.435s] -- Symlinking: /home/ale/Proyecto_CPR/rosbot_ws/install/husarion_gz_worlds/share/husarion_gz_worlds/local_setup.bash
[1.445s] -- Symlinking: /home/ale/Proyecto_CPR/rosbot_ws/install/husarion_gz_worlds/share/husarion_gz_worlds/local_setup.sh
[1.452s] -- Symlinking: /home/ale/Proyecto_CPR/rosbot_ws/install/husarion_gz_worlds/share/husarion_gz_worlds/local_setup.zsh
[1.462s] -- Symlinking: /home/ale/Proyecto_CPR/rosbot_ws/install/husarion_gz_worlds/share/husarion_gz_worlds/local_setup.dsv
[1.468s] -- Symlinking: /home/ale/Proyecto_CPR/rosbot_ws/install/husarion_gz_worlds/share/husarion_gz_worlds/package.dsv
[1.478s] -- Symlinking: /home/ale/Proyecto_CPR/rosbot_ws/install/husarion_gz_worlds/share/ament_index/resource_index/packages/husarion_gz_worlds
[1.488s] -- Symlinking: /home/ale/Proyecto_CPR/rosbot_ws/install/husarion_gz_worlds/share/husarion_gz_worlds/cmake/husarion_gz_worldsConfig.cmake
[1.495s] -- Symlinking: /home/ale/Proyecto_CPR/rosbot_ws/install/husarion_gz_worlds/share/husarion_gz_worlds/cmake/husarion_gz_worldsConfig-version.cmake
[1.504s] -- Symlinking: /home/ale/Proyecto_CPR/rosbot_ws/install/husarion_gz_worlds/share/husarion_gz_worlds/package.xml
[1.516s] Invoked command in '/home/ale/Proyecto_CPR/rosbot_ws/build/husarion_gz_worlds' returned '0': CMAKE_PREFIX_PATH=${CMAKE_PREFIX_PATH}:/home/ale/Proyecto_CPR/rosbot_ws/install/rosbot_gazebo:/home/ale/Proyecto_CPR/rosbot_ws/install/rosbot_controller:/home/ale/Proyecto_CPR/rosbot_ws/install/rosbot_utils:/opt/ros/humble /usr/bin/cmake --install /home/ale/Proyecto_CPR/rosbot_ws/build/husarion_gz_worlds
