[0.545s] Invoking command in '/home/ale/Proyecto_CPR/rosbot_ws/build/controldesc_pkg': CMAKE_PREFIX_PATH=${CMAKE_PREFIX_PATH}:/home/ale/Proyecto_CPR/rosbot_ws/install/rosbot_gazebo:/home/ale/Proyecto_CPR/rosbot_ws/install/rosbot_controller:/home/ale/Proyecto_CPR/rosbot_ws/install/rosbot_utils:/home/ale/Proyecto_CPR/rosbot_ws/install/rosbot_bringup:/opt/ros/humble /usr/bin/cmake --build /home/ale/Proyecto_CPR/rosbot_ws/build/controldesc_pkg -- -j16 -l16
[1.024s] [100%] Built target controller_node
[1.072s] Invoked command in '/home/ale/Proyecto_CPR/rosbot_ws/build/controldesc_pkg' returned '0': CMAKE_PREFIX_PATH=${CMAKE_PREFIX_PATH}:/home/ale/Proyecto_CPR/rosbot_ws/install/rosbot_gazebo:/home/ale/Proyecto_CPR/rosbot_ws/install/rosbot_controller:/home/ale/Proyecto_CPR/rosbot_ws/install/rosbot_utils:/home/ale/Proyecto_CPR/rosbot_ws/install/rosbot_bringup:/opt/ros/humble /usr/bin/cmake --build /home/ale/Proyecto_CPR/rosbot_ws/build/controldesc_pkg -- -j16 -l16
[1.076s] Invoking command in '/home/ale/Proyecto_CPR/rosbot_ws/build/controldesc_pkg': CMAKE_PREFIX_PATH=${CMAKE_PREFIX_PATH}:/home/ale/Proyecto_CPR/rosbot_ws/install/rosbot_gazebo:/home/ale/Proyecto_CPR/rosbot_ws/install/rosbot_controller:/home/ale/Proyecto_CPR/rosbot_ws/install/rosbot_utils:/home/ale/Proyecto_CPR/rosbot_ws/install/rosbot_bringup:/opt/ros/humble /usr/bin/cmake --install /home/ale/Proyecto_CPR/rosbot_ws/build/controldesc_pkg
[1.146s] -- Install configuration: ""
[1.146s] -- Up-to-date: /home/ale/Proyecto_CPR/rosbot_ws/install/controldesc_pkg/lib/controldesc_pkg/controller_node
[1.146s] -- Installing: /home/ale/Proyecto_CPR/rosbot_ws/install/controldesc_pkg/lib/controldesc_pkg/robot_controller.py
[1.146s] -- Up-to-date: /home/ale/Proyecto_CPR/rosbot_ws/install/controldesc_pkg/share/ament_index/resource_index/package_run_dependencies/controldesc_pkg
[1.146s] -- Up-to-date: /home/ale/Proyecto_CPR/rosbot_ws/install/controldesc_pkg/share/ament_index/resource_index/parent_prefix_path/controldesc_pkg
[1.146s] -- Up-to-date: /home/ale/Proyecto_CPR/rosbot_ws/install/controldesc_pkg/share/controldesc_pkg/environment/ament_prefix_path.sh
[1.146s] -- Up-to-date: /home/ale/Proyecto_CPR/rosbot_ws/install/controldesc_pkg/share/controldesc_pkg/environment/ament_prefix_path.dsv
[1.146s] -- Up-to-date: /home/ale/Proyecto_CPR/rosbot_ws/install/controldesc_pkg/share/controldesc_pkg/environment/path.sh
[1.146s] -- Up-to-date: /home/ale/Proyecto_CPR/rosbot_ws/install/controldesc_pkg/share/controldesc_pkg/environment/path.dsv
[1.146s] -- Up-to-date: /home/ale/Proyecto_CPR/rosbot_ws/install/controldesc_pkg/share/controldesc_pkg/local_setup.bash
[1.146s] -- Up-to-date: /home/ale/Proyecto_CPR/rosbot_ws/install/controldesc_pkg/share/controldesc_pkg/local_setup.sh
[1.146s] -- Up-to-date: /home/ale/Proyecto_CPR/rosbot_ws/install/controldesc_pkg/share/controldesc_pkg/local_setup.zsh
[1.147s] -- Up-to-date: /home/ale/Proyecto_CPR/rosbot_ws/install/controldesc_pkg/share/controldesc_pkg/local_setup.dsv
[1.147s] -- Installing: /home/ale/Proyecto_CPR/rosbot_ws/install/controldesc_pkg/share/controldesc_pkg/package.dsv
[1.147s] -- Up-to-date: /home/ale/Proyecto_CPR/rosbot_ws/install/controldesc_pkg/share/ament_index/resource_index/packages/controldesc_pkg
[1.147s] -- Up-to-date: /home/ale/Proyecto_CPR/rosbot_ws/install/controldesc_pkg/share/controldesc_pkg/cmake/controldesc_pkgConfig.cmake
[1.147s] -- Up-to-date: /home/ale/Proyecto_CPR/rosbot_ws/install/controldesc_pkg/share/controldesc_pkg/cmake/controldesc_pkgConfig-version.cmake
[1.148s] -- Up-to-date: /home/ale/Proyecto_CPR/rosbot_ws/install/controldesc_pkg/share/controldesc_pkg/package.xml
[1.166s] Invoked command in '/home/ale/Proyecto_CPR/rosbot_ws/build/controldesc_pkg' returned '0': CMAKE_PREFIX_PATH=${CMAKE_PREFIX_PATH}:/home/ale/Proyecto_CPR/rosbot_ws/install/rosbot_gazebo:/home/ale/Proyecto_CPR/rosbot_ws/install/rosbot_controller:/home/ale/Proyecto_CPR/rosbot_ws/install/rosbot_utils:/home/ale/Proyecto_CPR/rosbot_ws/install/rosbot_bringup:/opt/ros/humble /usr/bin/cmake --install /home/ale/Proyecto_CPR/rosbot_ws/build/controldesc_pkg
