[0.010s] Invoking command in '/home/ale/Proyecto_CPR/rosbot_ws/build/rosbot_description': CMAKE_PREFIX_PATH=/home/ale/Proyecto_CPR/rosbot_ws/install/open_manipulator_x_description:/home/ale/Proyecto_CPR/rosbot_ws/install/husarion_components_description:/home/ale/Proyecto_CPR/rosbot_ws/install/dynamixel_hardware_interface:/home/ale/Proyecto_CPR/rosbot_ws/install/rosbot_localization:/home/ale/Proyecto_CPR/rosbot_ws/install/open_manipulator_x_moveit:/home/ale/Proyecto_CPR/rosbot_ws/install/rosbot_description:/home/ale/Proyecto_CPR/rosbot_ws/install/rosbot:/home/ale/Proyecto_CPR/rosbot_ws/install/open_manipulator_x_joy:/home/ale/Proyecto_CPR/rosbot_ws/install/mecanum_drive_controller:/home/ale/Proyecto_CPR/rosbot_ws/install/husarion_gz_worlds:/home/ale/Proyecto_CPR/rosbot_ws/install/controldesc_pkg:/home/ale/Proyecto_CPR/rosbot_ws/install/rosbot_gazebo:/home/ale/Proyecto_CPR/rosbot_ws/install/rosbot_controller:/home/ale/Proyecto_CPR/rosbot_ws/install/rosbot_utils:/opt/ros/humble LD_LIBRARY_PATH=/home/ale/Proyecto_CPR/rosbot_ws/install/dynamixel_hardware_interface/lib:/home/ale/Proyecto_CPR/rosbot_ws/install/mecanum_drive_controller/lib:/usr/lib/x86_64-linux-gnu/gazebo-11/plugins:/opt/ros/humble/opt/rviz_ogre_vendor/lib:/opt/ros/humble/lib/x86_64-linux-gnu:/opt/ros/humble/opt/libphidget22/lib:/opt/ros/humble/lib:/usr/lib/x86_64-linux-gnu/gazebo-11/plugins /usr/bin/cmake /home/ale/Proyecto_CPR/rosbot_ws/src/rosbot_ros/rosbot_description -DCMAKE_BUILD_TYPE=Release -DAMENT_CMAKE_SYMLINK_INSTALL=1 -DCMAKE_INSTALL_PREFIX=/home/ale/Proyecto_CPR/rosbot_ws/install/rosbot_description
[0.053s] -- The C compiler identification is GNU 11.4.0
[0.094s] -- The CXX compiler identification is GNU 11.4.0
[0.099s] -- Detecting C compiler ABI info
[0.158s] -- Detecting C compiler ABI info - done
[0.165s] -- Check for working C compiler: /usr/bin/cc - skipped
[0.165s] -- Detecting C compile features
[0.166s] -- Detecting C compile features - done
[0.169s] -- Detecting CXX compiler ABI info
[0.234s] -- Detecting CXX compiler ABI info - done
[0.239s] -- Check for working CXX compiler: /usr/bin/c++ - skipped
[0.240s] -- Detecting CXX compile features
[0.240s] -- Detecting CXX compile features - done
[0.242s] -- Found ament_cmake: 1.3.12 (/opt/ros/humble/share/ament_cmake/cmake)
[0.363s] -- Found Python3: /usr/bin/python3 (found version "3.10.12") found components: Interpreter 
[0.411s] -- Override CMake install command with custom implementation using symlinks instead of copying resources
[0.439s] -- Found ament_cmake_pytest: 1.3.12 (/opt/ros/humble/share/ament_cmake_pytest/cmake)
[0.994s] -- Configuring done
[0.996s] -- Generating done
[0.997s] -- Build files have been written to: /home/ale/Proyecto_CPR/rosbot_ws/build/rosbot_description
[1.000s] Invoked command in '/home/ale/Proyecto_CPR/rosbot_ws/build/rosbot_description' returned '0': CMAKE_PREFIX_PATH=/home/ale/Proyecto_CPR/rosbot_ws/install/open_manipulator_x_description:/home/ale/Proyecto_CPR/rosbot_ws/install/husarion_components_description:/home/ale/Proyecto_CPR/rosbot_ws/install/dynamixel_hardware_interface:/home/ale/Proyecto_CPR/rosbot_ws/install/rosbot_localization:/home/ale/Proyecto_CPR/rosbot_ws/install/open_manipulator_x_moveit:/home/ale/Proyecto_CPR/rosbot_ws/install/rosbot_description:/home/ale/Proyecto_CPR/rosbot_ws/install/rosbot:/home/ale/Proyecto_CPR/rosbot_ws/install/open_manipulator_x_joy:/home/ale/Proyecto_CPR/rosbot_ws/install/mecanum_drive_controller:/home/ale/Proyecto_CPR/rosbot_ws/install/husarion_gz_worlds:/home/ale/Proyecto_CPR/rosbot_ws/install/controldesc_pkg:/home/ale/Proyecto_CPR/rosbot_ws/install/rosbot_gazebo:/home/ale/Proyecto_CPR/rosbot_ws/install/rosbot_controller:/home/ale/Proyecto_CPR/rosbot_ws/install/rosbot_utils:/opt/ros/humble LD_LIBRARY_PATH=/home/ale/Proyecto_CPR/rosbot_ws/install/dynamixel_hardware_interface/lib:/home/ale/Proyecto_CPR/rosbot_ws/install/mecanum_drive_controller/lib:/usr/lib/x86_64-linux-gnu/gazebo-11/plugins:/opt/ros/humble/opt/rviz_ogre_vendor/lib:/opt/ros/humble/lib/x86_64-linux-gnu:/opt/ros/humble/opt/libphidget22/lib:/opt/ros/humble/lib:/usr/lib/x86_64-linux-gnu/gazebo-11/plugins /usr/bin/cmake /home/ale/Proyecto_CPR/rosbot_ws/src/rosbot_ros/rosbot_description -DCMAKE_BUILD_TYPE=Release -DAMENT_CMAKE_SYMLINK_INSTALL=1 -DCMAKE_INSTALL_PREFIX=/home/ale/Proyecto_CPR/rosbot_ws/install/rosbot_description
[1.001s] Invoking command in '/home/ale/Proyecto_CPR/rosbot_ws/build/rosbot_description': CMAKE_PREFIX_PATH=/home/ale/Proyecto_CPR/rosbot_ws/install/open_manipulator_x_description:/home/ale/Proyecto_CPR/rosbot_ws/install/husarion_components_description:/home/ale/Proyecto_CPR/rosbot_ws/install/dynamixel_hardware_interface:/home/ale/Proyecto_CPR/rosbot_ws/install/rosbot_localization:/home/ale/Proyecto_CPR/rosbot_ws/install/open_manipulator_x_moveit:/home/ale/Proyecto_CPR/rosbot_ws/install/rosbot_description:/home/ale/Proyecto_CPR/rosbot_ws/install/rosbot:/home/ale/Proyecto_CPR/rosbot_ws/install/open_manipulator_x_joy:/home/ale/Proyecto_CPR/rosbot_ws/install/mecanum_drive_controller:/home/ale/Proyecto_CPR/rosbot_ws/install/husarion_gz_worlds:/home/ale/Proyecto_CPR/rosbot_ws/install/controldesc_pkg:/home/ale/Proyecto_CPR/rosbot_ws/install/rosbot_gazebo:/home/ale/Proyecto_CPR/rosbot_ws/install/rosbot_controller:/home/ale/Proyecto_CPR/rosbot_ws/install/rosbot_utils:/opt/ros/humble LD_LIBRARY_PATH=/home/ale/Proyecto_CPR/rosbot_ws/install/dynamixel_hardware_interface/lib:/home/ale/Proyecto_CPR/rosbot_ws/install/mecanum_drive_controller/lib:/usr/lib/x86_64-linux-gnu/gazebo-11/plugins:/opt/ros/humble/opt/rviz_ogre_vendor/lib:/opt/ros/humble/lib/x86_64-linux-gnu:/opt/ros/humble/opt/libphidget22/lib:/opt/ros/humble/lib:/usr/lib/x86_64-linux-gnu/gazebo-11/plugins /usr/bin/cmake --build /home/ale/Proyecto_CPR/rosbot_ws/build/rosbot_description -- -j16 -l16
[1.031s] Invoked command in '/home/ale/Proyecto_CPR/rosbot_ws/build/rosbot_description' returned '0': CMAKE_PREFIX_PATH=/home/ale/Proyecto_CPR/rosbot_ws/install/open_manipulator_x_description:/home/ale/Proyecto_CPR/rosbot_ws/install/husarion_components_description:/home/ale/Proyecto_CPR/rosbot_ws/install/dynamixel_hardware_interface:/home/ale/Proyecto_CPR/rosbot_ws/install/rosbot_localization:/home/ale/Proyecto_CPR/rosbot_ws/install/open_manipulator_x_moveit:/home/ale/Proyecto_CPR/rosbot_ws/install/rosbot_description:/home/ale/Proyecto_CPR/rosbot_ws/install/rosbot:/home/ale/Proyecto_CPR/rosbot_ws/install/open_manipulator_x_joy:/home/ale/Proyecto_CPR/rosbot_ws/install/mecanum_drive_controller:/home/ale/Proyecto_CPR/rosbot_ws/install/husarion_gz_worlds:/home/ale/Proyecto_CPR/rosbot_ws/install/controldesc_pkg:/home/ale/Proyecto_CPR/rosbot_ws/install/rosbot_gazebo:/home/ale/Proyecto_CPR/rosbot_ws/install/rosbot_controller:/home/ale/Proyecto_CPR/rosbot_ws/install/rosbot_utils:/opt/ros/humble LD_LIBRARY_PATH=/home/ale/Proyecto_CPR/rosbot_ws/install/dynamixel_hardware_interface/lib:/home/ale/Proyecto_CPR/rosbot_ws/install/mecanum_drive_controller/lib:/usr/lib/x86_64-linux-gnu/gazebo-11/plugins:/opt/ros/humble/opt/rviz_ogre_vendor/lib:/opt/ros/humble/lib/x86_64-linux-gnu:/opt/ros/humble/opt/libphidget22/lib:/opt/ros/humble/lib:/usr/lib/x86_64-linux-gnu/gazebo-11/plugins /usr/bin/cmake --build /home/ale/Proyecto_CPR/rosbot_ws/build/rosbot_description -- -j16 -l16
[1.031s] Invoking command in '/home/ale/Proyecto_CPR/rosbot_ws/build/rosbot_description': CMAKE_PREFIX_PATH=/home/ale/Proyecto_CPR/rosbot_ws/install/open_manipulator_x_description:/home/ale/Proyecto_CPR/rosbot_ws/install/husarion_components_description:/home/ale/Proyecto_CPR/rosbot_ws/install/dynamixel_hardware_interface:/home/ale/Proyecto_CPR/rosbot_ws/install/rosbot_localization:/home/ale/Proyecto_CPR/rosbot_ws/install/open_manipulator_x_moveit:/home/ale/Proyecto_CPR/rosbot_ws/install/rosbot_description:/home/ale/Proyecto_CPR/rosbot_ws/install/rosbot:/home/ale/Proyecto_CPR/rosbot_ws/install/open_manipulator_x_joy:/home/ale/Proyecto_CPR/rosbot_ws/install/mecanum_drive_controller:/home/ale/Proyecto_CPR/rosbot_ws/install/husarion_gz_worlds:/home/ale/Proyecto_CPR/rosbot_ws/install/controldesc_pkg:/home/ale/Proyecto_CPR/rosbot_ws/install/rosbot_gazebo:/home/ale/Proyecto_CPR/rosbot_ws/install/rosbot_controller:/home/ale/Proyecto_CPR/rosbot_ws/install/rosbot_utils:/opt/ros/humble LD_LIBRARY_PATH=/home/ale/Proyecto_CPR/rosbot_ws/install/dynamixel_hardware_interface/lib:/home/ale/Proyecto_CPR/rosbot_ws/install/mecanum_drive_controller/lib:/usr/lib/x86_64-linux-gnu/gazebo-11/plugins:/opt/ros/humble/opt/rviz_ogre_vendor/lib:/opt/ros/humble/lib/x86_64-linux-gnu:/opt/ros/humble/opt/libphidget22/lib:/opt/ros/humble/lib:/usr/lib/x86_64-linux-gnu/gazebo-11/plugins /usr/bin/cmake --install /home/ale/Proyecto_CPR/rosbot_ws/build/rosbot_description
[1.037s] -- Install configuration: "Release"
[1.038s] -- Execute custom install script
[1.038s] -- Symlinking: /home/ale/Proyecto_CPR/rosbot_ws/install/rosbot_description/share/rosbot_description/config/rosbot/basic.yaml
[1.046s] -- Symlinking: /home/ale/Proyecto_CPR/rosbot_ws/install/rosbot_description/share/rosbot_description/config/rosbot_xl/autonomy.yaml
[1.051s] -- Symlinking: /home/ale/Proyecto_CPR/rosbot_ws/install/rosbot_description/share/rosbot_description/config/rosbot_xl/basic.yaml
[1.057s] -- Symlinking: /home/ale/Proyecto_CPR/rosbot_ws/install/rosbot_description/share/rosbot_description/config/rosbot_xl/manipulation.yaml
[1.063s] -- Symlinking: /home/ale/Proyecto_CPR/rosbot_ws/install/rosbot_description/share/rosbot_description/config/rosbot_xl/manipulation_pro.yaml
[1.068s] -- Symlinking: /home/ale/Proyecto_CPR/rosbot_ws/install/rosbot_description/share/rosbot_description/config/rosbot_xl/telepresence.yaml
[1.074s] -- Symlinking: /home/ale/Proyecto_CPR/rosbot_ws/install/rosbot_description/share/rosbot_description/launch/load_urdf.launch.py
[1.080s] -- Symlinking: /home/ale/Proyecto_CPR/rosbot_ws/install/rosbot_description/share/rosbot_description/launch/rviz.launch.py
[1.086s] -- Symlinking: /home/ale/Proyecto_CPR/rosbot_ws/install/rosbot_description/share/rosbot_description/meshes/rosbot/body.stl
[1.091s] -- Symlinking: /home/ale/Proyecto_CPR/rosbot_ws/install/rosbot_description/share/rosbot_description/meshes/rosbot/cover.stl
[1.096s] -- Symlinking: /home/ale/Proyecto_CPR/rosbot_ws/install/rosbot_description/share/rosbot_description/meshes/rosbot/mecanum_a.dae
[1.101s] -- Symlinking: /home/ale/Proyecto_CPR/rosbot_ws/install/rosbot_description/share/rosbot_description/meshes/rosbot/mecanum_b.dae
[1.108s] -- Symlinking: /home/ale/Proyecto_CPR/rosbot_ws/install/rosbot_description/share/rosbot_description/meshes/rosbot/wheel_a.dae
[1.114s] -- Symlinking: /home/ale/Proyecto_CPR/rosbot_ws/install/rosbot_description/share/rosbot_description/meshes/rosbot/wheel_b.dae
[1.119s] -- Symlinking: /home/ale/Proyecto_CPR/rosbot_ws/install/rosbot_description/share/rosbot_description/meshes/rosbot_xl/body.dae
[1.125s] -- Symlinking: /home/ale/Proyecto_CPR/rosbot_ws/install/rosbot_description/share/rosbot_description/meshes/rosbot_xl/body_colision.stl
[1.131s] -- Symlinking: /home/ale/Proyecto_CPR/rosbot_ws/install/rosbot_description/share/rosbot_description/meshes/rosbot_xl/components/antenna.dae
[1.137s] -- Symlinking: /home/ale/Proyecto_CPR/rosbot_ws/install/rosbot_description/share/rosbot_description/meshes/rosbot_xl/components/antenna_connector.dae
[1.143s] -- Symlinking: /home/ale/Proyecto_CPR/rosbot_ws/install/rosbot_description/share/rosbot_description/meshes/rosbot_xl/components/camera_mount_bot.dae
[1.149s] -- Symlinking: /home/ale/Proyecto_CPR/rosbot_ws/install/rosbot_description/share/rosbot_description/meshes/rosbot_xl/components/camera_mount_mid.dae
[1.154s] -- Symlinking: /home/ale/Proyecto_CPR/rosbot_ws/install/rosbot_description/share/rosbot_description/meshes/rosbot_xl/components/camera_mount_top.dae
[1.161s] -- Symlinking: /home/ale/Proyecto_CPR/rosbot_ws/install/rosbot_description/share/rosbot_description/meshes/rosbot_xl/mecanum_a.dae
[1.168s] -- Symlinking: /home/ale/Proyecto_CPR/rosbot_ws/install/rosbot_description/share/rosbot_description/meshes/rosbot_xl/mecanum_b.dae
[1.173s] -- Symlinking: /home/ale/Proyecto_CPR/rosbot_ws/install/rosbot_description/share/rosbot_description/meshes/rosbot_xl/wheel_a.dae
[1.179s] -- Symlinking: /home/ale/Proyecto_CPR/rosbot_ws/install/rosbot_description/share/rosbot_description/meshes/rosbot_xl/wheel_b.dae
[1.185s] -- Symlinking: /home/ale/Proyecto_CPR/rosbot_ws/install/rosbot_description/share/rosbot_description/rviz/rosbot.rviz
[1.193s] -- Symlinking: /home/ale/Proyecto_CPR/rosbot_ws/install/rosbot_description/share/rosbot_description/urdf/common/gazebo.urdf.xacro
[1.198s] -- Symlinking: /home/ale/Proyecto_CPR/rosbot_ws/install/rosbot_description/share/rosbot_description/urdf/common/ros2_control.urdf.xacro
[1.206s] -- Symlinking: /home/ale/Proyecto_CPR/rosbot_ws/install/rosbot_description/share/rosbot_description/urdf/common/webots.urdf.xacro
[1.213s] -- Symlinking: /home/ale/Proyecto_CPR/rosbot_ws/install/rosbot_description/share/rosbot_description/urdf/rosbot.urdf.xacro
[1.219s] -- Symlinking: /home/ale/Proyecto_CPR/rosbot_ws/install/rosbot_description/share/rosbot_description/urdf/rosbot/body.urdf.xacro
[1.225s] -- Symlinking: /home/ale/Proyecto_CPR/rosbot_ws/install/rosbot_description/share/rosbot_description/urdf/rosbot/components/vl53lox.urdf.xacro
[1.230s] -- Symlinking: /home/ale/Proyecto_CPR/rosbot_ws/install/rosbot_description/share/rosbot_description/urdf/rosbot/rosbot_macro.urdf.xacro
[1.236s] -- Symlinking: /home/ale/Proyecto_CPR/rosbot_ws/install/rosbot_description/share/rosbot_description/urdf/rosbot/wheel.urdf.xacro
[1.243s] -- Symlinking: /home/ale/Proyecto_CPR/rosbot_ws/install/rosbot_description/share/rosbot_description/urdf/rosbot_xl.urdf.xacro
[1.249s] -- Symlinking: /home/ale/Proyecto_CPR/rosbot_ws/install/rosbot_description/share/rosbot_description/urdf/rosbot_xl/body.urdf.xacro
[1.254s] -- Symlinking: /home/ale/Proyecto_CPR/rosbot_ws/install/rosbot_description/share/rosbot_description/urdf/rosbot_xl/components/antenna.urdf.xacro
[1.260s] -- Symlinking: /home/ale/Proyecto_CPR/rosbot_ws/install/rosbot_description/share/rosbot_description/urdf/rosbot_xl/components/camera_mount.urdf.xacro
[1.266s] -- Symlinking: /home/ale/Proyecto_CPR/rosbot_ws/install/rosbot_description/share/rosbot_description/urdf/rosbot_xl/rosbot_xl_macro.urdf.xacro
[1.271s] -- Symlinking: /home/ale/Proyecto_CPR/rosbot_ws/install/rosbot_description/share/rosbot_description/urdf/rosbot_xl/wheel.urdf.xacro
[1.277s] -- Symlinking: /home/ale/Proyecto_CPR/rosbot_ws/install/rosbot_description/share/rosbot_description/environment/setup_envs.sh
[1.282s] -- Symlinking: /home/ale/Proyecto_CPR/rosbot_ws/install/rosbot_description/share/ament_index/resource_index/package_run_dependencies/rosbot_description
[1.287s] -- Symlinking: /home/ale/Proyecto_CPR/rosbot_ws/install/rosbot_description/share/ament_index/resource_index/parent_prefix_path/rosbot_description
[1.293s] -- Symlinking: /home/ale/Proyecto_CPR/rosbot_ws/install/rosbot_description/share/rosbot_description/environment/ament_prefix_path.sh
[1.298s] -- Symlinking: /home/ale/Proyecto_CPR/rosbot_ws/install/rosbot_description/share/rosbot_description/environment/ament_prefix_path.dsv
[1.304s] -- Symlinking: /home/ale/Proyecto_CPR/rosbot_ws/install/rosbot_description/share/rosbot_description/environment/path.sh
[1.309s] -- Symlinking: /home/ale/Proyecto_CPR/rosbot_ws/install/rosbot_description/share/rosbot_description/environment/path.dsv
[1.315s] -- Symlinking: /home/ale/Proyecto_CPR/rosbot_ws/install/rosbot_description/share/rosbot_description/local_setup.bash
[1.322s] -- Symlinking: /home/ale/Proyecto_CPR/rosbot_ws/install/rosbot_description/share/rosbot_description/local_setup.sh
[1.327s] -- Symlinking: /home/ale/Proyecto_CPR/rosbot_ws/install/rosbot_description/share/rosbot_description/local_setup.zsh
[1.335s] -- Symlinking: /home/ale/Proyecto_CPR/rosbot_ws/install/rosbot_description/share/rosbot_description/local_setup.dsv
[1.341s] -- Symlinking: /home/ale/Proyecto_CPR/rosbot_ws/install/rosbot_description/share/rosbot_description/package.dsv
[1.347s] -- Symlinking: /home/ale/Proyecto_CPR/rosbot_ws/install/rosbot_description/share/ament_index/resource_index/packages/rosbot_description
[1.354s] -- Symlinking: /home/ale/Proyecto_CPR/rosbot_ws/install/rosbot_description/share/rosbot_description/cmake/rosbot_descriptionConfig.cmake
[1.359s] -- Symlinking: /home/ale/Proyecto_CPR/rosbot_ws/install/rosbot_description/share/rosbot_description/cmake/rosbot_descriptionConfig-version.cmake
[1.366s] -- Symlinking: /home/ale/Proyecto_CPR/rosbot_ws/install/rosbot_description/share/rosbot_description/package.xml
[1.374s] Invoked command in '/home/ale/Proyecto_CPR/rosbot_ws/build/rosbot_description' returned '0': CMAKE_PREFIX_PATH=/home/ale/Proyecto_CPR/rosbot_ws/install/open_manipulator_x_description:/home/ale/Proyecto_CPR/rosbot_ws/install/husarion_components_description:/home/ale/Proyecto_CPR/rosbot_ws/install/dynamixel_hardware_interface:/home/ale/Proyecto_CPR/rosbot_ws/install/rosbot_localization:/home/ale/Proyecto_CPR/rosbot_ws/install/open_manipulator_x_moveit:/home/ale/Proyecto_CPR/rosbot_ws/install/rosbot_description:/home/ale/Proyecto_CPR/rosbot_ws/install/rosbot:/home/ale/Proyecto_CPR/rosbot_ws/install/open_manipulator_x_joy:/home/ale/Proyecto_CPR/rosbot_ws/install/mecanum_drive_controller:/home/ale/Proyecto_CPR/rosbot_ws/install/husarion_gz_worlds:/home/ale/Proyecto_CPR/rosbot_ws/install/controldesc_pkg:/home/ale/Proyecto_CPR/rosbot_ws/install/rosbot_gazebo:/home/ale/Proyecto_CPR/rosbot_ws/install/rosbot_controller:/home/ale/Proyecto_CPR/rosbot_ws/install/rosbot_utils:/opt/ros/humble LD_LIBRARY_PATH=/home/ale/Proyecto_CPR/rosbot_ws/install/dynamixel_hardware_interface/lib:/home/ale/Proyecto_CPR/rosbot_ws/install/mecanum_drive_controller/lib:/usr/lib/x86_64-linux-gnu/gazebo-11/plugins:/opt/ros/humble/opt/rviz_ogre_vendor/lib:/opt/ros/humble/lib/x86_64-linux-gnu:/opt/ros/humble/opt/libphidget22/lib:/opt/ros/humble/lib:/usr/lib/x86_64-linux-gnu/gazebo-11/plugins /usr/bin/cmake --install /home/ale/Proyecto_CPR/rosbot_ws/build/rosbot_description
