-- Found ament_cmake: 1.3.12 (/opt/ros/humble/share/ament_cmake/cmake)
-- Found rclcpp: 16.0.15 (/opt/ros/humble/share/rclcpp/cmake)
-- Found rosidl_generator_c: 3.1.7 (/opt/ros/humble/share/rosidl_generator_c/cmake)
-- Found rosidl_adapter: 3.1.7 (/opt/ros/humble/share/rosidl_adapter/cmake)
-- Found rosidl_generator_cpp: 3.1.7 (/opt/ros/humble/share/rosidl_generator_cpp/cmake)
-- Using all available rosidl_typesupport_c: rosidl_typesupport_fastrtps_c;rosidl_typesupport_introspection_c
-- Using all available rosidl_typesupport_cpp: rosidl_typesupport_fastrtps_cpp;rosidl_typesupport_introspection_cpp
-- Found rmw_implementation_cmake: 6.1.2 (/opt/ros/humble/share/rmw_implementation_cmake/cmake)
-- Found rmw_fastrtps_cpp: 6.2.9 (/opt/ros/humble/share/rmw_fastrtps_cpp/cmake)
-- Using RMW implementation 'rmw_fastrtps_cpp' as default
-- Found geometry_msgs: 4.9.0 (/opt/ros/humble/share/geometry_msgs/cmake)
-- Found ament_lint_auto: 0.12.14 (/opt/ros/humble/share/ament_lint_auto/cmake)
-- Added test 'cppcheck' to perform static code analysis on C / C++ code
-- Configured cppcheck include dirs: 
-- Configured cppcheck exclude dirs and/or files: 
-- Added test 'flake8' to check Python code syntax and style conventions
-- Added test 'lint_cmake' to check CMake code style
-- Added test 'pep257' to check Python code against some of the docstring style conventions in PEP 257
-- Added test 'uncrustify' to check C / C++ code style
-- Configured uncrustify additional arguments: 
-- Added test 'xmllint' to check XML markup files
-- Configuring done
-- Generating done
-- Build files have been written to: /home/ale/Proyecto_CPR/rosbot_ws/build/controldesc_pkg
[35m[1mConsolidate compiler generated dependencies of target controller_node[0m
[100%] Built target controller_node
-- Install configuration: ""
-- Up-to-date: /home/ale/Proyecto_CPR/rosbot_ws/install/controldesc_pkg/lib/controldesc_pkg/controller_node
-- Installing: /home/ale/Proyecto_CPR/rosbot_ws/install/controldesc_pkg/lib/controldesc_pkg/robot_controller.py
-- Up-to-date: /home/ale/Proyecto_CPR/rosbot_ws/install/controldesc_pkg/share/ament_index/resource_index/package_run_dependencies/controldesc_pkg
-- Installing: /home/ale/Proyecto_CPR/rosbot_ws/install/controldesc_pkg/share/ament_index/resource_index/parent_prefix_path/controldesc_pkg
-- Up-to-date: /home/ale/Proyecto_CPR/rosbot_ws/install/controldesc_pkg/share/controldesc_pkg/environment/ament_prefix_path.sh
-- Installing: /home/ale/Proyecto_CPR/rosbot_ws/install/controldesc_pkg/share/controldesc_pkg/environment/ament_prefix_path.dsv
-- Up-to-date: /home/ale/Proyecto_CPR/rosbot_ws/install/controldesc_pkg/share/controldesc_pkg/environment/path.sh
-- Installing: /home/ale/Proyecto_CPR/rosbot_ws/install/controldesc_pkg/share/controldesc_pkg/environment/path.dsv
-- Up-to-date: /home/ale/Proyecto_CPR/rosbot_ws/install/controldesc_pkg/share/controldesc_pkg/local_setup.bash
-- Up-to-date: /home/ale/Proyecto_CPR/rosbot_ws/install/controldesc_pkg/share/controldesc_pkg/local_setup.sh
-- Up-to-date: /home/ale/Proyecto_CPR/rosbot_ws/install/controldesc_pkg/share/controldesc_pkg/local_setup.zsh
-- Installing: /home/ale/Proyecto_CPR/rosbot_ws/install/controldesc_pkg/share/controldesc_pkg/local_setup.dsv
-- Installing: /home/ale/Proyecto_CPR/rosbot_ws/install/controldesc_pkg/share/controldesc_pkg/package.dsv
-- Up-to-date: /home/ale/Proyecto_CPR/rosbot_ws/install/controldesc_pkg/share/ament_index/resource_index/packages/controldesc_pkg
-- Up-to-date: /home/ale/Proyecto_CPR/rosbot_ws/install/controldesc_pkg/share/controldesc_pkg/cmake/controldesc_pkgConfig.cmake
-- Up-to-date: /home/ale/Proyecto_CPR/rosbot_ws/install/controldesc_pkg/share/controldesc_pkg/cmake/controldesc_pkgConfig-version.cmake
-- Up-to-date: /home/ale/Proyecto_CPR/rosbot_ws/install/controldesc_pkg/share/controldesc_pkg/package.xml
