[0.188s] Invoking command in '/home/ale/Proyecto_CPR/rosbot_ws/build/controldesc_pkg': CMAKE_PREFIX_PATH=/opt/ros/humble /usr/bin/cmake --build /home/ale/Proyecto_CPR/rosbot_ws/build/controldesc_pkg -- -j16 -l16
[0.357s] -- Found ament_cmake: 1.3.12 (/opt/ros/humble/share/ament_cmake/cmake)
[0.357s] -- Found rclcpp: 16.0.15 (/opt/ros/humble/share/rclcpp/cmake)
[0.357s] -- Found rosidl_generator_c: 3.1.7 (/opt/ros/humble/share/rosidl_generator_c/cmake)
[0.357s] -- Found rosidl_adapter: 3.1.7 (/opt/ros/humble/share/rosidl_adapter/cmake)
[0.357s] -- Found rosidl_generator_cpp: 3.1.7 (/opt/ros/humble/share/rosidl_generator_cpp/cmake)
[0.357s] -- Using all available rosidl_typesupport_c: rosidl_typesupport_fastrtps_c;rosidl_typesupport_introspection_c
[0.357s] -- Using all available rosidl_typesupport_cpp: rosidl_typesupport_fastrtps_cpp;rosidl_typesupport_introspection_cpp
[0.357s] -- Found rmw_implementation_cmake: 6.1.2 (/opt/ros/humble/share/rmw_implementation_cmake/cmake)
[0.357s] -- Found rmw_fastrtps_cpp: 6.2.9 (/opt/ros/humble/share/rmw_fastrtps_cpp/cmake)
[0.444s] -- Using RMW implementation 'rmw_fastrtps_cpp' as default
[0.479s] -- Found geometry_msgs: 4.9.0 (/opt/ros/humble/share/geometry_msgs/cmake)
[0.489s] -- Found ament_lint_auto: 0.12.14 (/opt/ros/humble/share/ament_lint_auto/cmake)
[0.549s] -- Added test 'cppcheck' to perform static code analysis on C / C++ code
[0.549s] -- Configured cppcheck include dirs: 
[0.549s] -- Configured cppcheck exclude dirs and/or files: 
[0.549s] -- Added test 'flake8' to check Python code syntax and style conventions
[0.550s] -- Added test 'lint_cmake' to check CMake code style
[0.551s] -- Added test 'pep257' to check Python code against some of the docstring style conventions in PEP 257
[0.552s] -- Added test 'uncrustify' to check C / C++ code style
[0.552s] -- Configured uncrustify additional arguments: 
[0.553s] -- Added test 'xmllint' to check XML markup files
[0.555s] -- Configuring done
[0.566s] -- Generating done
[0.569s] -- Build files have been written to: /home/ale/Proyecto_CPR/rosbot_ws/build/controldesc_pkg
[0.593s] [35m[1mConsolidate compiler generated dependencies of target controller_node[0m
[0.607s] [100%] Built target controller_node
[0.617s] Invoked command in '/home/ale/Proyecto_CPR/rosbot_ws/build/controldesc_pkg' returned '0': CMAKE_PREFIX_PATH=/opt/ros/humble /usr/bin/cmake --build /home/ale/Proyecto_CPR/rosbot_ws/build/controldesc_pkg -- -j16 -l16
[0.618s] Invoking command in '/home/ale/Proyecto_CPR/rosbot_ws/build/controldesc_pkg': CMAKE_PREFIX_PATH=/opt/ros/humble /usr/bin/cmake --install /home/ale/Proyecto_CPR/rosbot_ws/build/controldesc_pkg
[0.624s] -- Install configuration: ""
[0.625s] -- Up-to-date: /home/ale/Proyecto_CPR/rosbot_ws/install/controldesc_pkg/lib/controldesc_pkg/controller_node
[0.626s] -- Installing: /home/ale/Proyecto_CPR/rosbot_ws/install/controldesc_pkg/lib/controldesc_pkg/robot_controller.py
[0.626s] -- Up-to-date: /home/ale/Proyecto_CPR/rosbot_ws/install/controldesc_pkg/share/ament_index/resource_index/package_run_dependencies/controldesc_pkg
[0.626s] -- Installing: /home/ale/Proyecto_CPR/rosbot_ws/install/controldesc_pkg/share/ament_index/resource_index/parent_prefix_path/controldesc_pkg
[0.626s] -- Up-to-date: /home/ale/Proyecto_CPR/rosbot_ws/install/controldesc_pkg/share/controldesc_pkg/environment/ament_prefix_path.sh
[0.626s] -- Installing: /home/ale/Proyecto_CPR/rosbot_ws/install/controldesc_pkg/share/controldesc_pkg/environment/ament_prefix_path.dsv
[0.626s] -- Up-to-date: /home/ale/Proyecto_CPR/rosbot_ws/install/controldesc_pkg/share/controldesc_pkg/environment/path.sh
[0.627s] -- Installing: /home/ale/Proyecto_CPR/rosbot_ws/install/controldesc_pkg/share/controldesc_pkg/environment/path.dsv
[0.627s] -- Up-to-date: /home/ale/Proyecto_CPR/rosbot_ws/install/controldesc_pkg/share/controldesc_pkg/local_setup.bash
[0.627s] -- Up-to-date: /home/ale/Proyecto_CPR/rosbot_ws/install/controldesc_pkg/share/controldesc_pkg/local_setup.sh
[0.627s] -- Up-to-date: /home/ale/Proyecto_CPR/rosbot_ws/install/controldesc_pkg/share/controldesc_pkg/local_setup.zsh
[0.627s] -- Installing: /home/ale/Proyecto_CPR/rosbot_ws/install/controldesc_pkg/share/controldesc_pkg/local_setup.dsv
[0.627s] -- Installing: /home/ale/Proyecto_CPR/rosbot_ws/install/controldesc_pkg/share/controldesc_pkg/package.dsv
[0.627s] -- Up-to-date: /home/ale/Proyecto_CPR/rosbot_ws/install/controldesc_pkg/share/ament_index/resource_index/packages/controldesc_pkg
[0.627s] -- Up-to-date: /home/ale/Proyecto_CPR/rosbot_ws/install/controldesc_pkg/share/controldesc_pkg/cmake/controldesc_pkgConfig.cmake
[0.627s] -- Up-to-date: /home/ale/Proyecto_CPR/rosbot_ws/install/controldesc_pkg/share/controldesc_pkg/cmake/controldesc_pkgConfig-version.cmake
[0.627s] -- Up-to-date: /home/ale/Proyecto_CPR/rosbot_ws/install/controldesc_pkg/share/controldesc_pkg/package.xml
[0.629s] Invoked command in '/home/ale/Proyecto_CPR/rosbot_ws/build/controldesc_pkg' returned '0': CMAKE_PREFIX_PATH=/opt/ros/humble /usr/bin/cmake --install /home/ale/Proyecto_CPR/rosbot_ws/build/controldesc_pkg
