[0.403s] Invoking command in '/home/ale/Proyecto_CPR/rosbot_ws/build/rosbot_joy': CMAKE_PREFIX_PATH=${CMAKE_PREFIX_PATH}:/home/ale/Proyecto_CPR/rosbot_ws/install/rosbot_gazebo:/home/ale/Proyecto_CPR/rosbot_ws/install/rosbot_controller:/home/ale/Proyecto_CPR/rosbot_ws/install/rosbot_utils:/opt/ros/humble /usr/bin/cmake /home/ale/Proyecto_CPR/rosbot_ws/src/rosbot_ros/rosbot_joy -DCMAKE_INSTALL_PREFIX=/home/ale/Proyecto_CPR/rosbot_ws/install/rosbot_joy
[0.445s] -- The C compiler identification is GNU 11.4.0
[0.498s] -- The CXX compiler identification is GNU 11.4.0
[0.504s] -- Detecting C compiler ABI info
[0.558s] -- Detecting C compiler ABI info - done
[0.564s] -- Check for working C compiler: /usr/bin/cc - skipped
[0.564s] -- Detecting C compile features
[0.565s] -- Detecting C compile features - done
[0.567s] -- Detecting CXX compiler ABI info
[0.629s] -- Detecting CXX compiler ABI info - done
[0.639s] -- Check for working CXX compiler: /usr/bin/c++ - skipped
[0.639s] -- Detecting CXX compile features
[0.640s] -- Detecting CXX compile features - done
[0.642s] -- Found ament_cmake: 1.3.12 (/opt/ros/humble/share/ament_cmake/cmake)
[0.797s] -- Found Python3: /usr/bin/python3 (found version "3.10.12") found components: Interpreter 
[0.936s] -- Configuring done
[0.938s] -- Generating done
[0.939s] -- Build files have been written to: /home/ale/Proyecto_CPR/rosbot_ws/build/rosbot_joy
[0.942s] Invoked command in '/home/ale/Proyecto_CPR/rosbot_ws/build/rosbot_joy' returned '0': CMAKE_PREFIX_PATH=${CMAKE_PREFIX_PATH}:/home/ale/Proyecto_CPR/rosbot_ws/install/rosbot_gazebo:/home/ale/Proyecto_CPR/rosbot_ws/install/rosbot_controller:/home/ale/Proyecto_CPR/rosbot_ws/install/rosbot_utils:/opt/ros/humble /usr/bin/cmake /home/ale/Proyecto_CPR/rosbot_ws/src/rosbot_ros/rosbot_joy -DCMAKE_INSTALL_PREFIX=/home/ale/Proyecto_CPR/rosbot_ws/install/rosbot_joy
[0.943s] Invoking command in '/home/ale/Proyecto_CPR/rosbot_ws/build/rosbot_joy': CMAKE_PREFIX_PATH=${CMAKE_PREFIX_PATH}:/home/ale/Proyecto_CPR/rosbot_ws/install/rosbot_gazebo:/home/ale/Proyecto_CPR/rosbot_ws/install/rosbot_controller:/home/ale/Proyecto_CPR/rosbot_ws/install/rosbot_utils:/opt/ros/humble /usr/bin/cmake --build /home/ale/Proyecto_CPR/rosbot_ws/build/rosbot_joy -- -j16 -l16
[0.969s] Invoked command in '/home/ale/Proyecto_CPR/rosbot_ws/build/rosbot_joy' returned '0': CMAKE_PREFIX_PATH=${CMAKE_PREFIX_PATH}:/home/ale/Proyecto_CPR/rosbot_ws/install/rosbot_gazebo:/home/ale/Proyecto_CPR/rosbot_ws/install/rosbot_controller:/home/ale/Proyecto_CPR/rosbot_ws/install/rosbot_utils:/opt/ros/humble /usr/bin/cmake --build /home/ale/Proyecto_CPR/rosbot_ws/build/rosbot_joy -- -j16 -l16
[0.971s] Invoking command in '/home/ale/Proyecto_CPR/rosbot_ws/build/rosbot_joy': CMAKE_PREFIX_PATH=${CMAKE_PREFIX_PATH}:/home/ale/Proyecto_CPR/rosbot_ws/install/rosbot_gazebo:/home/ale/Proyecto_CPR/rosbot_ws/install/rosbot_controller:/home/ale/Proyecto_CPR/rosbot_ws/install/rosbot_utils:/opt/ros/humble /usr/bin/cmake --install /home/ale/Proyecto_CPR/rosbot_ws/build/rosbot_joy
[0.976s] -- Install configuration: ""
[0.977s] -- Installing: /home/ale/Proyecto_CPR/rosbot_ws/install/rosbot_joy/share/rosbot_joy/config
[0.977s] -- Installing: /home/ale/Proyecto_CPR/rosbot_ws/install/rosbot_joy/share/rosbot_joy/config/joy.yaml
[0.977s] -- Installing: /home/ale/Proyecto_CPR/rosbot_ws/install/rosbot_joy/share/rosbot_joy/launch
[0.977s] -- Installing: /home/ale/Proyecto_CPR/rosbot_ws/install/rosbot_joy/share/rosbot_joy/launch/joy.launch.py
[0.977s] -- Installing: /home/ale/Proyecto_CPR/rosbot_ws/install/rosbot_joy/share/ament_index/resource_index/package_run_dependencies/rosbot_joy
[0.977s] -- Installing: /home/ale/Proyecto_CPR/rosbot_ws/install/rosbot_joy/share/ament_index/resource_index/parent_prefix_path/rosbot_joy
[0.978s] -- Installing: /home/ale/Proyecto_CPR/rosbot_ws/install/rosbot_joy/share/rosbot_joy/environment/ament_prefix_path.sh
[0.978s] -- Installing: /home/ale/Proyecto_CPR/rosbot_ws/install/rosbot_joy/share/rosbot_joy/environment/ament_prefix_path.dsv
[0.978s] -- Installing: /home/ale/Proyecto_CPR/rosbot_ws/install/rosbot_joy/share/rosbot_joy/environment/path.sh
[0.978s] -- Installing: /home/ale/Proyecto_CPR/rosbot_ws/install/rosbot_joy/share/rosbot_joy/environment/path.dsv
[0.978s] -- Installing: /home/ale/Proyecto_CPR/rosbot_ws/install/rosbot_joy/share/rosbot_joy/local_setup.bash
[0.978s] -- Installing: /home/ale/Proyecto_CPR/rosbot_ws/install/rosbot_joy/share/rosbot_joy/local_setup.sh
[0.978s] -- Installing: /home/ale/Proyecto_CPR/rosbot_ws/install/rosbot_joy/share/rosbot_joy/local_setup.zsh
[0.978s] -- Installing: /home/ale/Proyecto_CPR/rosbot_ws/install/rosbot_joy/share/rosbot_joy/local_setup.dsv
[0.978s] -- Installing: /home/ale/Proyecto_CPR/rosbot_ws/install/rosbot_joy/share/rosbot_joy/package.dsv
[0.979s] -- Installing: /home/ale/Proyecto_CPR/rosbot_ws/install/rosbot_joy/share/ament_index/resource_index/packages/rosbot_joy
[0.979s] -- Installing: /home/ale/Proyecto_CPR/rosbot_ws/install/rosbot_joy/share/rosbot_joy/cmake/rosbot_joyConfig.cmake
[0.979s] -- Installing: /home/ale/Proyecto_CPR/rosbot_ws/install/rosbot_joy/share/rosbot_joy/cmake/rosbot_joyConfig-version.cmake
[0.979s] -- Installing: /home/ale/Proyecto_CPR/rosbot_ws/install/rosbot_joy/share/rosbot_joy/package.xml
[0.987s] Invoked command in '/home/ale/Proyecto_CPR/rosbot_ws/build/rosbot_joy' returned '0': CMAKE_PREFIX_PATH=${CMAKE_PREFIX_PATH}:/home/ale/Proyecto_CPR/rosbot_ws/install/rosbot_gazebo:/home/ale/Proyecto_CPR/rosbot_ws/install/rosbot_controller:/home/ale/Proyecto_CPR/rosbot_ws/install/rosbot_utils:/opt/ros/humble /usr/bin/cmake --install /home/ale/Proyecto_CPR/rosbot_ws/build/rosbot_joy
