[0.219s] Invoking command in '/home/ale/Proyecto_CPR/rosbot_ws/build/controldesc_pkg': CMAKE_PREFIX_PATH=/opt/ros/humble /usr/bin/cmake --build /home/ale/Proyecto_CPR/rosbot_ws/build/controldesc_pkg -- -j16 -l16
[0.390s] -- Found ament_cmake: 1.3.12 (/opt/ros/humble/share/ament_cmake/cmake)
[0.390s] -- Found rclcpp: 16.0.15 (/opt/ros/humble/share/rclcpp/cmake)
[0.390s] -- Found rosidl_generator_c: 3.1.7 (/opt/ros/humble/share/rosidl_generator_c/cmake)
[0.391s] -- Found rosidl_adapter: 3.1.7 (/opt/ros/humble/share/rosidl_adapter/cmake)
[0.395s] -- Found rosidl_generator_cpp: 3.1.7 (/opt/ros/humble/share/rosidl_generator_cpp/cmake)
[0.404s] -- Using all available rosidl_typesupport_c: rosidl_typesupport_fastrtps_c;rosidl_typesupport_introspection_c
[0.428s] -- Using all available rosidl_typesupport_cpp: rosidl_typesupport_fastrtps_cpp;rosidl_typesupport_introspection_cpp
[0.475s] -- Found rmw_implementation_cmake: 6.1.2 (/opt/ros/humble/share/rmw_implementation_cmake/cmake)
[0.478s] -- Found rmw_fastrtps_cpp: 6.2.9 (/opt/ros/humble/share/rmw_fastrtps_cpp/cmake)
[0.586s] -- Using RMW implementation 'rmw_fastrtps_cpp' as default
[0.645s] -- Found geometry_msgs: 4.9.0 (/opt/ros/humble/share/geometry_msgs/cmake)
[0.662s] -- Found ament_lint_auto: 0.12.14 (/opt/ros/humble/share/ament_lint_auto/cmake)
[0.725s] [31mCMake Error at /opt/ros/humble/share/ament_cmake_python/cmake/ament_python_install_package.cmake:66 (message):
[0.725s]   ament_python_install_package() the Python package folder
[0.725s]   '/home/ale/Proyecto_CPR/rosbot_ws/src/controldesc_pkg/controldesc_pkg'
[0.725s]   doesn't contain an '__init__.py' file
[0.725s] Call Stack (most recent call first):
[0.725s]   /opt/ros/humble/share/ament_cmake_python/cmake/ament_python_install_package.cmake:39 (_ament_cmake_python_install_package)
[0.725s]   CMakeLists.txt:34 (ament_python_install_package)
[0.725s] 
[0.725s] [0m
[0.725s] -- Configuring incomplete, errors occurred!
[0.725s] See also "/home/ale/Proyecto_CPR/rosbot_ws/build/controldesc_pkg/CMakeFiles/CMakeOutput.log".
[0.731s] gmake: *** [Makefile:267: cmake_check_build_system] Error 1
[0.733s] Invoked command in '/home/ale/Proyecto_CPR/rosbot_ws/build/controldesc_pkg' returned '2': CMAKE_PREFIX_PATH=/opt/ros/humble /usr/bin/cmake --build /home/ale/Proyecto_CPR/rosbot_ws/build/controldesc_pkg -- -j16 -l16
