[0.097s] Invoking command in '/home/ale/Proyecto_CPR/rosbot_ws/build/mecanum_drive_controller': CMAKE_PREFIX_PATH=${CMAKE_PREFIX_PATH}:/home/ale/Proyecto_CPR/rosbot_ws/install/rosbot_gazebo:/home/ale/Proyecto_CPR/rosbot_ws/install/rosbot_controller:/home/ale/Proyecto_CPR/rosbot_ws/install/rosbot_utils:/home/ale/Proyecto_CPR/rosbot_ws/install/rosbot_bringup:/opt/ros/humble /usr/bin/cmake --build /home/ale/Proyecto_CPR/rosbot_ws/build/mecanum_drive_controller -- -j16 -l16
[1.078s] [ 33%] Built target mecanum_drive_controller_parameters
[1.078s] [100%] Built target mecanum_drive_controller
[1.109s] Invoked command in '/home/ale/Proyecto_CPR/rosbot_ws/build/mecanum_drive_controller' returned '0': CMAKE_PREFIX_PATH=${CMAKE_PREFIX_PATH}:/home/ale/Proyecto_CPR/rosbot_ws/install/rosbot_gazebo:/home/ale/Proyecto_CPR/rosbot_ws/install/rosbot_controller:/home/ale/Proyecto_CPR/rosbot_ws/install/rosbot_utils:/home/ale/Proyecto_CPR/rosbot_ws/install/rosbot_bringup:/opt/ros/humble /usr/bin/cmake --build /home/ale/Proyecto_CPR/rosbot_ws/build/mecanum_drive_controller -- -j16 -l16
[1.112s] Invoking command in '/home/ale/Proyecto_CPR/rosbot_ws/build/mecanum_drive_controller': CMAKE_PREFIX_PATH=${CMAKE_PREFIX_PATH}:/home/ale/Proyecto_CPR/rosbot_ws/install/rosbot_gazebo:/home/ale/Proyecto_CPR/rosbot_ws/install/rosbot_controller:/home/ale/Proyecto_CPR/rosbot_ws/install/rosbot_utils:/home/ale/Proyecto_CPR/rosbot_ws/install/rosbot_bringup:/opt/ros/humble /usr/bin/cmake --install /home/ale/Proyecto_CPR/rosbot_ws/build/mecanum_drive_controller
[1.166s] -- Install configuration: "Release"
[1.166s] -- Execute custom install script
[1.166s] -- Up-to-date symlink: /home/ale/Proyecto_CPR/rosbot_ws/install/mecanum_drive_controller/include/mecanum_drive_controller/mecanum_drive_controller_parameters.hpp
[1.167s] -- Up-to-date symlink: /home/ale/Proyecto_CPR/rosbot_ws/install/mecanum_drive_controller/share/mecanum_drive_controller//mecanum_drive_plugin.xml
[1.167s] -- Up-to-date symlink: /home/ale/Proyecto_CPR/rosbot_ws/install/mecanum_drive_controller/include/mecanum_drive_controller/mecanum_drive_controller/mecanum_drive_controller.hpp
[1.167s] -- Up-to-date symlink: /home/ale/Proyecto_CPR/rosbot_ws/install/mecanum_drive_controller/include/mecanum_drive_controller/mecanum_drive_controller/odometry.hpp
[1.167s] -- Up-to-date symlink: /home/ale/Proyecto_CPR/rosbot_ws/install/mecanum_drive_controller/include/mecanum_drive_controller/mecanum_drive_controller/speed_limiter.hpp
[1.167s] -- Up-to-date symlink: /home/ale/Proyecto_CPR/rosbot_ws/install/mecanum_drive_controller/include/mecanum_drive_controller/mecanum_drive_controller/visibility_control.h
[1.167s] -- Up-to-date symlink: /home/ale/Proyecto_CPR/rosbot_ws/install/mecanum_drive_controller/share/mecanum_drive_controller/environment/library_path.sh
[1.167s] -- Up-to-date symlink: /home/ale/Proyecto_CPR/rosbot_ws/install/mecanum_drive_controller/share/mecanum_drive_controller/environment/library_path.dsv
[1.167s] -- Up-to-date symlink: /home/ale/Proyecto_CPR/rosbot_ws/install/mecanum_drive_controller/share/ament_index/resource_index/package_run_dependencies/mecanum_drive_controller
[1.167s] -- Up-to-date symlink: /home/ale/Proyecto_CPR/rosbot_ws/install/mecanum_drive_controller/share/ament_index/resource_index/parent_prefix_path/mecanum_drive_controller
[1.167s] -- Up-to-date symlink: /home/ale/Proyecto_CPR/rosbot_ws/install/mecanum_drive_controller/share/mecanum_drive_controller/environment/ament_prefix_path.sh
[1.167s] -- Up-to-date symlink: /home/ale/Proyecto_CPR/rosbot_ws/install/mecanum_drive_controller/share/mecanum_drive_controller/environment/ament_prefix_path.dsv
[1.168s] -- Up-to-date symlink: /home/ale/Proyecto_CPR/rosbot_ws/install/mecanum_drive_controller/share/mecanum_drive_controller/environment/path.sh
[1.168s] -- Up-to-date symlink: /home/ale/Proyecto_CPR/rosbot_ws/install/mecanum_drive_controller/share/mecanum_drive_controller/environment/path.dsv
[1.168s] -- Up-to-date symlink: /home/ale/Proyecto_CPR/rosbot_ws/install/mecanum_drive_controller/share/mecanum_drive_controller/local_setup.bash
[1.168s] -- Up-to-date symlink: /home/ale/Proyecto_CPR/rosbot_ws/install/mecanum_drive_controller/share/mecanum_drive_controller/local_setup.sh
[1.168s] -- Up-to-date symlink: /home/ale/Proyecto_CPR/rosbot_ws/install/mecanum_drive_controller/share/mecanum_drive_controller/local_setup.zsh
[1.168s] -- Up-to-date symlink: /home/ale/Proyecto_CPR/rosbot_ws/install/mecanum_drive_controller/share/mecanum_drive_controller/local_setup.dsv
[1.168s] -- Symlinking: /home/ale/Proyecto_CPR/rosbot_ws/install/mecanum_drive_controller/share/mecanum_drive_controller/package.dsv
[1.193s] -- Up-to-date symlink: /home/ale/Proyecto_CPR/rosbot_ws/install/mecanum_drive_controller/share/ament_index/resource_index/packages/mecanum_drive_controller
[1.193s] -- Up-to-date symlink: /home/ale/Proyecto_CPR/rosbot_ws/install/mecanum_drive_controller/share/ament_index/resource_index/controller_interface__pluginlib__plugin/mecanum_drive_controller
[1.194s] -- Up-to-date symlink: /home/ale/Proyecto_CPR/rosbot_ws/install/mecanum_drive_controller/share/mecanum_drive_controller/cmake/ament_cmake_export_dependencies-extras.cmake
[1.194s] -- Up-to-date symlink: /home/ale/Proyecto_CPR/rosbot_ws/install/mecanum_drive_controller/share/mecanum_drive_controller/cmake/ament_cmake_export_targets-extras.cmake
[1.195s] -- Up-to-date symlink: /home/ale/Proyecto_CPR/rosbot_ws/install/mecanum_drive_controller/share/mecanum_drive_controller/cmake/mecanum_drive_controllerConfig.cmake
[1.195s] -- Up-to-date symlink: /home/ale/Proyecto_CPR/rosbot_ws/install/mecanum_drive_controller/share/mecanum_drive_controller/cmake/mecanum_drive_controllerConfig-version.cmake
[1.195s] -- Up-to-date symlink: /home/ale/Proyecto_CPR/rosbot_ws/install/mecanum_drive_controller/share/mecanum_drive_controller/package.xml
[1.195s] -- Up-to-date: /home/ale/Proyecto_CPR/rosbot_ws/install/mecanum_drive_controller/lib/libmecanum_drive_controller.so
[1.196s] -- Up-to-date: /home/ale/Proyecto_CPR/rosbot_ws/install/mecanum_drive_controller/share/mecanum_drive_controller/cmake/export_mecanum_drive_controllerExport.cmake
[1.196s] -- Up-to-date: /home/ale/Proyecto_CPR/rosbot_ws/install/mecanum_drive_controller/share/mecanum_drive_controller/cmake/export_mecanum_drive_controllerExport-release.cmake
[1.268s] Invoked command in '/home/ale/Proyecto_CPR/rosbot_ws/build/mecanum_drive_controller' returned '0': CMAKE_PREFIX_PATH=${CMAKE_PREFIX_PATH}:/home/ale/Proyecto_CPR/rosbot_ws/install/rosbot_gazebo:/home/ale/Proyecto_CPR/rosbot_ws/install/rosbot_controller:/home/ale/Proyecto_CPR/rosbot_ws/install/rosbot_utils:/home/ale/Proyecto_CPR/rosbot_ws/install/rosbot_bringup:/opt/ros/humble /usr/bin/cmake --install /home/ale/Proyecto_CPR/rosbot_ws/build/mecanum_drive_controller
