[0.994s] Invoking command in '/home/ale/Proyecto_CPR/rosbot_ws/build/rosbot_joy': CMAKE_PREFIX_PATH=${CMAKE_PREFIX_PATH}:/home/ale/Proyecto_CPR/rosbot_ws/install/rosbot_gazebo:/home/ale/Proyecto_CPR/rosbot_ws/install/rosbot_controller:/home/ale/Proyecto_CPR/rosbot_ws/install/rosbot_utils:/home/ale/Proyecto_CPR/rosbot_ws/install/rosbot_bringup:/opt/ros/humble /usr/bin/cmake --build /home/ale/Proyecto_CPR/rosbot_ws/build/rosbot_joy -- -j16 -l16
[1.142s] Invoked command in '/home/ale/Proyecto_CPR/rosbot_ws/build/rosbot_joy' returned '0': CMAKE_PREFIX_PATH=${CMAKE_PREFIX_PATH}:/home/ale/Proyecto_CPR/rosbot_ws/install/rosbot_gazebo:/home/ale/Proyecto_CPR/rosbot_ws/install/rosbot_controller:/home/ale/Proyecto_CPR/rosbot_ws/install/rosbot_utils:/home/ale/Proyecto_CPR/rosbot_ws/install/rosbot_bringup:/opt/ros/humble /usr/bin/cmake --build /home/ale/Proyecto_CPR/rosbot_ws/build/rosbot_joy -- -j16 -l16
[1.144s] Invoking command in '/home/ale/Proyecto_CPR/rosbot_ws/build/rosbot_joy': CMAKE_PREFIX_PATH=${CMAKE_PREFIX_PATH}:/home/ale/Proyecto_CPR/rosbot_ws/install/rosbot_gazebo:/home/ale/Proyecto_CPR/rosbot_ws/install/rosbot_controller:/home/ale/Proyecto_CPR/rosbot_ws/install/rosbot_utils:/home/ale/Proyecto_CPR/rosbot_ws/install/rosbot_bringup:/opt/ros/humble /usr/bin/cmake --install /home/ale/Proyecto_CPR/rosbot_ws/build/rosbot_joy
[1.254s] -- Install configuration: ""
[1.254s] -- Up-to-date: /home/ale/Proyecto_CPR/rosbot_ws/install/rosbot_joy/share/rosbot_joy/config
[1.254s] -- Up-to-date: /home/ale/Proyecto_CPR/rosbot_ws/install/rosbot_joy/share/rosbot_joy/config/joy.yaml
[1.254s] -- Up-to-date: /home/ale/Proyecto_CPR/rosbot_ws/install/rosbot_joy/share/rosbot_joy/launch
[1.254s] -- Up-to-date: /home/ale/Proyecto_CPR/rosbot_ws/install/rosbot_joy/share/rosbot_joy/launch/joy.launch.py
[1.254s] -- Up-to-date: /home/ale/Proyecto_CPR/rosbot_ws/install/rosbot_joy/share/ament_index/resource_index/package_run_dependencies/rosbot_joy
[1.254s] -- Up-to-date: /home/ale/Proyecto_CPR/rosbot_ws/install/rosbot_joy/share/ament_index/resource_index/parent_prefix_path/rosbot_joy
[1.254s] -- Up-to-date: /home/ale/Proyecto_CPR/rosbot_ws/install/rosbot_joy/share/rosbot_joy/environment/ament_prefix_path.sh
[1.254s] -- Up-to-date: /home/ale/Proyecto_CPR/rosbot_ws/install/rosbot_joy/share/rosbot_joy/environment/ament_prefix_path.dsv
[1.254s] -- Up-to-date: /home/ale/Proyecto_CPR/rosbot_ws/install/rosbot_joy/share/rosbot_joy/environment/path.sh
[1.255s] -- Up-to-date: /home/ale/Proyecto_CPR/rosbot_ws/install/rosbot_joy/share/rosbot_joy/environment/path.dsv
[1.255s] -- Up-to-date: /home/ale/Proyecto_CPR/rosbot_ws/install/rosbot_joy/share/rosbot_joy/local_setup.bash
[1.255s] -- Up-to-date: /home/ale/Proyecto_CPR/rosbot_ws/install/rosbot_joy/share/rosbot_joy/local_setup.sh
[1.255s] -- Up-to-date: /home/ale/Proyecto_CPR/rosbot_ws/install/rosbot_joy/share/rosbot_joy/local_setup.zsh
[1.255s] -- Up-to-date: /home/ale/Proyecto_CPR/rosbot_ws/install/rosbot_joy/share/rosbot_joy/local_setup.dsv
[1.255s] -- Installing: /home/ale/Proyecto_CPR/rosbot_ws/install/rosbot_joy/share/rosbot_joy/package.dsv
[1.255s] -- Up-to-date: /home/ale/Proyecto_CPR/rosbot_ws/install/rosbot_joy/share/ament_index/resource_index/packages/rosbot_joy
[1.255s] -- Up-to-date: /home/ale/Proyecto_CPR/rosbot_ws/install/rosbot_joy/share/rosbot_joy/cmake/rosbot_joyConfig.cmake
[1.255s] -- Up-to-date: /home/ale/Proyecto_CPR/rosbot_ws/install/rosbot_joy/share/rosbot_joy/cmake/rosbot_joyConfig-version.cmake
[1.255s] -- Up-to-date: /home/ale/Proyecto_CPR/rosbot_ws/install/rosbot_joy/share/rosbot_joy/package.xml
[1.325s] Invoked command in '/home/ale/Proyecto_CPR/rosbot_ws/build/rosbot_joy' returned '0': CMAKE_PREFIX_PATH=${CMAKE_PREFIX_PATH}:/home/ale/Proyecto_CPR/rosbot_ws/install/rosbot_gazebo:/home/ale/Proyecto_CPR/rosbot_ws/install/rosbot_controller:/home/ale/Proyecto_CPR/rosbot_ws/install/rosbot_utils:/home/ale/Proyecto_CPR/rosbot_ws/install/rosbot_bringup:/opt/ros/humble /usr/bin/cmake --install /home/ale/Proyecto_CPR/rosbot_ws/build/rosbot_joy
