[1.793s] Invoking command in '/home/ale/Proyecto_CPR/rosbot_ws/src/rosbot_ros/rosbot_utils': PYTHONPATH=/home/ale/Proyecto_CPR/rosbot_ws/build/rosbot_utils/prefix_override:/usr/lib/python3/dist-packages/colcon_core/task/python/colcon_distutils_commands:/home/ale/Proyecto_CPR/rosbot_ws/install/rosbot_utils/lib/python3.10/site-packages:${PYTHONPATH} /usr/bin/python3 -W ignore:setup.py install is deprecated -W ignore:easy_install command is deprecated setup.py egg_info --egg-base ../../../build/rosbot_utils build --build-base /home/ale/Proyecto_CPR/rosbot_ws/build/rosbot_utils/build install --record /home/ale/Proyecto_CPR/rosbot_ws/build/rosbot_utils/install.log --single-version-externally-managed install_data
[2.247s] running egg_info
[2.249s] writing ../../../build/rosbot_utils/rosbot_utils.egg-info/PKG-INFO
[2.249s] writing dependency_links to ../../../build/rosbot_utils/rosbot_utils.egg-info/dependency_links.txt
[2.249s] writing entry points to ../../../build/rosbot_utils/rosbot_utils.egg-info/entry_points.txt
[2.251s] writing requirements to ../../../build/rosbot_utils/rosbot_utils.egg-info/requires.txt
[2.251s] writing top-level names to ../../../build/rosbot_utils/rosbot_utils.egg-info/top_level.txt
[2.256s] reading manifest file '../../../build/rosbot_utils/rosbot_utils.egg-info/SOURCES.txt'
[2.257s] writing manifest file '../../../build/rosbot_utils/rosbot_utils.egg-info/SOURCES.txt'
[2.257s] running build
[2.258s] running build_py
[2.259s] running install
[2.260s] running install_lib
[2.263s] running install_data
[2.263s] running install_egg_info
[2.270s] removing '/home/ale/Proyecto_CPR/rosbot_ws/install/rosbot_utils/lib/python3.10/site-packages/rosbot_utils-0.15.2-py3.10.egg-info' (and everything under it)
[2.270s] Copying ../../../build/rosbot_utils/rosbot_utils.egg-info to /home/ale/Proyecto_CPR/rosbot_ws/install/rosbot_utils/lib/python3.10/site-packages/rosbot_utils-0.15.2-py3.10.egg-info
[2.272s] running install_scripts
[2.312s] Installing flash_firmware script to /home/ale/Proyecto_CPR/rosbot_ws/install/rosbot_utils/lib/rosbot_utils
[2.313s] writing list of installed files to '/home/ale/Proyecto_CPR/rosbot_ws/build/rosbot_utils/install.log'
[2.397s] Invoked command in '/home/ale/Proyecto_CPR/rosbot_ws/src/rosbot_ros/rosbot_utils' returned '0': PYTHONPATH=/home/ale/Proyecto_CPR/rosbot_ws/build/rosbot_utils/prefix_override:/usr/lib/python3/dist-packages/colcon_core/task/python/colcon_distutils_commands:/home/ale/Proyecto_CPR/rosbot_ws/install/rosbot_utils/lib/python3.10/site-packages:${PYTHONPATH} /usr/bin/python3 -W ignore:setup.py install is deprecated -W ignore:easy_install command is deprecated setup.py egg_info --egg-base ../../../build/rosbot_utils build --build-base /home/ale/Proyecto_CPR/rosbot_ws/build/rosbot_utils/build install --record /home/ale/Proyecto_CPR/rosbot_ws/build/rosbot_utils/install.log --single-version-externally-managed install_data
