[0.810s] Invoking command in '/home/ale/Proyecto_CPR/rosbot_ws/src/rosbot_ros/rosbot_utils': PYTHONPATH=/home/ale/Proyecto_CPR/rosbot_ws/build/rosbot_utils/prefix_override:/usr/lib/python3/dist-packages/colcon_core/task/python/colcon_distutils_commands:/home/ale/Proyecto_CPR/rosbot_ws/install/rosbot_utils/lib/python3.10/site-packages:${PYTHONPATH} /usr/bin/python3 -W ignore:setup.py install is deprecated -W ignore:easy_install command is deprecated setup.py egg_info --egg-base ../../../build/rosbot_utils build --build-base /home/ale/Proyecto_CPR/rosbot_ws/build/rosbot_utils/build install --record /home/ale/Proyecto_CPR/rosbot_ws/build/rosbot_utils/install.log --single-version-externally-managed install_data
[1.013s] running egg_info
[1.013s] writing ../../../build/rosbot_utils/rosbot_utils.egg-info/PKG-INFO
[1.013s] writing dependency_links to ../../../build/rosbot_utils/rosbot_utils.egg-info/dependency_links.txt
[1.014s] writing entry points to ../../../build/rosbot_utils/rosbot_utils.egg-info/entry_points.txt
[1.014s] writing requirements to ../../../build/rosbot_utils/rosbot_utils.egg-info/requires.txt
[1.014s] writing top-level names to ../../../build/rosbot_utils/rosbot_utils.egg-info/top_level.txt
[1.014s] reading manifest file '../../../build/rosbot_utils/rosbot_utils.egg-info/SOURCES.txt'
[1.015s] writing manifest file '../../../build/rosbot_utils/rosbot_utils.egg-info/SOURCES.txt'
[1.015s] running build
[1.015s] running build_py
[1.015s] running install
[1.016s] running install_lib
[1.017s] running install_data
[1.017s] running install_egg_info
[1.018s] removing '/home/ale/Proyecto_CPR/rosbot_ws/install/rosbot_utils/lib/python3.10/site-packages/rosbot_utils-0.15.2-py3.10.egg-info' (and everything under it)
[1.018s] Copying ../../../build/rosbot_utils/rosbot_utils.egg-info to /home/ale/Proyecto_CPR/rosbot_ws/install/rosbot_utils/lib/python3.10/site-packages/rosbot_utils-0.15.2-py3.10.egg-info
[1.019s] running install_scripts
[1.035s] Installing flash_firmware script to /home/ale/Proyecto_CPR/rosbot_ws/install/rosbot_utils/lib/rosbot_utils
[1.035s] writing list of installed files to '/home/ale/Proyecto_CPR/rosbot_ws/build/rosbot_utils/install.log'
[1.055s] Invoked command in '/home/ale/Proyecto_CPR/rosbot_ws/src/rosbot_ros/rosbot_utils' returned '0': PYTHONPATH=/home/ale/Proyecto_CPR/rosbot_ws/build/rosbot_utils/prefix_override:/usr/lib/python3/dist-packages/colcon_core/task/python/colcon_distutils_commands:/home/ale/Proyecto_CPR/rosbot_ws/install/rosbot_utils/lib/python3.10/site-packages:${PYTHONPATH} /usr/bin/python3 -W ignore:setup.py install is deprecated -W ignore:easy_install command is deprecated setup.py egg_info --egg-base ../../../build/rosbot_utils build --build-base /home/ale/Proyecto_CPR/rosbot_ws/build/rosbot_utils/build install --record /home/ale/Proyecto_CPR/rosbot_ws/build/rosbot_utils/install.log --single-version-externally-managed install_data
