/home/ale/Proyecto_CPR/rosbot_ws/install/rosbot_utils/lib/python3.10/site-packages/rosbot_utils/flash_firmware_uart.py
/home/ale/Proyecto_CPR/rosbot_ws/install/rosbot_utils/lib/python3.10/site-packages/rosbot_utils/__init__.py
/home/ale/Proyecto_CPR/rosbot_ws/install/rosbot_utils/lib/python3.10/site-packages/rosbot_utils/flash_firmware_usb.py
/home/ale/Proyecto_CPR/rosbot_ws/install/rosbot_utils/lib/python3.10/site-packages/rosbot_utils/utils.py
/home/ale/Proyecto_CPR/rosbot_ws/install/rosbot_utils/lib/python3.10/site-packages/rosbot_utils/flash_firmware.py
/home/ale/Proyecto_CPR/rosbot_ws/install/rosbot_utils/lib/python3.10/site-packages/rosbot_utils/__pycache__/flash_firmware_uart.cpython-310.pyc
/home/ale/Proyecto_CPR/rosbot_ws/install/rosbot_utils/lib/python3.10/site-packages/rosbot_utils/__pycache__/__init__.cpython-310.pyc
/home/ale/Proyecto_CPR/rosbot_ws/install/rosbot_utils/lib/python3.10/site-packages/rosbot_utils/__pycache__/flash_firmware_usb.cpython-310.pyc
/home/ale/Proyecto_CPR/rosbot_ws/install/rosbot_utils/lib/python3.10/site-packages/rosbot_utils/__pycache__/utils.cpython-310.pyc
/home/ale/Proyecto_CPR/rosbot_ws/install/rosbot_utils/lib/python3.10/site-packages/rosbot_utils/__pycache__/flash_firmware.cpython-310.pyc
/home/ale/Proyecto_CPR/rosbot_ws/install/rosbot_utils/share/ament_index/resource_index/packages/rosbot_utils
/home/ale/Proyecto_CPR/rosbot_ws/install/rosbot_utils/share/rosbot_utils/package.xml
/home/ale/Proyecto_CPR/rosbot_ws/install/rosbot_utils/share/rosbot_utils/config
/home/ale/Proyecto_CPR/rosbot_ws/install/rosbot_utils/share/rosbot_utils/config/rosbot/laser_filter.yaml
/home/ale/Proyecto_CPR/rosbot_ws/install/rosbot_utils/share/rosbot_utils/config/rosbot_xl/laser_filter.yaml
/home/ale/Proyecto_CPR/rosbot_ws/install/rosbot_utils/share/rosbot_utils/firmware/rosbot/v0.11.0.bin
/home/ale/Proyecto_CPR/rosbot_ws/install/rosbot_utils/share/rosbot_utils/firmware/rosbot_xl/v1.4.0.bin
/home/ale/Proyecto_CPR/rosbot_ws/install/rosbot_utils/share/rosbot_utils/launch/laser_filter.launch.py
/home/ale/Proyecto_CPR/rosbot_ws/install/rosbot_utils/lib/python3.10/site-packages/rosbot_utils-0.15.2-py3.10.egg-info/dependency_links.txt
/home/ale/Proyecto_CPR/rosbot_ws/install/rosbot_utils/lib/python3.10/site-packages/rosbot_utils-0.15.2-py3.10.egg-info/requires.txt
/home/ale/Proyecto_CPR/rosbot_ws/install/rosbot_utils/lib/python3.10/site-packages/rosbot_utils-0.15.2-py3.10.egg-info/entry_points.txt
/home/ale/Proyecto_CPR/rosbot_ws/install/rosbot_utils/lib/python3.10/site-packages/rosbot_utils-0.15.2-py3.10.egg-info/zip-safe
/home/ale/Proyecto_CPR/rosbot_ws/install/rosbot_utils/lib/python3.10/site-packages/rosbot_utils-0.15.2-py3.10.egg-info/PKG-INFO
/home/ale/Proyecto_CPR/rosbot_ws/install/rosbot_utils/lib/python3.10/site-packages/rosbot_utils-0.15.2-py3.10.egg-info/top_level.txt
/home/ale/Proyecto_CPR/rosbot_ws/install/rosbot_utils/lib/python3.10/site-packages/rosbot_utils-0.15.2-py3.10.egg-info/SOURCES.txt
/home/ale/Proyecto_CPR/rosbot_ws/install/rosbot_utils/lib/rosbot_utils/flash_firmware
