[0.196s] Invoking command in '/home/ale/Proyecto_CPR/rosbot_ws/build/rosbot_localization': CMAKE_PREFIX_PATH=${CMAKE_PREFIX_PATH}:/home/ale/Proyecto_CPR/rosbot_ws/install/rosbot_gazebo:/home/ale/Proyecto_CPR/rosbot_ws/install/rosbot_controller:/home/ale/Proyecto_CPR/rosbot_ws/install/rosbot_utils:/opt/ros/humble /usr/bin/cmake /home/ale/Proyecto_CPR/rosbot_ws/src/rosbot_ros/rosbot_localization -DCMAKE_BUILD_TYPE=Release -DAMENT_CMAKE_SYMLINK_INSTALL=1 -DCMAKE_INSTALL_PREFIX=/home/ale/Proyecto_CPR/rosbot_ws/install/rosbot_localization
[0.248s] -- The C compiler identification is GNU 11.4.0
[0.291s] -- The CXX compiler identification is GNU 11.4.0
[0.296s] -- Detecting C compiler ABI info
[0.346s] -- Detecting C compiler ABI info - done
[0.355s] -- Check for working C compiler: /usr/bin/cc - skipped
[0.356s] -- Detecting C compile features
[0.356s] -- Detecting C compile features - done
[0.358s] -- Detecting CXX compiler ABI info
[0.439s] -- Detecting CXX compiler ABI info - done
[0.446s] -- Check for working CXX compiler: /usr/bin/c++ - skipped
[0.447s] -- Detecting CXX compile features
[0.447s] -- Detecting CXX compile features - done
[0.449s] -- Found ament_cmake: 1.3.12 (/opt/ros/humble/share/ament_cmake/cmake)
[0.595s] -- Found Python3: /usr/bin/python3 (found version "3.10.12") found components: Interpreter 
[0.651s] -- Override CMake install command with custom implementation using symlinks instead of copying resources
[0.727s] -- Configuring done
[0.728s] -- Generating done
[0.729s] -- Build files have been written to: /home/ale/Proyecto_CPR/rosbot_ws/build/rosbot_localization
[0.733s] Invoked command in '/home/ale/Proyecto_CPR/rosbot_ws/build/rosbot_localization' returned '0': CMAKE_PREFIX_PATH=${CMAKE_PREFIX_PATH}:/home/ale/Proyecto_CPR/rosbot_ws/install/rosbot_gazebo:/home/ale/Proyecto_CPR/rosbot_ws/install/rosbot_controller:/home/ale/Proyecto_CPR/rosbot_ws/install/rosbot_utils:/opt/ros/humble /usr/bin/cmake /home/ale/Proyecto_CPR/rosbot_ws/src/rosbot_ros/rosbot_localization -DCMAKE_BUILD_TYPE=Release -DAMENT_CMAKE_SYMLINK_INSTALL=1 -DCMAKE_INSTALL_PREFIX=/home/ale/Proyecto_CPR/rosbot_ws/install/rosbot_localization
[0.734s] Invoking command in '/home/ale/Proyecto_CPR/rosbot_ws/build/rosbot_localization': CMAKE_PREFIX_PATH=${CMAKE_PREFIX_PATH}:/home/ale/Proyecto_CPR/rosbot_ws/install/rosbot_gazebo:/home/ale/Proyecto_CPR/rosbot_ws/install/rosbot_controller:/home/ale/Proyecto_CPR/rosbot_ws/install/rosbot_utils:/opt/ros/humble /usr/bin/cmake --build /home/ale/Proyecto_CPR/rosbot_ws/build/rosbot_localization -- -j16 -l16
[0.768s] Invoked command in '/home/ale/Proyecto_CPR/rosbot_ws/build/rosbot_localization' returned '0': CMAKE_PREFIX_PATH=${CMAKE_PREFIX_PATH}:/home/ale/Proyecto_CPR/rosbot_ws/install/rosbot_gazebo:/home/ale/Proyecto_CPR/rosbot_ws/install/rosbot_controller:/home/ale/Proyecto_CPR/rosbot_ws/install/rosbot_utils:/opt/ros/humble /usr/bin/cmake --build /home/ale/Proyecto_CPR/rosbot_ws/build/rosbot_localization -- -j16 -l16
[0.775s] Invoking command in '/home/ale/Proyecto_CPR/rosbot_ws/build/rosbot_localization': CMAKE_PREFIX_PATH=${CMAKE_PREFIX_PATH}:/home/ale/Proyecto_CPR/rosbot_ws/install/rosbot_gazebo:/home/ale/Proyecto_CPR/rosbot_ws/install/rosbot_controller:/home/ale/Proyecto_CPR/rosbot_ws/install/rosbot_utils:/opt/ros/humble /usr/bin/cmake --install /home/ale/Proyecto_CPR/rosbot_ws/build/rosbot_localization
[0.779s] -- Install configuration: "Release"
[0.779s] -- Execute custom install script
[0.780s] -- Symlinking: /home/ale/Proyecto_CPR/rosbot_ws/install/rosbot_localization/share/rosbot_localization/config/ekf.yaml
[0.785s] -- Symlinking: /home/ale/Proyecto_CPR/rosbot_ws/install/rosbot_localization/share/rosbot_localization/launch/ekf.launch.py
[0.792s] -- Symlinking: /home/ale/Proyecto_CPR/rosbot_ws/install/rosbot_localization/share/ament_index/resource_index/package_run_dependencies/rosbot_localization
[0.798s] -- Symlinking: /home/ale/Proyecto_CPR/rosbot_ws/install/rosbot_localization/share/ament_index/resource_index/parent_prefix_path/rosbot_localization
[0.806s] -- Symlinking: /home/ale/Proyecto_CPR/rosbot_ws/install/rosbot_localization/share/rosbot_localization/environment/ament_prefix_path.sh
[0.813s] -- Symlinking: /home/ale/Proyecto_CPR/rosbot_ws/install/rosbot_localization/share/rosbot_localization/environment/ament_prefix_path.dsv
[0.819s] -- Symlinking: /home/ale/Proyecto_CPR/rosbot_ws/install/rosbot_localization/share/rosbot_localization/environment/path.sh
[0.825s] -- Symlinking: /home/ale/Proyecto_CPR/rosbot_ws/install/rosbot_localization/share/rosbot_localization/environment/path.dsv
[0.831s] -- Symlinking: /home/ale/Proyecto_CPR/rosbot_ws/install/rosbot_localization/share/rosbot_localization/local_setup.bash
[0.837s] -- Symlinking: /home/ale/Proyecto_CPR/rosbot_ws/install/rosbot_localization/share/rosbot_localization/local_setup.sh
[0.845s] -- Symlinking: /home/ale/Proyecto_CPR/rosbot_ws/install/rosbot_localization/share/rosbot_localization/local_setup.zsh
[0.855s] -- Symlinking: /home/ale/Proyecto_CPR/rosbot_ws/install/rosbot_localization/share/rosbot_localization/local_setup.dsv
[0.863s] -- Symlinking: /home/ale/Proyecto_CPR/rosbot_ws/install/rosbot_localization/share/rosbot_localization/package.dsv
[0.869s] -- Symlinking: /home/ale/Proyecto_CPR/rosbot_ws/install/rosbot_localization/share/ament_index/resource_index/packages/rosbot_localization
[0.875s] -- Symlinking: /home/ale/Proyecto_CPR/rosbot_ws/install/rosbot_localization/share/rosbot_localization/cmake/rosbot_localizationConfig.cmake
[0.881s] -- Symlinking: /home/ale/Proyecto_CPR/rosbot_ws/install/rosbot_localization/share/rosbot_localization/cmake/rosbot_localizationConfig-version.cmake
[0.887s] -- Symlinking: /home/ale/Proyecto_CPR/rosbot_ws/install/rosbot_localization/share/rosbot_localization/package.xml
[0.894s] Invoked command in '/home/ale/Proyecto_CPR/rosbot_ws/build/rosbot_localization' returned '0': CMAKE_PREFIX_PATH=${CMAKE_PREFIX_PATH}:/home/ale/Proyecto_CPR/rosbot_ws/install/rosbot_gazebo:/home/ale/Proyecto_CPR/rosbot_ws/install/rosbot_controller:/home/ale/Proyecto_CPR/rosbot_ws/install/rosbot_utils:/opt/ros/humble /usr/bin/cmake --install /home/ale/Proyecto_CPR/rosbot_ws/build/rosbot_localization
