[1.783s] Invoking command in '/home/ale/Proyecto_CPR/rosbot_ws/src/rosbot_ros/rosbot_utils': PYTHONPATH=/home/ale/Proyecto_CPR/rosbot_ws/build/rosbot_utils/prefix_override:/usr/lib/python3/dist-packages/colcon_core/task/python/colcon_distutils_commands:/home/ale/Proyecto_CPR/rosbot_ws/install/rosbot_utils/lib/python3.10/site-packages:${PYTHONPATH} /usr/bin/python3 -W ignore:setup.py install is deprecated -W ignore:easy_install command is deprecated setup.py egg_info --egg-base ../../../build/rosbot_utils build --build-base /home/ale/Proyecto_CPR/rosbot_ws/build/rosbot_utils/build install --record /home/ale/Proyecto_CPR/rosbot_ws/build/rosbot_utils/install.log --single-version-externally-managed install_data
[2.219s] running egg_info
[2.221s] writing ../../../build/rosbot_utils/rosbot_utils.egg-info/PKG-INFO
[2.222s] writing dependency_links to ../../../build/rosbot_utils/rosbot_utils.egg-info/dependency_links.txt
[2.222s] writing entry points to ../../../build/rosbot_utils/rosbot_utils.egg-info/entry_points.txt
[2.222s] writing requirements to ../../../build/rosbot_utils/rosbot_utils.egg-info/requires.txt
[2.223s] writing top-level names to ../../../build/rosbot_utils/rosbot_utils.egg-info/top_level.txt
[2.228s] reading manifest file '../../../build/rosbot_utils/rosbot_utils.egg-info/SOURCES.txt'
[2.230s] writing manifest file '../../../build/rosbot_utils/rosbot_utils.egg-info/SOURCES.txt'
[2.230s] running build
[2.230s] running build_py
[2.230s] running install
[2.231s] running install_lib
[2.235s] running install_data
[2.236s] running install_egg_info
[2.241s] removing '/home/ale/Proyecto_CPR/rosbot_ws/install/rosbot_utils/lib/python3.10/site-packages/rosbot_utils-0.15.2-py3.10.egg-info' (and everything under it)
[2.241s] Copying ../../../build/rosbot_utils/rosbot_utils.egg-info to /home/ale/Proyecto_CPR/rosbot_ws/install/rosbot_utils/lib/python3.10/site-packages/rosbot_utils-0.15.2-py3.10.egg-info
[2.243s] running install_scripts
[2.282s] Installing flash_firmware script to /home/ale/Proyecto_CPR/rosbot_ws/install/rosbot_utils/lib/rosbot_utils
[2.283s] writing list of installed files to '/home/ale/Proyecto_CPR/rosbot_ws/build/rosbot_utils/install.log'
[2.360s] Invoked command in '/home/ale/Proyecto_CPR/rosbot_ws/src/rosbot_ros/rosbot_utils' returned '0': PYTHONPATH=/home/ale/Proyecto_CPR/rosbot_ws/build/rosbot_utils/prefix_override:/usr/lib/python3/dist-packages/colcon_core/task/python/colcon_distutils_commands:/home/ale/Proyecto_CPR/rosbot_ws/install/rosbot_utils/lib/python3.10/site-packages:${PYTHONPATH} /usr/bin/python3 -W ignore:setup.py install is deprecated -W ignore:easy_install command is deprecated setup.py egg_info --egg-base ../../../build/rosbot_utils build --build-base /home/ale/Proyecto_CPR/rosbot_ws/build/rosbot_utils/build install --record /home/ale/Proyecto_CPR/rosbot_ws/build/rosbot_utils/install.log --single-version-externally-managed install_data
