-- Found ament_cmake: 1.3.12 (/opt/ros/humble/share/ament_cmake/cmake)
-- Override CMake install command with custom implementation using symlinks instead of copying resources
-- Found moveit_core: 2.5.9 (/opt/ros/humble/share/moveit_core/cmake)
-- Found Boost: /usr/lib/x86_64-linux-gnu/cmake/Boost-1.74.0/BoostConfig.cmake (found version "1.74.0") found components: chrono date_time filesystem iostreams program_options regex serialization system thread 
-- Found parameter_traits: 0.5.0 (/opt/ros/humble/share/parameter_traits/cmake)
-- Found rosidl_generator_c: 3.1.7 (/opt/ros/humble/share/rosidl_generator_c/cmake)
-- Found rosidl_adapter: 3.1.7 (/opt/ros/humble/share/rosidl_adapter/cmake)
-- Found rosidl_generator_cpp: 3.1.7 (/opt/ros/humble/share/rosidl_generator_cpp/cmake)
-- Using all available rosidl_typesupport_c: rosidl_typesupport_fastrtps_c;rosidl_typesupport_introspection_c
-- Using all available rosidl_typesupport_cpp: rosidl_typesupport_fastrtps_cpp;rosidl_typesupport_introspection_cpp
-- Found rmw_implementation_cmake: 6.1.2 (/opt/ros/humble/share/rmw_implementation_cmake/cmake)
-- Found rmw_fastrtps_cpp: 6.2.9 (/opt/ros/humble/share/rmw_fastrtps_cpp/cmake)
-- Using RMW implementation 'rmw_fastrtps_cpp' as default
-- Found rclcpp_lifecycle: 16.0.15 (/opt/ros/humble/share/rclcpp_lifecycle/cmake)
-- Found Boost: /usr/lib/x86_64-linux-gnu/cmake/Boost-1.74.0/BoostConfig.cmake (found version "1.74.0") found components: filesystem 
-- library: /usr/lib/x86_64-linux-gnu/libcurl.so
-- Ensuring Eigen3 include directory is part of orocos-kdl CMake target
-- Found moveit_ros_planning: 2.5.9 (/opt/ros/humble/share/moveit_ros_planning/cmake)
-- Found Boost: /usr/lib/x86_64-linux-gnu/cmake/Boost-1.74.0/BoostConfig.cmake (found version "1.74.0") found components: system filesystem date_time program_options thread chrono 
-- Found moveit_ros_planning_interface: 2.5.9 (/opt/ros/humble/share/moveit_ros_planning_interface/cmake)
-- Found Boost: /usr/lib/x86_64-linux-gnu/cmake/Boost-1.74.0/BoostConfig.cmake (found version "1.74.0") found components: date_time filesystem program_options system thread 
-- Found Boost: /usr/lib/x86_64-linux-gnu/cmake/Boost-1.74.0/BoostConfig.cmake (found version "1.74.0") found components: thread system filesystem regex date_time program_options 
-- Found Boost: /usr/lib/x86_64-linux-gnu/cmake/Boost-1.74.0/BoostConfig.cmake (found version "1.74.0") found components: system filesystem date_time program_options thread 
-- Configuring done
-- Generating done
-- Build files have been written to: /home/ale/Proyecto_CPR/rosbot_ws/build/open_manipulator_x_moveit
[35m[1mConsolidate compiler generated dependencies of target home[0m
[35m[1mConsolidate compiler generated dependencies of target dock[0m
[ 50%] Built target home
[100%] Built target dock
-- Install configuration: "Release"
-- Execute custom install script
-- Up-to-date symlink: /home/ale/Proyecto_CPR/rosbot_ws/install/open_manipulator_x_moveit/lib/open_manipulator_x_moveit/dock
-- Up-to-date symlink: /home/ale/Proyecto_CPR/rosbot_ws/install/open_manipulator_x_moveit/lib/open_manipulator_x_moveit/home
-- Up-to-date symlink: /home/ale/Proyecto_CPR/rosbot_ws/install/open_manipulator_x_moveit/share/open_manipulator_x_moveit/config/joint_limits.yaml
-- Up-to-date symlink: /home/ale/Proyecto_CPR/rosbot_ws/install/open_manipulator_x_moveit/share/open_manipulator_x_moveit/config/kinematics.yaml
-- Up-to-date symlink: /home/ale/Proyecto_CPR/rosbot_ws/install/open_manipulator_x_moveit/share/open_manipulator_x_moveit/config/moveit.rviz
-- Up-to-date symlink: /home/ale/Proyecto_CPR/rosbot_ws/install/open_manipulator_x_moveit/share/open_manipulator_x_moveit/config/moveit_controllers.yaml
-- Up-to-date symlink: /home/ale/Proyecto_CPR/rosbot_ws/install/open_manipulator_x_moveit/share/open_manipulator_x_moveit/config/ompl_planning.yaml
-- Up-to-date symlink: /home/ale/Proyecto_CPR/rosbot_ws/install/open_manipulator_x_moveit/share/open_manipulator_x_moveit/config/pilz_cartesian_limits.yaml
-- Up-to-date symlink: /home/ale/Proyecto_CPR/rosbot_ws/install/open_manipulator_x_moveit/share/open_manipulator_x_moveit/config/rosbot_xl.srdf
-- Up-to-date symlink: /home/ale/Proyecto_CPR/rosbot_ws/install/open_manipulator_x_moveit/share/open_manipulator_x_moveit/launch/move_group.launch.py
-- Up-to-date symlink: /home/ale/Proyecto_CPR/rosbot_ws/install/open_manipulator_x_moveit/share/open_manipulator_x_moveit/launch/rviz.launch.py
-- Up-to-date symlink: /home/ale/Proyecto_CPR/rosbot_ws/install/open_manipulator_x_moveit/share/open_manipulator_x_moveit/launch/servo.launch.py
-- Up-to-date symlink: /home/ale/Proyecto_CPR/rosbot_ws/install/open_manipulator_x_moveit/share/open_manipulator_x_moveit/launch/setup_assistant.launch.py
-- Up-to-date symlink: /home/ale/Proyecto_CPR/rosbot_ws/install/open_manipulator_x_moveit/share/open_manipulator_x_moveit/.setup_assistant
-- Up-to-date symlink: /home/ale/Proyecto_CPR/rosbot_ws/install/open_manipulator_x_moveit/share/ament_index/resource_index/package_run_dependencies/open_manipulator_x_moveit
-- Up-to-date symlink: /home/ale/Proyecto_CPR/rosbot_ws/install/open_manipulator_x_moveit/share/ament_index/resource_index/parent_prefix_path/open_manipulator_x_moveit
-- Up-to-date symlink: /home/ale/Proyecto_CPR/rosbot_ws/install/open_manipulator_x_moveit/share/open_manipulator_x_moveit/environment/ament_prefix_path.sh
-- Up-to-date symlink: /home/ale/Proyecto_CPR/rosbot_ws/install/open_manipulator_x_moveit/share/open_manipulator_x_moveit/environment/ament_prefix_path.dsv
-- Up-to-date symlink: /home/ale/Proyecto_CPR/rosbot_ws/install/open_manipulator_x_moveit/share/open_manipulator_x_moveit/environment/path.sh
-- Up-to-date symlink: /home/ale/Proyecto_CPR/rosbot_ws/install/open_manipulator_x_moveit/share/open_manipulator_x_moveit/environment/path.dsv
-- Up-to-date symlink: /home/ale/Proyecto_CPR/rosbot_ws/install/open_manipulator_x_moveit/share/open_manipulator_x_moveit/local_setup.bash
-- Up-to-date symlink: /home/ale/Proyecto_CPR/rosbot_ws/install/open_manipulator_x_moveit/share/open_manipulator_x_moveit/local_setup.sh
-- Up-to-date symlink: /home/ale/Proyecto_CPR/rosbot_ws/install/open_manipulator_x_moveit/share/open_manipulator_x_moveit/local_setup.zsh
-- Up-to-date symlink: /home/ale/Proyecto_CPR/rosbot_ws/install/open_manipulator_x_moveit/share/open_manipulator_x_moveit/local_setup.dsv
-- Symlinking: /home/ale/Proyecto_CPR/rosbot_ws/install/open_manipulator_x_moveit/share/open_manipulator_x_moveit/package.dsv
-- Up-to-date symlink: /home/ale/Proyecto_CPR/rosbot_ws/install/open_manipulator_x_moveit/share/ament_index/resource_index/packages/open_manipulator_x_moveit
-- Up-to-date symlink: /home/ale/Proyecto_CPR/rosbot_ws/install/open_manipulator_x_moveit/share/open_manipulator_x_moveit/cmake/open_manipulator_x_moveitConfig.cmake
-- Up-to-date symlink: /home/ale/Proyecto_CPR/rosbot_ws/install/open_manipulator_x_moveit/share/open_manipulator_x_moveit/cmake/open_manipulator_x_moveitConfig-version.cmake
-- Up-to-date symlink: /home/ale/Proyecto_CPR/rosbot_ws/install/open_manipulator_x_moveit/share/open_manipulator_x_moveit/package.xml
