[0.011s] Invoking command in '/home/ale/Proyecto_CPR/rosbot_ws/build/open_manipulator_x_moveit': CMAKE_PREFIX_PATH=/home/ale/Proyecto_CPR/rosbot_ws/install/rosbot_description:/home/ale/Proyecto_CPR/rosbot_ws/install/open_manipulator_x_description:/home/ale/Proyecto_CPR/rosbot_ws/install/open_manipulator_x_joy:/home/ale/Proyecto_CPR/rosbot_ws/install/husarion_components_description:/home/ale/Proyecto_CPR/rosbot_ws/install/dynamixel_hardware_interface:/home/ale/Proyecto_CPR/rosbot_ws/install/rosbot_localization:/home/ale/Proyecto_CPR/rosbot_ws/install/open_manipulator_x_moveit:/home/ale/Proyecto_CPR/rosbot_ws/install/rosbot:/home/ale/Proyecto_CPR/rosbot_ws/install/mecanum_drive_controller:/home/ale/Proyecto_CPR/rosbot_ws/install/husarion_gz_worlds:/home/ale/Proyecto_CPR/rosbot_ws/install/controldesc_pkg:/home/ale/Proyecto_CPR/rosbot_ws/install/rosbot_gazebo:/home/ale/Proyecto_CPR/rosbot_ws/install/rosbot_controller:/home/ale/Proyecto_CPR/rosbot_ws/install/rosbot_utils:/opt/ros/humble LD_LIBRARY_PATH=/home/ale/Proyecto_CPR/rosbot_ws/install/dynamixel_hardware_interface/lib:/home/ale/Proyecto_CPR/rosbot_ws/install/mecanum_drive_controller/lib:/usr/lib/x86_64-linux-gnu/gazebo-11/plugins:/opt/ros/humble/opt/rviz_ogre_vendor/lib:/opt/ros/humble/lib/x86_64-linux-gnu:/opt/ros/humble/opt/libphidget22/lib:/opt/ros/humble/lib:/usr/lib/x86_64-linux-gnu/gazebo-11/plugins /usr/bin/cmake /home/ale/Proyecto_CPR/rosbot_ws/src/open_manipulator_x/open_manipulator_x_moveit -DCMAKE_INSTALL_PREFIX=/home/ale/Proyecto_CPR/rosbot_ws/install/open_manipulator_x_moveit
[0.019s] -- Found ament_cmake: 1.3.12 (/opt/ros/humble/share/ament_cmake/cmake)
[0.103s] -- Override CMake install command with custom implementation using symlinks instead of copying resources
[0.107s] -- Found moveit_core: 2.5.9 (/opt/ros/humble/share/moveit_core/cmake)
[0.117s] -- Found Boost: /usr/lib/x86_64-linux-gnu/cmake/Boost-1.74.0/BoostConfig.cmake (found version "1.74.0") found components: chrono date_time filesystem iostreams program_options regex serialization system thread 
[0.141s] -- Found parameter_traits: 0.5.0 (/opt/ros/humble/share/parameter_traits/cmake)
[0.155s] -- Found rosidl_generator_c: 3.1.7 (/opt/ros/humble/share/rosidl_generator_c/cmake)
[0.157s] -- Found rosidl_adapter: 3.1.7 (/opt/ros/humble/share/rosidl_adapter/cmake)
[0.160s] -- Found rosidl_generator_cpp: 3.1.7 (/opt/ros/humble/share/rosidl_generator_cpp/cmake)
[0.166s] -- Using all available rosidl_typesupport_c: rosidl_typesupport_fastrtps_c;rosidl_typesupport_introspection_c
[0.174s] -- Using all available rosidl_typesupport_cpp: rosidl_typesupport_fastrtps_cpp;rosidl_typesupport_introspection_cpp
[0.195s] -- Found rmw_implementation_cmake: 6.1.2 (/opt/ros/humble/share/rmw_implementation_cmake/cmake)
[0.196s] -- Found rmw_fastrtps_cpp: 6.2.9 (/opt/ros/humble/share/rmw_fastrtps_cpp/cmake)
[0.268s] -- Using RMW implementation 'rmw_fastrtps_cpp' as default
[0.303s] -- Found rclcpp_lifecycle: 16.0.15 (/opt/ros/humble/share/rclcpp_lifecycle/cmake)
[0.317s] -- Found Boost: /usr/lib/x86_64-linux-gnu/cmake/Boost-1.74.0/BoostConfig.cmake (found version "1.74.0") found components: filesystem 
[0.347s] -- library: /usr/lib/x86_64-linux-gnu/libcurl.so
[0.382s] -- Ensuring Eigen3 include directory is part of orocos-kdl CMake target
[0.516s] -- Found moveit_ros_planning: 2.5.9 (/opt/ros/humble/share/moveit_ros_planning/cmake)
[0.520s] -- Found Boost: /usr/lib/x86_64-linux-gnu/cmake/Boost-1.74.0/BoostConfig.cmake (found version "1.74.0") found components: system filesystem date_time program_options thread chrono 
[0.534s] -- Found moveit_ros_planning_interface: 2.5.9 (/opt/ros/humble/share/moveit_ros_planning_interface/cmake)
[0.538s] -- Found Boost: /usr/lib/x86_64-linux-gnu/cmake/Boost-1.74.0/BoostConfig.cmake (found version "1.74.0") found components: date_time filesystem program_options system thread 
[0.547s] -- Found Boost: /usr/lib/x86_64-linux-gnu/cmake/Boost-1.74.0/BoostConfig.cmake (found version "1.74.0") found components: thread system filesystem regex date_time program_options 
[0.560s] -- Found Boost: /usr/lib/x86_64-linux-gnu/cmake/Boost-1.74.0/BoostConfig.cmake (found version "1.74.0") found components: system filesystem date_time program_options thread 
[0.627s] -- Configuring done
[0.648s] -- Generating done
[0.655s] -- Build files have been written to: /home/ale/Proyecto_CPR/rosbot_ws/build/open_manipulator_x_moveit
[0.663s] Invoked command in '/home/ale/Proyecto_CPR/rosbot_ws/build/open_manipulator_x_moveit' returned '0': CMAKE_PREFIX_PATH=/home/ale/Proyecto_CPR/rosbot_ws/install/rosbot_description:/home/ale/Proyecto_CPR/rosbot_ws/install/open_manipulator_x_description:/home/ale/Proyecto_CPR/rosbot_ws/install/open_manipulator_x_joy:/home/ale/Proyecto_CPR/rosbot_ws/install/husarion_components_description:/home/ale/Proyecto_CPR/rosbot_ws/install/dynamixel_hardware_interface:/home/ale/Proyecto_CPR/rosbot_ws/install/rosbot_localization:/home/ale/Proyecto_CPR/rosbot_ws/install/open_manipulator_x_moveit:/home/ale/Proyecto_CPR/rosbot_ws/install/rosbot:/home/ale/Proyecto_CPR/rosbot_ws/install/mecanum_drive_controller:/home/ale/Proyecto_CPR/rosbot_ws/install/husarion_gz_worlds:/home/ale/Proyecto_CPR/rosbot_ws/install/controldesc_pkg:/home/ale/Proyecto_CPR/rosbot_ws/install/rosbot_gazebo:/home/ale/Proyecto_CPR/rosbot_ws/install/rosbot_controller:/home/ale/Proyecto_CPR/rosbot_ws/install/rosbot_utils:/opt/ros/humble LD_LIBRARY_PATH=/home/ale/Proyecto_CPR/rosbot_ws/install/dynamixel_hardware_interface/lib:/home/ale/Proyecto_CPR/rosbot_ws/install/mecanum_drive_controller/lib:/usr/lib/x86_64-linux-gnu/gazebo-11/plugins:/opt/ros/humble/opt/rviz_ogre_vendor/lib:/opt/ros/humble/lib/x86_64-linux-gnu:/opt/ros/humble/opt/libphidget22/lib:/opt/ros/humble/lib:/usr/lib/x86_64-linux-gnu/gazebo-11/plugins /usr/bin/cmake /home/ale/Proyecto_CPR/rosbot_ws/src/open_manipulator_x/open_manipulator_x_moveit -DCMAKE_INSTALL_PREFIX=/home/ale/Proyecto_CPR/rosbot_ws/install/open_manipulator_x_moveit
[0.664s] Invoking command in '/home/ale/Proyecto_CPR/rosbot_ws/build/open_manipulator_x_moveit': CMAKE_PREFIX_PATH=/home/ale/Proyecto_CPR/rosbot_ws/install/rosbot_description:/home/ale/Proyecto_CPR/rosbot_ws/install/open_manipulator_x_description:/home/ale/Proyecto_CPR/rosbot_ws/install/open_manipulator_x_joy:/home/ale/Proyecto_CPR/rosbot_ws/install/husarion_components_description:/home/ale/Proyecto_CPR/rosbot_ws/install/dynamixel_hardware_interface:/home/ale/Proyecto_CPR/rosbot_ws/install/rosbot_localization:/home/ale/Proyecto_CPR/rosbot_ws/install/open_manipulator_x_moveit:/home/ale/Proyecto_CPR/rosbot_ws/install/rosbot:/home/ale/Proyecto_CPR/rosbot_ws/install/mecanum_drive_controller:/home/ale/Proyecto_CPR/rosbot_ws/install/husarion_gz_worlds:/home/ale/Proyecto_CPR/rosbot_ws/install/controldesc_pkg:/home/ale/Proyecto_CPR/rosbot_ws/install/rosbot_gazebo:/home/ale/Proyecto_CPR/rosbot_ws/install/rosbot_controller:/home/ale/Proyecto_CPR/rosbot_ws/install/rosbot_utils:/opt/ros/humble LD_LIBRARY_PATH=/home/ale/Proyecto_CPR/rosbot_ws/install/dynamixel_hardware_interface/lib:/home/ale/Proyecto_CPR/rosbot_ws/install/mecanum_drive_controller/lib:/usr/lib/x86_64-linux-gnu/gazebo-11/plugins:/opt/ros/humble/opt/rviz_ogre_vendor/lib:/opt/ros/humble/lib/x86_64-linux-gnu:/opt/ros/humble/opt/libphidget22/lib:/opt/ros/humble/lib:/usr/lib/x86_64-linux-gnu/gazebo-11/plugins /usr/bin/cmake --build /home/ale/Proyecto_CPR/rosbot_ws/build/open_manipulator_x_moveit -- -j16 -l16
[0.698s] [35m[1mConsolidate compiler generated dependencies of target home[0m
[0.699s] [35m[1mConsolidate compiler generated dependencies of target dock[0m
[0.713s] [ 50%] Built target home
[0.718s] [100%] Built target dock
[0.726s] Invoked command in '/home/ale/Proyecto_CPR/rosbot_ws/build/open_manipulator_x_moveit' returned '0': CMAKE_PREFIX_PATH=/home/ale/Proyecto_CPR/rosbot_ws/install/rosbot_description:/home/ale/Proyecto_CPR/rosbot_ws/install/open_manipulator_x_description:/home/ale/Proyecto_CPR/rosbot_ws/install/open_manipulator_x_joy:/home/ale/Proyecto_CPR/rosbot_ws/install/husarion_components_description:/home/ale/Proyecto_CPR/rosbot_ws/install/dynamixel_hardware_interface:/home/ale/Proyecto_CPR/rosbot_ws/install/rosbot_localization:/home/ale/Proyecto_CPR/rosbot_ws/install/open_manipulator_x_moveit:/home/ale/Proyecto_CPR/rosbot_ws/install/rosbot:/home/ale/Proyecto_CPR/rosbot_ws/install/mecanum_drive_controller:/home/ale/Proyecto_CPR/rosbot_ws/install/husarion_gz_worlds:/home/ale/Proyecto_CPR/rosbot_ws/install/controldesc_pkg:/home/ale/Proyecto_CPR/rosbot_ws/install/rosbot_gazebo:/home/ale/Proyecto_CPR/rosbot_ws/install/rosbot_controller:/home/ale/Proyecto_CPR/rosbot_ws/install/rosbot_utils:/opt/ros/humble LD_LIBRARY_PATH=/home/ale/Proyecto_CPR/rosbot_ws/install/dynamixel_hardware_interface/lib:/home/ale/Proyecto_CPR/rosbot_ws/install/mecanum_drive_controller/lib:/usr/lib/x86_64-linux-gnu/gazebo-11/plugins:/opt/ros/humble/opt/rviz_ogre_vendor/lib:/opt/ros/humble/lib/x86_64-linux-gnu:/opt/ros/humble/opt/libphidget22/lib:/opt/ros/humble/lib:/usr/lib/x86_64-linux-gnu/gazebo-11/plugins /usr/bin/cmake --build /home/ale/Proyecto_CPR/rosbot_ws/build/open_manipulator_x_moveit -- -j16 -l16
[0.727s] Invoking command in '/home/ale/Proyecto_CPR/rosbot_ws/build/open_manipulator_x_moveit': CMAKE_PREFIX_PATH=/home/ale/Proyecto_CPR/rosbot_ws/install/rosbot_description:/home/ale/Proyecto_CPR/rosbot_ws/install/open_manipulator_x_description:/home/ale/Proyecto_CPR/rosbot_ws/install/open_manipulator_x_joy:/home/ale/Proyecto_CPR/rosbot_ws/install/husarion_components_description:/home/ale/Proyecto_CPR/rosbot_ws/install/dynamixel_hardware_interface:/home/ale/Proyecto_CPR/rosbot_ws/install/rosbot_localization:/home/ale/Proyecto_CPR/rosbot_ws/install/open_manipulator_x_moveit:/home/ale/Proyecto_CPR/rosbot_ws/install/rosbot:/home/ale/Proyecto_CPR/rosbot_ws/install/mecanum_drive_controller:/home/ale/Proyecto_CPR/rosbot_ws/install/husarion_gz_worlds:/home/ale/Proyecto_CPR/rosbot_ws/install/controldesc_pkg:/home/ale/Proyecto_CPR/rosbot_ws/install/rosbot_gazebo:/home/ale/Proyecto_CPR/rosbot_ws/install/rosbot_controller:/home/ale/Proyecto_CPR/rosbot_ws/install/rosbot_utils:/opt/ros/humble LD_LIBRARY_PATH=/home/ale/Proyecto_CPR/rosbot_ws/install/dynamixel_hardware_interface/lib:/home/ale/Proyecto_CPR/rosbot_ws/install/mecanum_drive_controller/lib:/usr/lib/x86_64-linux-gnu/gazebo-11/plugins:/opt/ros/humble/opt/rviz_ogre_vendor/lib:/opt/ros/humble/lib/x86_64-linux-gnu:/opt/ros/humble/opt/libphidget22/lib:/opt/ros/humble/lib:/usr/lib/x86_64-linux-gnu/gazebo-11/plugins /usr/bin/cmake --install /home/ale/Proyecto_CPR/rosbot_ws/build/open_manipulator_x_moveit
[0.732s] -- Install configuration: "Release"
[0.732s] -- Execute custom install script
[0.733s] -- Up-to-date symlink: /home/ale/Proyecto_CPR/rosbot_ws/install/open_manipulator_x_moveit/lib/open_manipulator_x_moveit/dock
[0.733s] -- Up-to-date symlink: /home/ale/Proyecto_CPR/rosbot_ws/install/open_manipulator_x_moveit/lib/open_manipulator_x_moveit/home
[0.733s] -- Up-to-date symlink: /home/ale/Proyecto_CPR/rosbot_ws/install/open_manipulator_x_moveit/share/open_manipulator_x_moveit/config/joint_limits.yaml
[0.733s] -- Up-to-date symlink: /home/ale/Proyecto_CPR/rosbot_ws/install/open_manipulator_x_moveit/share/open_manipulator_x_moveit/config/kinematics.yaml
[0.733s] -- Up-to-date symlink: /home/ale/Proyecto_CPR/rosbot_ws/install/open_manipulator_x_moveit/share/open_manipulator_x_moveit/config/moveit.rviz
[0.733s] -- Up-to-date symlink: /home/ale/Proyecto_CPR/rosbot_ws/install/open_manipulator_x_moveit/share/open_manipulator_x_moveit/config/moveit_controllers.yaml
[0.733s] -- Up-to-date symlink: /home/ale/Proyecto_CPR/rosbot_ws/install/open_manipulator_x_moveit/share/open_manipulator_x_moveit/config/ompl_planning.yaml
[0.733s] -- Up-to-date symlink: /home/ale/Proyecto_CPR/rosbot_ws/install/open_manipulator_x_moveit/share/open_manipulator_x_moveit/config/pilz_cartesian_limits.yaml
[0.733s] -- Up-to-date symlink: /home/ale/Proyecto_CPR/rosbot_ws/install/open_manipulator_x_moveit/share/open_manipulator_x_moveit/config/rosbot_xl.srdf
[0.733s] -- Up-to-date symlink: /home/ale/Proyecto_CPR/rosbot_ws/install/open_manipulator_x_moveit/share/open_manipulator_x_moveit/launch/move_group.launch.py
[0.733s] -- Up-to-date symlink: /home/ale/Proyecto_CPR/rosbot_ws/install/open_manipulator_x_moveit/share/open_manipulator_x_moveit/launch/rviz.launch.py
[0.733s] -- Up-to-date symlink: /home/ale/Proyecto_CPR/rosbot_ws/install/open_manipulator_x_moveit/share/open_manipulator_x_moveit/launch/servo.launch.py
[0.733s] -- Up-to-date symlink: /home/ale/Proyecto_CPR/rosbot_ws/install/open_manipulator_x_moveit/share/open_manipulator_x_moveit/launch/setup_assistant.launch.py
[0.733s] -- Up-to-date symlink: /home/ale/Proyecto_CPR/rosbot_ws/install/open_manipulator_x_moveit/share/open_manipulator_x_moveit/.setup_assistant
[0.733s] -- Up-to-date symlink: /home/ale/Proyecto_CPR/rosbot_ws/install/open_manipulator_x_moveit/share/ament_index/resource_index/package_run_dependencies/open_manipulator_x_moveit
[0.734s] -- Up-to-date symlink: /home/ale/Proyecto_CPR/rosbot_ws/install/open_manipulator_x_moveit/share/ament_index/resource_index/parent_prefix_path/open_manipulator_x_moveit
[0.734s] -- Up-to-date symlink: /home/ale/Proyecto_CPR/rosbot_ws/install/open_manipulator_x_moveit/share/open_manipulator_x_moveit/environment/ament_prefix_path.sh
[0.734s] -- Up-to-date symlink: /home/ale/Proyecto_CPR/rosbot_ws/install/open_manipulator_x_moveit/share/open_manipulator_x_moveit/environment/ament_prefix_path.dsv
[0.734s] -- Up-to-date symlink: /home/ale/Proyecto_CPR/rosbot_ws/install/open_manipulator_x_moveit/share/open_manipulator_x_moveit/environment/path.sh
[0.734s] -- Up-to-date symlink: /home/ale/Proyecto_CPR/rosbot_ws/install/open_manipulator_x_moveit/share/open_manipulator_x_moveit/environment/path.dsv
[0.734s] -- Up-to-date symlink: /home/ale/Proyecto_CPR/rosbot_ws/install/open_manipulator_x_moveit/share/open_manipulator_x_moveit/local_setup.bash
[0.734s] -- Up-to-date symlink: /home/ale/Proyecto_CPR/rosbot_ws/install/open_manipulator_x_moveit/share/open_manipulator_x_moveit/local_setup.sh
[0.734s] -- Up-to-date symlink: /home/ale/Proyecto_CPR/rosbot_ws/install/open_manipulator_x_moveit/share/open_manipulator_x_moveit/local_setup.zsh
[0.734s] -- Up-to-date symlink: /home/ale/Proyecto_CPR/rosbot_ws/install/open_manipulator_x_moveit/share/open_manipulator_x_moveit/local_setup.dsv
[0.734s] -- Symlinking: /home/ale/Proyecto_CPR/rosbot_ws/install/open_manipulator_x_moveit/share/open_manipulator_x_moveit/package.dsv
[0.741s] -- Up-to-date symlink: /home/ale/Proyecto_CPR/rosbot_ws/install/open_manipulator_x_moveit/share/ament_index/resource_index/packages/open_manipulator_x_moveit
[0.741s] -- Up-to-date symlink: /home/ale/Proyecto_CPR/rosbot_ws/install/open_manipulator_x_moveit/share/open_manipulator_x_moveit/cmake/open_manipulator_x_moveitConfig.cmake
[0.741s] -- Up-to-date symlink: /home/ale/Proyecto_CPR/rosbot_ws/install/open_manipulator_x_moveit/share/open_manipulator_x_moveit/cmake/open_manipulator_x_moveitConfig-version.cmake
[0.741s] -- Up-to-date symlink: /home/ale/Proyecto_CPR/rosbot_ws/install/open_manipulator_x_moveit/share/open_manipulator_x_moveit/package.xml
[0.743s] Invoked command in '/home/ale/Proyecto_CPR/rosbot_ws/build/open_manipulator_x_moveit' returned '0': CMAKE_PREFIX_PATH=/home/ale/Proyecto_CPR/rosbot_ws/install/rosbot_description:/home/ale/Proyecto_CPR/rosbot_ws/install/open_manipulator_x_description:/home/ale/Proyecto_CPR/rosbot_ws/install/open_manipulator_x_joy:/home/ale/Proyecto_CPR/rosbot_ws/install/husarion_components_description:/home/ale/Proyecto_CPR/rosbot_ws/install/dynamixel_hardware_interface:/home/ale/Proyecto_CPR/rosbot_ws/install/rosbot_localization:/home/ale/Proyecto_CPR/rosbot_ws/install/open_manipulator_x_moveit:/home/ale/Proyecto_CPR/rosbot_ws/install/rosbot:/home/ale/Proyecto_CPR/rosbot_ws/install/mecanum_drive_controller:/home/ale/Proyecto_CPR/rosbot_ws/install/husarion_gz_worlds:/home/ale/Proyecto_CPR/rosbot_ws/install/controldesc_pkg:/home/ale/Proyecto_CPR/rosbot_ws/install/rosbot_gazebo:/home/ale/Proyecto_CPR/rosbot_ws/install/rosbot_controller:/home/ale/Proyecto_CPR/rosbot_ws/install/rosbot_utils:/opt/ros/humble LD_LIBRARY_PATH=/home/ale/Proyecto_CPR/rosbot_ws/install/dynamixel_hardware_interface/lib:/home/ale/Proyecto_CPR/rosbot_ws/install/mecanum_drive_controller/lib:/usr/lib/x86_64-linux-gnu/gazebo-11/plugins:/opt/ros/humble/opt/rviz_ogre_vendor/lib:/opt/ros/humble/lib/x86_64-linux-gnu:/opt/ros/humble/opt/libphidget22/lib:/opt/ros/humble/lib:/usr/lib/x86_64-linux-gnu/gazebo-11/plugins /usr/bin/cmake --install /home/ale/Proyecto_CPR/rosbot_ws/build/open_manipulator_x_moveit
